Archive member included to satisfy reference by file (symbol)

../tecnica2_bsp//newlib/nios2-elf/lib\libm.a(lib_a-w_sqrt.o)
                              obj/default/backpropagation_best2019_superdef_ver2_alumnos-1.o (sqrt)
../tecnica2_bsp//newlib/nios2-elf/lib\libm.a(lib_a-e_sqrt.o)
                              ../tecnica2_bsp//newlib/nios2-elf/lib\libm.a(lib_a-w_sqrt.o) (__ieee754_sqrt)
../tecnica2_bsp//newlib/nios2-elf/lib\libm.a(lib_a-s_fpclassify.o)
                              ../tecnica2_bsp//newlib/nios2-elf/lib\libm.a(lib_a-w_sqrt.o) (__fpclassifyd)
../tecnica2_bsp//newlib/nios2-elf/lib\libm.a(lib_a-s_lib_ver.o)
                              ../tecnica2_bsp//newlib/nios2-elf/lib\libm.a(lib_a-w_sqrt.o) (__fdlib_version)
../tecnica2_bsp//newlib/nios2-elf/lib\libm.a(lib_a-s_matherr.o)
                              ../tecnica2_bsp//newlib/nios2-elf/lib\libm.a(lib_a-w_sqrt.o) (matherr)
c:/intelfpga/17.1/nios2eds/bin/gnu/h-x86_64-mingw32/bin/../lib/gcc/nios2-elf/5.3.0\libgcc.a(adddf3.o)
                              ../tecnica2_bsp//newlib/nios2-elf/lib\libm.a(lib_a-e_sqrt.o) (__adddf3)
c:/intelfpga/17.1/nios2eds/bin/gnu/h-x86_64-mingw32/bin/../lib/gcc/nios2-elf/5.3.0\libgcc.a(divdf3.o)
                              obj/default/backpropagation_best2019_superdef_ver2_alumnos-1.o (__divdf3)
c:/intelfpga/17.1/nios2eds/bin/gnu/h-x86_64-mingw32/bin/../lib/gcc/nios2-elf/5.3.0\libgcc.a(eqdf2.o)
                              ../tecnica2_bsp//newlib/nios2-elf/lib\libm.a(lib_a-s_matherr.o) (__eqdf2)
c:/intelfpga/17.1/nios2eds/bin/gnu/h-x86_64-mingw32/bin/../lib/gcc/nios2-elf/5.3.0\libgcc.a(gedf2.o)
                              ../tecnica2_bsp//newlib/nios2-elf/lib\libm.a(lib_a-e_sqrt.o) (__gedf2)
c:/intelfpga/17.1/nios2eds/bin/gnu/h-x86_64-mingw32/bin/../lib/gcc/nios2-elf/5.3.0\libgcc.a(ledf2.o)
                              ../tecnica2_bsp//newlib/nios2-elf/lib\libm.a(lib_a-w_sqrt.o) (__ltdf2)
c:/intelfpga/17.1/nios2eds/bin/gnu/h-x86_64-mingw32/bin/../lib/gcc/nios2-elf/5.3.0\libgcc.a(muldf3.o)
                              ../tecnica2_bsp//newlib/nios2-elf/lib\libm.a(lib_a-e_sqrt.o) (__muldf3)
c:/intelfpga/17.1/nios2eds/bin/gnu/h-x86_64-mingw32/bin/../lib/gcc/nios2-elf/5.3.0\libgcc.a(subdf3.o)
                              obj/default/backpropagation_best2019_superdef_ver2_alumnos-1.o (__subdf3)
c:/intelfpga/17.1/nios2eds/bin/gnu/h-x86_64-mingw32/bin/../lib/gcc/nios2-elf/5.3.0\libgcc.a(extendsfdf2.o)
                              obj/default/backpropagation_best2019_superdef_ver2_alumnos-1.o (__extendsfdf2)
c:/intelfpga/17.1/nios2eds/bin/gnu/h-x86_64-mingw32/bin/../lib/gcc/nios2-elf/5.3.0\libgcc.a(truncdfsf2.o)
                              obj/default/backpropagation_best2019_superdef_ver2_alumnos-1.o (__truncdfsf2)
c:/intelfpga/17.1/nios2eds/bin/gnu/h-x86_64-mingw32/bin/../lib/gcc/nios2-elf/5.3.0\libgcc.a(_clzsi2.o)
                              c:/intelfpga/17.1/nios2eds/bin/gnu/h-x86_64-mingw32/bin/../lib/gcc/nios2-elf/5.3.0\libgcc.a(adddf3.o) (__clzsi2)
c:/intelfpga/17.1/nios2eds/bin/gnu/h-x86_64-mingw32/bin/../lib/gcc/nios2-elf/5.3.0\libgcc.a(lib2-divmod.o)
                              c:/intelfpga/17.1/nios2eds/bin/gnu/h-x86_64-mingw32/bin/../lib/gcc/nios2-elf/5.3.0\libgcc.a(divdf3.o) (__udivsi3)
c:/intelfpga/17.1/nios2eds/bin/gnu/h-x86_64-mingw32/bin/../lib/gcc/nios2-elf/5.3.0\libgcc.a(_clz.o)
                              c:/intelfpga/17.1/nios2eds/bin/gnu/h-x86_64-mingw32/bin/../lib/gcc/nios2-elf/5.3.0\libgcc.a(_clzsi2.o) (__clz_tab)
../tecnica2_bsp//newlib/nios2-elf/lib\libc.a(lib_a-errno.o)
                              ../tecnica2_bsp//newlib/nios2-elf/lib\libm.a(lib_a-w_sqrt.o) (__errno)
../tecnica2_bsp//newlib/nios2-elf/lib\libc.a(lib_a-impure.o)
                              ../tecnica2_bsp//newlib/nios2-elf/lib\libc.a(lib_a-errno.o) (_impure_ptr)
../tecnica2_bsp//newlib/nios2-elf/lib\libc.a(lib_a-printf.o)
                              obj/default/backpropagation_best2019_superdef_ver2_alumnos-1.o (printf)
../tecnica2_bsp//newlib/nios2-elf/lib\libc.a(lib_a-putchar.o)
                              obj/default/backpropagation_best2019_superdef_ver2_alumnos-1.o (putchar)
../tecnica2_bsp//newlib/nios2-elf/lib\libc.a(lib_a-puts.o)
                              obj/default/backpropagation_best2019_superdef_ver2_alumnos-1.o (puts)
../tecnica2_bsp//newlib/nios2-elf/lib\libc.a(lib_a-rand.o)
                              obj/default/backpropagation_best2019_superdef_ver2_alumnos-1.o (srand)
../tecnica2_bsp//newlib/nios2-elf/lib\libc.a(lib_a-strlen.o)
                              ../tecnica2_bsp//newlib/nios2-elf/lib\libc.a(lib_a-puts.o) (strlen)
../tecnica2_bsp//newlib/nios2-elf/lib\libc.a(lib_a-system.o)
                              obj/default/backpropagation_best2019_superdef_ver2_alumnos-1.o (system)
../tecnica2_bsp//newlib/nios2-elf/lib\libc.a(lib_a-time.o)
                              obj/default/backpropagation_best2019_superdef_ver2_alumnos-1.o (time)
[...]
Memory Configuration

Name             Origin             Length             Attributes
reset            0x0000000004000000 0x0000000000000020
sdram            0x0000000004000020 0x0000000003ffffe0
*default*        0x0000000000000000 0xffffffffffffffff

Linker script and memory map

LOAD ../tecnica2_bsp//obj/HAL/src/crt0.o
LOAD obj/default/backpropagation_best2019_superdef_ver2_alumnos-1.o
LOAD c:/intelfpga/17.1/nios2eds/bin/gnu/h-x86_64-mingw32/bin/../lib/gcc/nios2-elf/5.3.0/../../../../../H-x86_64-mingw32/nios2-elf/lib\libstdc++.a
LOAD ../tecnica2_bsp//newlib/nios2-elf/lib\libm.a
LOAD c:/intelfpga/17.1/nios2eds/bin/gnu/h-x86_64-mingw32/bin/../lib/gcc/nios2-elf/5.3.0\libgcc.a
START GROUP
LOAD ../tecnica2_bsp//newlib/nios2-elf/lib\libc.a
LOAD c:/intelfpga/17.1/nios2eds/bin/gnu/h-x86_64-mingw32/bin/../lib/gcc/nios2-elf/5.3.0\libgcc.a
LOAD ../tecnica2_bsp/\libhal_bsp.a
LOAD ../tecnica2_bsp//newlib/nios2-elf/lib\libm.a
END GROUP
LOAD c:/intelfpga/17.1/nios2eds/bin/gnu/h-x86_64-mingw32/bin/../lib/gcc/nios2-elf/5.3.0\libgcc.a
                0x0000000004000000                __alt_mem_sdram = 0x4000000

.entry          0x0000000004000000       0x20
 *(.entry)
 .entry         0x0000000004000000       0x20 ../tecnica2_bsp//obj/HAL/src/crt0.o
                0x0000000004000000                __reset

.exceptions     0x0000000004000020      0x224
                0x0000000004000020                PROVIDE (__ram_exceptions_start, ABSOLUTE (.))
                0x0000000004000020                . = ALIGN (0x20)
 *(.irq)
 *(.exceptions.entry.label)
 .exceptions.entry.label
                0x0000000004000020        0x0 ../tecnica2_bsp/\libhal_bsp.a(alt_irq_entry.o)
                0x0000000004000020                alt_irq_entry
 .exceptions.entry.label
                0x0000000004000020        0x0 ../tecnica2_bsp/\libhal_bsp.a(alt_exception_entry.o)
                0x0000000004000020                alt_exception
 *(.exceptions.entry.user)
 *(.exceptions.entry.ecc_fatal)
 *(.exceptions.entry)
 .exceptions.entry
                0x0000000004000020       0x54 ../tecnica2_bsp/\libhal_bsp.a(alt_exception_entry.o)
 *(.exceptions.irqtest.user)
 *(.exceptions.irqtest)
 .exceptions.irqtest
                0x0000000004000074       0x10 ../tecnica2_bsp/\libhal_bsp.a(alt_irq_entry.o)
 *(.exceptions.irqhandler.user)
 *(.exceptions.irqhandler)
 .exceptions.irqhandler
                0x0000000004000084        0x4 ../tecnica2_bsp/\libhal_bsp.a(alt_irq_entry.o)
 *(.exceptions.irqreturn.user)
 *(.exceptions.irqreturn)
 .exceptions.irqreturn
                0x0000000004000088        0x4 ../tecnica2_bsp/\libhal_bsp.a(alt_irq_entry.o)
 *(.exceptions.notirq.label)
 .exceptions.notirq.label
                0x000000000400008c        0x0 ../tecnica2_bsp/\libhal_bsp.a(alt_irq_entry.o)
 *(.exceptions.notirq.user)
 *(.exceptions.notirq)
 .exceptions.notirq
                0x000000000400008c        0x8 ../tecnica2_bsp/\libhal_bsp.a(alt_exception_entry.o)
 *(.exceptions.soft.user)
 *(.exceptions.soft)
 *(.exceptions.unknown.user)
 *(.exceptions.unknown)
 .exceptions.unknown
                0x0000000004000094       0x14 ../tecnica2_bsp/\libhal_bsp.a(alt_exception_entry.o)
 *(.exceptions.exit.label)
 .exceptions.exit.label
                0x00000000040000a8        0x0 ../tecnica2_bsp/\libhal_bsp.a(alt_irq_entry.o)
 .exceptions.exit.label
                0x00000000040000a8        0x0 ../tecnica2_bsp/\libhal_bsp.a(alt_exception_entry.o)
 *(.exceptions.exit.user)
 *(.exceptions.exit)
 .exceptions.exit
                0x00000000040000a8       0x54 ../tecnica2_bsp/\libhal_bsp.a(alt_exception_entry.o)
 *(.exceptions)
 .exceptions    0x00000000040000fc       0xd4 ../tecnica2_bsp/\libhal_bsp.a(alt_irq_handler.o)
                0x00000000040000fc                alt_irq_handler
 .exceptions    0x00000000040001d0       0x74 ../tecnica2_bsp/\libhal_bsp.a(alt_instruction_exception_entry.o)
                0x00000000040001d0                alt_instruction_exception_entry
                0x0000000004000244                PROVIDE (__ram_exceptions_end, ABSOLUTE (.))
                0x0000000004000020                PROVIDE (__flash_exceptions_start, LOADADDR (.exceptions))

.text           0x0000000004000244    0x14e1c
                [!provide]                        PROVIDE (stext, ABSOLUTE (.))
 *(.interp)
 *(.hash)
 *(.dynsym)
 *(.dynstr)
 *(.gnu.version)
 *(.gnu.version_d)
 *(.gnu.version_r)
 *(.rel.init)
 *(.rela.init)
 *(.rel.text .rel.text.* .rel.gnu.linkonce.t.*)
 *(.rela.text .rela.text.* .rela.gnu.linkonce.t.*)
 *(.rel.fini)
 *(.rela.fini)
 *(.rel.rodata .rel.rodata.* .rel.gnu.linkonce.r.*)
 *(.rela.rodata .rela.rodata.* .rela.gnu.linkonce.r.*)
 *(.rel.data .rel.data.* .rel.gnu.linkonce.d.*)
 *(.rela.data .rela.data.* .rela.gnu.linkonce.d.*)
 *(.rel.tdata .rel.tdata.* .rel.gnu.linkonce.td.*)
 *(.rela.tdata .rela.tdata.* .rela.gnu.linkonce.td.*)
 *(.rel.tbss .rel.tbss.* .rel.gnu.linkonce.tb.*)
 *(.rela.tbss .rela.tbss.* .rela.gnu.linkonce.tb.*)
 *(.rel.ctors)
 *(.rela.ctors)
 *(.rel.dtors)
 *(.rela.dtors)
 *(.rel.got)
 *(.rela.got)
 *(.rel.sdata .rel.sdata.* .rel.gnu.linkonce.s.*)
 *(.rela.sdata .rela.sdata.* .rela.gnu.linkonce.s.*)
 *(.rel.sbss .rel.sbss.* .rel.gnu.linkonce.sb.*)
 *(.rela.sbss .rela.sbss.* .rela.gnu.linkonce.sb.*)
 *(.rel.sdata2 .rel.sdata2.* .rel.gnu.linkonce.s2.*)
 *(.rela.sdata2 .rela.sdata2.* .rela.gnu.linkonce.s2.*)
 *(.rel.sbss2 .rel.sbss2.* .rel.gnu.linkonce.sb2.*)
 *(.rela.sbss2 .rela.sbss2.* .rela.gnu.linkonce.sb2.*)
 *(.rel.bss .rel.bss.* .rel.gnu.linkonce.b.*)
 *(.rela.bss .rela.bss.* .rela.gnu.linkonce.b.*)
 *(.rel.plt)
 *(.rela.plt)
 *(.rel.dyn)
 *(.init)
 *(.plt)
 *(.text .stub .text.* .gnu.linkonce.t.*)
 .text          0x0000000004000244       0x4c ../tecnica2_bsp//obj/HAL/src/crt0.o
                0x0000000004000244                _start
 .text          0x0000000004000290     0x121c obj/default/backpropagation_best2019_superdef_ver2_alumnos-1.o
                0x0000000004000290                tanh_hard
                0x00000000040002d4                print_array
                0x0000000004000390                calcNet
                0x0000000004000710                WeightChangesH2O
                0x0000000004000750                WeightUpdatesH2O
                0x0000000004000840                WeightChangesH1H2
                0x000000000400090c                WeightUpdatesH1H2
                0x0000000004000a68                WeightChangesIH1
                0x0000000004000b90                WeightUpdatesIH1
                0x0000000004000cb0                getRand
                0x0000000004000cec                initWeights
                0x0000000004000f7c                initData
                0x0000000004001100                displayResults
                0x00000000040011d8                calcOverallError
                0x0000000004001298                main
 .text          0x00000000040014ac        0x0 ../tecnica2_bsp//newlib/nios2-elf/lib\libm.a(lib_a-w_sqrt.o)
 .text.sqrt     0x00000000040014ac      0x174 ../tecnica2_bsp//newlib/nios2-elf/lib\libm.a(lib_a-w_sqrt.o)
                0x00000000040014ac                sqrt
 .text          0x0000000004001620        0x0 ../tecnica2_bsp//newlib/nios2-elf/lib\libm.a(lib_a-e_sqrt.o)
 .text.__ieee754_sqrt
                0x0000000004001620      0x648 ../tecnica2_bsp//newlib/nios2-elf/lib\libm.a(lib_a-e_sqrt.o)
                0x0000000004001620                __ieee754_sqrt
 .text          0x0000000004001c68        0x0 ../tecnica2_bsp//newlib/nios2-elf/lib\libm.a(lib_a-s_fpclassify.o)
 .text.__fpclassifyd
                0x0000000004001c68      0x104 ../tecnica2_bsp//newlib/nios2-elf/lib\libm.a(lib_a-s_fpclassify.o)
                0x0000000004001c68                __fpclassifyd
 .text          0x0000000004001d6c        0x0 ../tecnica2_bsp//newlib/nios2-elf/lib\libm.a(lib_a-s_lib_ver.o)
 .text          0x0000000004001d6c        0x0 ../tecnica2_bsp//newlib/nios2-elf/lib\libm.a(lib_a-s_matherr.o)
 .text.matherr  0x0000000004001d6c       0x68 ../tecnica2_bsp//newlib/nios2-elf/lib\libm.a(lib_a-s_matherr.o)
                0x0000000004001d6c                matherr
 .text          0x0000000004001dd4      0x8ac c:/intelfpga/17.1/nios2eds/bin/gnu/h-x86_64-mingw32/bin/../lib/gcc/nios2-elf/5.3.0\libgcc.a(adddf3.o)
                0x0000000004001dd4                __adddf3
 .text          0x0000000004002680      0x8e8 c:/intelfpga/17.1/nios2eds/bin/gnu/h-x86_64-mingw32/bin/../lib/gcc/nios2-elf/5.3.0\libgcc.a(divdf3.o)
                0x0000000004002680                __divdf3
 .text          0x0000000004002f68       0x88 c:/intelfpga/17.1/nios2eds/bin/gnu/h-x86_64-mingw32/bin/../lib/gcc/nios2-elf/5.3.0\libgcc.a(eqdf2.o)
                0x0000000004002f68                __nedf2
                0x0000000004002f68                __eqdf2
 .text          0x0000000004002ff0       0xdc c:/intelfpga/17.1/nios2eds/bin/gnu/h-x86_64-mingw32/bin/../lib/gcc/nios2-elf/5.3.0\libgcc.a(gedf2.o)
                0x0000000004002ff0                __gedf2
                0x0000000004002ff0                __gtdf2
 .text          0x00000000040030cc       0xf4 c:/intelfpga/17.1/nios2eds/bin/gnu/h-x86_64-mingw32/bin/../lib/gcc/nios2-elf/5.3.0\libgcc.a(ledf2.o)
                0x00000000040030cc                __ledf2
                0x00000000040030cc                __ltdf2
 .text          0x00000000040031c0      0x718 c:/intelfpga/17.1/nios2eds/bin/gnu/h-x86_64-mingw32/bin/../lib/gcc/nios2-elf/5.3.0\libgcc.a(muldf3.o)
                0x00000000040031c0                __muldf3
 .text          0x00000000040038d8      0x8fc c:/intelfpga/17.1/nios2eds/bin/gnu/h-x86_64-mingw32/bin/../lib/gcc/nios2-elf/5.3.0\libgcc.a(subdf3.o)
                0x00000000040038d8                __subdf3
 .text          0x00000000040041d4      0x110 c:/intelfpga/17.1/nios2eds/bin/gnu/h-x86_64-mingw32/bin/../lib/gcc/nios2-elf/5.3.0\libgcc.a(extendsfdf2.o)
                0x00000000040041d4                __extendsfdf2
 .text          0x00000000040042e4      0x1a8 c:/intelfpga/17.1/nios2eds/bin/gnu/h-x86_64-mingw32/bin/../lib/gcc/nios2-elf/5.3.0\libgcc.a(truncdfsf2.o)
                0x00000000040042e4                __truncdfsf2
 .text          0x000000000400448c       0x64 c:/intelfpga/17.1/nios2eds/bin/gnu/h-x86_64-mingw32/bin/../lib/gcc/nios2-elf/5.3.0\libgcc.a(_clzsi2.o)
                0x000000000400448c                __clzsi2
 .text          0x00000000040044f0      0x1b4 c:/intelfpga/17.1/nios2eds/bin/gnu/h-x86_64-mingw32/bin/../lib/gcc/nios2-elf/5.3.0\libgcc.a(lib2-divmod.o)
                0x00000000040044f0                __divsi3
                0x0000000004004574                __modsi3
                0x00000000040045e8                __udivsi3
                0x000000000400464c                __umodsi3
 .text          0x00000000040046a4        0x0 c:/intelfpga/17.1/nios2eds/bin/gnu/h-x86_64-mingw32/bin/../lib/gcc/nios2-elf/5.3.0\libgcc.a(_clz.o)
 .text          0x00000000040046a4        0x0 ../tecnica2_bsp//newlib/nios2-elf/lib\libc.a(lib_a-errno.o)
 .text.__errno  0x00000000040046a4       0x20 ../tecnica2_bsp//newlib/nios2-elf/lib\libc.a(lib_a-errno.o)
                0x00000000040046a4                __errno
 .text          0x00000000040046c4        0x0 ../tecnica2_bsp//newlib/nios2-elf/lib\libc.a(lib_a-impure.o)
 .text          0x00000000040046c4        0x0 ../tecnica2_bsp//newlib/nios2-elf/lib\libc.a(lib_a-printf.o)
 .text._printf_r
                0x00000000040046c4       0x64 ../tecnica2_bsp//newlib/nios2-elf/lib\libc.a(lib_a-printf.o)
                0x00000000040046c4                _printf_r
 .text.printf   0x0000000004004728       0x68 ../tecnica2_bsp//newlib/nios2-elf/lib\libc.a(lib_a-printf.o)
                0x0000000004004728                printf
 .text          0x0000000004004790        0x0 ../tecnica2_bsp//newlib/nios2-elf/lib\libc.a(lib_a-putchar.o)
 .text._putchar_r
                0x0000000004004790       0x44 ../tecnica2_bsp//newlib/nios2-elf/lib\libc.a(lib_a-putchar.o)
                0x0000000004004790                _putchar_r
 .text.putchar  0x00000000040047d4       0x48 ../tecnica2_bsp//newlib/nios2-elf/lib\libc.a(lib_a-putchar.o)
                0x00000000040047d4                putchar
 .text          0x000000000400481c        0x0 ../tecnica2_bsp//newlib/nios2-elf/lib\libc.a(lib_a-puts.o)
 .text._puts_r  0x000000000400481c      0x118 ../tecnica2_bsp//newlib/nios2-elf/lib\libc.a(lib_a-puts.o)
                0x000000000400481c                _puts_r
 .text.puts     0x0000000004004934       0x38 ../tecnica2_bsp//newlib/nios2-elf/lib\libc.a(lib_a-puts.o)
                0x0000000004004934                puts
 .text          0x000000000400496c        0x0 ../tecnica2_bsp//newlib/nios2-elf/lib\libc.a(lib_a-rand.o)
 .text.srand    0x000000000400496c       0x44 ../tecnica2_bsp//newlib/nios2-elf/lib\libc.a(lib_a-rand.o)
                0x000000000400496c                srand
 .text.rand     0x00000000040049b0       0xc8 ../tecnica2_bsp//newlib/nios2-elf/lib\libc.a(lib_a-rand.o)
                0x00000000040049b0                rand
 .text          0x0000000004004a78        0x0 ../tecnica2_bsp//newlib/nios2-elf/lib\libc.a(lib_a-strlen.o)
 .text.strlen   0x0000000004004a78       0xf4 ../tecnica2_bsp//newlib/nios2-elf/lib\libc.a(lib_a-strlen.o)
                0x0000000004004a78                strlen
 .text          0x0000000004004b6c        0x0 ../tecnica2_bsp//newlib/nios2-elf/lib\libc.a(lib_a-system.o)
 .text._system_r
                0x0000000004004b6c       0x50 ../tecnica2_bsp//newlib/nios2-elf/lib\libc.a(lib_a-system.o)
                0x0000000004004b6c                _system_r
 .text.system   0x0000000004004bbc       0x38 ../tecnica2_bsp//newlib/nios2-elf/lib\libc.a(lib_a-system.o)
                0x0000000004004bbc                system
 .text          0x0000000004004bf4        0x0 ../tecnica2_bsp//newlib/nios2-elf/lib\libc.a(lib_a-time.o)
 .text.time     0x0000000004004bf4       0x60 ../tecnica2_bsp//newlib/nios2-elf/lib\libc.a(lib_a-time.o)
                0x0000000004004bf4                time
 .text          0x0000000004004c54        0x0 ../tecnica2_bsp//newlib/nios2-elf/lib\libc.a(lib_a-vfprintf.o)
 .text.__sbprintf
                0x0000000004004c54       0xf0 ../tecnica2_bsp//newlib/nios2-elf/lib\libc.a(lib_a-vfprintf.o)
 .text.__vfprintf_internal
                0x0000000004004d44       0x50 ../tecnica2_bsp//newlib/nios2-elf/lib\libc.a(lib_a-vfprintf.o)
                0x0000000004004d44                __vfprintf_internal
 .text.___vfprintf_internal_r
                0x0000000004004d94     0x20d0 ../tecnica2_bsp//newlib/nios2-elf/lib\libc.a(lib_a-vfprintf.o)
                0x0000000004004d94                ___vfprintf_internal_r
 .text.cvt      0x0000000004006e64      0x20c ../tecnica2_bsp//newlib/nios2-elf/lib\libc.a(lib_a-vfprintf.o)
 .text.exponent
                0x0000000004007070      0x140 ../tecnica2_bsp//newlib/nios2-elf/lib\libc.a(lib_a-vfprintf.o)
 .text          0x00000000040071b0        0x0 ../tecnica2_bsp//newlib/nios2-elf/lib\libc.a(lib_a-wsetup.o)
 .text.__swsetup_r
                0x00000000040071b0      0x1a0 ../tecnica2_bsp//newlib/nios2-elf/lib\libc.a(lib_a-wsetup.o)
                0x00000000040071b0                __swsetup_r
 .text          0x0000000004007350        0x0 ../tecnica2_bsp//newlib/nios2-elf/lib\libc.a(lib_a-dtoa.o)
 .text.quorem   0x0000000004007350      0x3b4 ../tecnica2_bsp//newlib/nios2-elf/lib\libc.a(lib_a-dtoa.o)
 .text._dtoa_r  0x0000000004007704     0x1b78 ../tecnica2_bsp//newlib/nios2-elf/lib\libc.a(lib_a-dtoa.o)
                0x0000000004007704                _dtoa_r
 .text          0x000000000400927c        0x0 ../tecnica2_bsp//newlib/nios2-elf/lib\libc.a(lib_a-fflush.o)
 .text.__sflush_r
                0x000000000400927c      0x304 ../tecnica2_bsp//newlib/nios2-elf/lib\libc.a(lib_a-fflush.o)
                0x000000000400927c                __sflush_r
 .text._fflush_r
                0x0000000004009580       0x88 ../tecnica2_bsp//newlib/nios2-elf/lib\libc.a(lib_a-fflush.o)
                0x0000000004009580                _fflush_r
 .text.fflush   0x0000000004009608       0x54 ../tecnica2_bsp//newlib/nios2-elf/lib\libc.a(lib_a-fflush.o)
                0x0000000004009608                fflush
 .text          0x000000000400965c        0x0 ../tecnica2_bsp//newlib/nios2-elf/lib\libc.a(lib_a-findfp.o)
 .text.std      0x000000000400965c       0xf4 ../tecnica2_bsp//newlib/nios2-elf/lib\libc.a(lib_a-findfp.o)
 .text.__sfmoreglue
                0x0000000004009750       0xa4 ../tecnica2_bsp//newlib/nios2-elf/lib\libc.a(lib_a-findfp.o)
                0x0000000004009750                __sfmoreglue
 .text.__sfp    0x00000000040097f4      0x194 ../tecnica2_bsp//newlib/nios2-elf/lib\libc.a(lib_a-findfp.o)
                0x00000000040097f4                __sfp
 .text._cleanup_r
                0x0000000004009988       0x44 ../tecnica2_bsp//newlib/nios2-elf/lib\libc.a(lib_a-findfp.o)
                0x0000000004009988                _cleanup_r
 .text._cleanup
                0x00000000040099cc       0x34 ../tecnica2_bsp//newlib/nios2-elf/lib\libc.a(lib_a-findfp.o)
                0x00000000040099cc                _cleanup
 .text.__sinit  0x0000000004009a00       0xd8 ../tecnica2_bsp//newlib/nios2-elf/lib\libc.a(lib_a-findfp.o)
                0x0000000004009a00                __sinit
 .text.__sfp_lock_acquire
                0x0000000004009ad8       0x20 ../tecnica2_bsp//newlib/nios2-elf/lib\libc.a(lib_a-findfp.o)
                0x0000000004009ad8                __sfp_lock_acquire
 .text.__sfp_lock_release
                0x0000000004009af8       0x20 ../tecnica2_bsp//newlib/nios2-elf/lib\libc.a(lib_a-findfp.o)
                0x0000000004009af8                __sfp_lock_release
 .text.__sinit_lock_acquire
                0x0000000004009b18       0x20 ../tecnica2_bsp//newlib/nios2-elf/lib\libc.a(lib_a-findfp.o)
                0x0000000004009b18                __sinit_lock_acquire
 .text.__sinit_lock_release
                0x0000000004009b38       0x20 ../tecnica2_bsp//newlib/nios2-elf/lib\libc.a(lib_a-findfp.o)
                0x0000000004009b38                __sinit_lock_release
 .text.__fp_lock
                0x0000000004009b58       0x24 ../tecnica2_bsp//newlib/nios2-elf/lib\libc.a(lib_a-findfp.o)
 .text.__fp_unlock
                0x0000000004009b7c       0x24 ../tecnica2_bsp//newlib/nios2-elf/lib\libc.a(lib_a-findfp.o)
 .text.__fp_lock_all
                0x0000000004009ba0       0x40 ../tecnica2_bsp//newlib/nios2-elf/lib\libc.a(lib_a-findfp.o)
                0x0000000004009ba0                __fp_lock_all
 .text.__fp_unlock_all
                0x0000000004009be0       0x40 ../tecnica2_bsp//newlib/nios2-elf/lib\libc.a(lib_a-findfp.o)
                0x0000000004009be0                __fp_unlock_all
 .text          0x0000000004009c20        0x0 ../tecnica2_bsp//newlib/nios2-elf/lib\libc.a(lib_a-freer.o)
 .text._free_r  0x0000000004009c20      0x560 ../tecnica2_bsp//newlib/nios2-elf/lib\libc.a(lib_a-freer.o)
                0x0000000004009c20                _free_r
 .text._malloc_trim_r
                0x000000000400a180      0x1cc ../tecnica2_bsp//newlib/nios2-elf/lib\libc.a(lib_a-freer.o)
                0x000000000400a180                _malloc_trim_r
 .text          0x000000000400a34c        0x0 ../tecnica2_bsp//newlib/nios2-elf/lib\libc.a(lib_a-fvwrite.o)
 .text.__sfvwrite_r
                0x000000000400a34c      0x5dc ../tecnica2_bsp//newlib/nios2-elf/lib\libc.a(lib_a-fvwrite.o)
                0x000000000400a34c                __sfvwrite_r
 .text          0x000000000400a928        0x0 ../tecnica2_bsp//newlib/nios2-elf/lib\libc.a(lib_a-fwalk.o)
 .text._fwalk   0x000000000400a928       0xd8 ../tecnica2_bsp//newlib/nios2-elf/lib\libc.a(lib_a-fwalk.o)
                0x000000000400a928                _fwalk
 .text._fwalk_reent
                0x000000000400aa00       0xdc ../tecnica2_bsp//newlib/nios2-elf/lib\libc.a(lib_a-fwalk.o)
                0x000000000400aa00                _fwalk_reent
 .text          0x000000000400aadc        0x0 ../tecnica2_bsp//newlib/nios2-elf/lib\libc.a(lib_a-gettimeofdayr.o)
 .text._gettimeofday_r
                0x000000000400aadc       0x68 ../tecnica2_bsp//newlib/nios2-elf/lib\libc.a(lib_a-gettimeofdayr.o)
                0x000000000400aadc                _gettimeofday_r
 .text          0x000000000400ab44        0x0 ../tecnica2_bsp//newlib/nios2-elf/lib\libc.a(lib_a-int_errno.o)
 .text          0x000000000400ab44        0x0 ../tecnica2_bsp//newlib/nios2-elf/lib\libc.a(lib_a-locale.o)
 .text._setlocale_r
                0x000000000400ab44       0x84 ../tecnica2_bsp//newlib/nios2-elf/lib\libc.a(lib_a-locale.o)
                0x000000000400ab44                _setlocale_r
 .text.__locale_charset
                0x000000000400abc8       0x24 ../tecnica2_bsp//newlib/nios2-elf/lib\libc.a(lib_a-locale.o)
                0x000000000400abc8                __locale_charset
 .text.__locale_mb_cur_max
                0x000000000400abec       0x20 ../tecnica2_bsp//newlib/nios2-elf/lib\libc.a(lib_a-locale.o)
                0x000000000400abec                __locale_mb_cur_max
 .text.__locale_msgcharset
                0x000000000400ac0c       0x24 ../tecnica2_bsp//newlib/nios2-elf/lib\libc.a(lib_a-locale.o)
                0x000000000400ac0c                __locale_msgcharset
 .text.__locale_cjk_lang
                0x000000000400ac30       0x20 ../tecnica2_bsp//newlib/nios2-elf/lib\libc.a(lib_a-locale.o)
                0x000000000400ac30                __locale_cjk_lang
 .text._localeconv_r
                0x000000000400ac50       0x28 ../tecnica2_bsp//newlib/nios2-elf/lib\libc.a(lib_a-locale.o)
                0x000000000400ac50                _localeconv_r
 .text.setlocale
                0x000000000400ac78       0x40 ../tecnica2_bsp//newlib/nios2-elf/lib\libc.a(lib_a-locale.o)
                0x000000000400ac78                setlocale
 .text.localeconv
                0x000000000400acb8       0x30 ../tecnica2_bsp//newlib/nios2-elf/lib\libc.a(lib_a-locale.o)
                0x000000000400acb8                localeconv
 .text          0x000000000400ace8        0x0 ../tecnica2_bsp//newlib/nios2-elf/lib\libc.a(lib_a-makebuf.o)
 .text.__smakebuf_r
                0x000000000400ace8      0x22c ../tecnica2_bsp//newlib/nios2-elf/lib\libc.a(lib_a-makebuf.o)
                0x000000000400ace8                __smakebuf_r
 .text          0x000000000400af14        0x0 ../tecnica2_bsp//newlib/nios2-elf/lib\libc.a(lib_a-mallocr.o)
 .text.malloc_extend_top
                0x000000000400af14      0x3b4 ../tecnica2_bsp//newlib/nios2-elf/lib\libc.a(lib_a-mallocr.o)
 .text._malloc_r
                0x000000000400b2c8      0xb7c ../tecnica2_bsp//newlib/nios2-elf/lib\libc.a(lib_a-mallocr.o)
                0x000000000400b2c8                _malloc_r
 .text          0x000000000400be44        0x0 ../tecnica2_bsp//newlib/nios2-elf/lib\libc.a(lib_a-memchr.o)
 .text.memchr   0x000000000400be44      0x1bc ../tecnica2_bsp//newlib/nios2-elf/lib\libc.a(lib_a-memchr.o)
                0x000000000400be44                memchr
 .text          0x000000000400c000        0x0 ../tecnica2_bsp//newlib/nios2-elf/lib\libc.a(lib_a-memcpy.o)
 .text.memcpy   0x000000000400c000      0x188 ../tecnica2_bsp//newlib/nios2-elf/lib\libc.a(lib_a-memcpy.o)
                0x000000000400c000                memcpy
 .text          0x000000000400c188        0x0 ../tecnica2_bsp//newlib/nios2-elf/lib\libc.a(lib_a-memmove.o)
 .text.memmove  0x000000000400c188      0x208 ../tecnica2_bsp//newlib/nios2-elf/lib\libc.a(lib_a-memmove.o)
                0x000000000400c188                memmove
 .text          0x000000000400c390        0x0 ../tecnica2_bsp//newlib/nios2-elf/lib\libc.a(lib_a-memset.o)
 .text.memset   0x000000000400c390      0x1c4 ../tecnica2_bsp//newlib/nios2-elf/lib\libc.a(lib_a-memset.o)
                0x000000000400c390                memset
 .text          0x000000000400c554        0x0 ../tecnica2_bsp//newlib/nios2-elf/lib\libc.a(lib_a-mprec.o)
 .text._Balloc  0x000000000400c554      0x130 ../tecnica2_bsp//newlib/nios2-elf/lib\libc.a(lib_a-mprec.o)
                0x000000000400c554                _Balloc
 .text._Bfree   0x000000000400c684       0x7c ../tecnica2_bsp//newlib/nios2-elf/lib\libc.a(lib_a-mprec.o)
                0x000000000400c684                _Bfree
 .text.__multadd
                0x000000000400c700      0x194 ../tecnica2_bsp//newlib/nios2-elf/lib\libc.a(lib_a-mprec.o)
                0x000000000400c700                __multadd
 .text.__s2b    0x000000000400c894      0x18c ../tecnica2_bsp//newlib/nios2-elf/lib\libc.a(lib_a-mprec.o)
                0x000000000400c894                __s2b
 .text.__hi0bits
                0x000000000400ca20       0x90 ../tecnica2_bsp//newlib/nios2-elf/lib\libc.a(lib_a-mprec.o)
                0x000000000400ca20                __hi0bits
 .text.__lo0bits
                0x000000000400cab0       0xec ../tecnica2_bsp//newlib/nios2-elf/lib\libc.a(lib_a-mprec.o)
                0x000000000400cab0                __lo0bits
 .text.__i2b    0x000000000400cb9c       0x58 ../tecnica2_bsp//newlib/nios2-elf/lib\libc.a(lib_a-mprec.o)
                0x000000000400cb9c                __i2b
 .text.__multiply
                0x000000000400cbf4      0x3d0 ../tecnica2_bsp//newlib/nios2-elf/lib\libc.a(lib_a-mprec.o)
                0x000000000400cbf4                __multiply
 .text.__pow5mult
                0x000000000400cfc4      0x178 ../tecnica2_bsp//newlib/nios2-elf/lib\libc.a(lib_a-mprec.o)
                0x000000000400cfc4                __pow5mult
 .text.__lshift
                0x000000000400d13c      0x1f8 ../tecnica2_bsp//newlib/nios2-elf/lib\libc.a(lib_a-mprec.o)
                0x000000000400d13c                __lshift
 .text.__mcmp   0x000000000400d334      0x114 ../tecnica2_bsp//newlib/nios2-elf/lib\libc.a(lib_a-mprec.o)
                0x000000000400d334                __mcmp
 .text.__mdiff  0x000000000400d448      0x2a4 ../tecnica2_bsp//newlib/nios2-elf/lib\libc.a(lib_a-mprec.o)
                0x000000000400d448                __mdiff
 .text.__ulp    0x000000000400d6ec       0xcc ../tecnica2_bsp//newlib/nios2-elf/lib\libc.a(lib_a-mprec.o)
                0x000000000400d6ec                __ulp
 .text.__b2d    0x000000000400d7b8      0x204 ../tecnica2_bsp//newlib/nios2-elf/lib\libc.a(lib_a-mprec.o)
                0x000000000400d7b8                __b2d
 .text.__d2b    0x000000000400d9bc      0x240 ../tecnica2_bsp//newlib/nios2-elf/lib\libc.a(lib_a-mprec.o)
                0x000000000400d9bc                __d2b
 .text.__ratio  0x000000000400dbfc      0x11c ../tecnica2_bsp//newlib/nios2-elf/lib\libc.a(lib_a-mprec.o)
                0x000000000400dbfc                __ratio
 .text._mprec_log10
                0x000000000400dd18       0xb0 ../tecnica2_bsp//newlib/nios2-elf/lib\libc.a(lib_a-mprec.o)
                0x000000000400dd18                _mprec_log10
 .text.__copybits
                0x000000000400ddc8       0xd0 ../tecnica2_bsp//newlib/nios2-elf/lib\libc.a(lib_a-mprec.o)
                0x000000000400ddc8                __copybits
 .text.__any_on
                0x000000000400de98      0x134 ../tecnica2_bsp//newlib/nios2-elf/lib\libc.a(lib_a-mprec.o)
                0x000000000400de98                __any_on
 .text          0x000000000400dfcc        0x0 ../tecnica2_bsp//newlib/nios2-elf/lib\libc.a(lib_a-putc.o)
 .text._putc_r  0x000000000400dfcc      0x104 ../tecnica2_bsp//newlib/nios2-elf/lib\libc.a(lib_a-putc.o)
                0x000000000400dfcc                _putc_r
 .text.putc     0x000000000400e0d0      0x108 ../tecnica2_bsp//newlib/nios2-elf/lib\libc.a(lib_a-putc.o)
                0x000000000400e0d0                putc
 .text          0x000000000400e1d8        0x0 ../tecnica2_bsp//newlib/nios2-elf/lib\libc.a(lib_a-reallocr.o)
 .text._realloc_r
                0x000000000400e1d8      0xbf0 ../tecnica2_bsp//newlib/nios2-elf/lib\libc.a(lib_a-reallocr.o)
                0x000000000400e1d8                _realloc_r
 .text          0x000000000400edc8        0x0 ../tecnica2_bsp//newlib/nios2-elf/lib\libc.a(lib_a-sbrkr.o)
 .text._sbrk_r  0x000000000400edc8       0x60 ../tecnica2_bsp//newlib/nios2-elf/lib\libc.a(lib_a-sbrkr.o)
                0x000000000400edc8                _sbrk_r
 .text          0x000000000400ee28        0x0 ../tecnica2_bsp//newlib/nios2-elf/lib\libc.a(lib_a-stdio.o)
 .text.__sread  0x000000000400ee28       0x9c ../tecnica2_bsp//newlib/nios2-elf/lib\libc.a(lib_a-stdio.o)
                0x000000000400ee28                __sread
 .text.__seofread
                0x000000000400eec4       0x30 ../tecnica2_bsp//newlib/nios2-elf/lib\libc.a(lib_a-stdio.o)
                0x000000000400eec4                __seofread
 .text.__swrite
                0x000000000400eef4       0xb4 ../tecnica2_bsp//newlib/nios2-elf/lib\libc.a(lib_a-stdio.o)
                0x000000000400eef4                __swrite
 .text.__sseek  0x000000000400efa8       0xa0 ../tecnica2_bsp//newlib/nios2-elf/lib\libc.a(lib_a-stdio.o)
                0x000000000400efa8                __sseek
 .text.__sclose
                0x000000000400f048       0x54 ../tecnica2_bsp//newlib/nios2-elf/lib\libc.a(lib_a-stdio.o)
                0x000000000400f048                __sclose
 .text          0x000000000400f09c        0x0 ../tecnica2_bsp//newlib/nios2-elf/lib\libc.a(lib_a-strcmp.o)
 .text.strcmp   0x000000000400f09c      0x140 ../tecnica2_bsp//newlib/nios2-elf/lib\libc.a(lib_a-strcmp.o)
                0x000000000400f09c                strcmp
 .text          0x000000000400f1dc        0x0 ../tecnica2_bsp//newlib/nios2-elf/lib\libc.a(lib_a-vfiprintf.o)
 .text.__sprint_r
                0x000000000400f1dc      0x13c ../tecnica2_bsp//newlib/nios2-elf/lib\libc.a(lib_a-vfiprintf.o)
                0x000000000400f1dc                __sprint_r
 .text.__sbprintf
                0x000000000400f318       0xf0 ../tecnica2_bsp//newlib/nios2-elf/lib\libc.a(lib_a-vfiprintf.o)
 .text.__vfiprintf_internal
                0x000000000400f408       0x50 ../tecnica2_bsp//newlib/nios2-elf/lib\libc.a(lib_a-vfiprintf.o)
                0x000000000400f408                __vfiprintf_internal
 .text.___vfiprintf_internal_r
                0x000000000400f458     0x12c4 ../tecnica2_bsp//newlib/nios2-elf/lib\libc.a(lib_a-vfiprintf.o)
                0x000000000400f458                ___vfiprintf_internal_r
 .text          0x000000000401071c        0x0 ../tecnica2_bsp//newlib/nios2-elf/lib\libc.a(lib_a-wbuf.o)
 .text.__swbuf_r
                0x000000000401071c      0x168 ../tecnica2_bsp//newlib/nios2-elf/lib\libc.a(lib_a-wbuf.o)
                0x000000000401071c                __swbuf_r
 .text.__swbuf  0x0000000004010884       0x40 ../tecnica2_bsp//newlib/nios2-elf/lib\libc.a(lib_a-wbuf.o)
                0x0000000004010884                __swbuf
 .text          0x00000000040108c4        0x0 ../tecnica2_bsp//newlib/nios2-elf/lib\libc.a(lib_a-writer.o)
 .text._write_r
                0x00000000040108c4       0x70 ../tecnica2_bsp//newlib/nios2-elf/lib\libc.a(lib_a-writer.o)
                0x00000000040108c4                _write_r
 .text          0x0000000004010934        0x0 ../tecnica2_bsp//newlib/nios2-elf/lib\libc.a(closer.o)
 .text._close_r
                0x0000000004010934       0x60 ../tecnica2_bsp//newlib/nios2-elf/lib\libc.a(closer.o)
                0x0000000004010934                _close_r
 .text          0x0000000004010994        0x0 ../tecnica2_bsp//newlib/nios2-elf/lib\libc.a(lib_a-callocr.o)
 .text._calloc_r
                0x0000000004010994      0x164 ../tecnica2_bsp//newlib/nios2-elf/lib\libc.a(lib_a-callocr.o)
                0x0000000004010994                _calloc_r
 .text          0x0000000004010af8        0x0 ../tecnica2_bsp//newlib/nios2-elf/lib\libc.a(lib_a-fclose.o)
 .text._fclose_r
                0x0000000004010af8      0x12c ../tecnica2_bsp//newlib/nios2-elf/lib\libc.a(lib_a-fclose.o)
                0x0000000004010af8                _fclose_r
 .text.fclose   0x0000000004010c24       0x38 ../tecnica2_bsp//newlib/nios2-elf/lib\libc.a(lib_a-fclose.o)
                0x0000000004010c24                fclose
 .text          0x0000000004010c5c        0x0 ../tecnica2_bsp//newlib/nios2-elf/lib\libc.a(lib_a-fputwc.o)
 .text.__fputwc
                0x0000000004010c5c      0x1f4 ../tecnica2_bsp//newlib/nios2-elf/lib\libc.a(lib_a-fputwc.o)
                0x0000000004010c5c                __fputwc
 .text._fputwc_r
                0x0000000004010e50       0x88 ../tecnica2_bsp//newlib/nios2-elf/lib\libc.a(lib_a-fputwc.o)
                0x0000000004010e50                _fputwc_r
 .text.fputwc   0x0000000004010ed8       0x68 ../tecnica2_bsp//newlib/nios2-elf/lib\libc.a(lib_a-fputwc.o)
                0x0000000004010ed8                fputwc
 .text          0x0000000004010f40        0x0 ../tecnica2_bsp//newlib/nios2-elf/lib\libc.a(lib_a-fstatr.o)
 .text._fstat_r
                0x0000000004010f40       0x68 ../tecnica2_bsp//newlib/nios2-elf/lib\libc.a(lib_a-fstatr.o)
                0x0000000004010f40                _fstat_r
 .text          0x0000000004010fa8        0x0 ../tecnica2_bsp//newlib/nios2-elf/lib\libc.a(lib_a-isattyr.o)
 .text._isatty_r
                0x0000000004010fa8       0x60 ../tecnica2_bsp//newlib/nios2-elf/lib\libc.a(lib_a-isattyr.o)
                0x0000000004010fa8                _isatty_r
 .text          0x0000000004011008        0x0 ../tecnica2_bsp//newlib/nios2-elf/lib\libc.a(lib_a-lseekr.o)
 .text._lseek_r
                0x0000000004011008       0x70 ../tecnica2_bsp//newlib/nios2-elf/lib\libc.a(lib_a-lseekr.o)
                0x0000000004011008                _lseek_r
 .text          0x0000000004011078        0x0 ../tecnica2_bsp//newlib/nios2-elf/lib\libc.a(lib_a-readr.o)
 .text._read_r  0x0000000004011078       0x70 ../tecnica2_bsp//newlib/nios2-elf/lib\libc.a(lib_a-readr.o)
                0x0000000004011078                _read_r
 .text          0x00000000040110e8        0x0 ../tecnica2_bsp//newlib/nios2-elf/lib\libc.a(lib_a-wcrtomb.o)
 .text._wcrtomb_r
                0x00000000040110e8       0xd4 ../tecnica2_bsp//newlib/nios2-elf/lib\libc.a(lib_a-wcrtomb.o)
                0x00000000040110e8                _wcrtomb_r
 .text.wcrtomb  0x00000000040111bc       0xd8 ../tecnica2_bsp//newlib/nios2-elf/lib\libc.a(lib_a-wcrtomb.o)
                0x00000000040111bc                wcrtomb
 .text          0x0000000004011294        0x0 ../tecnica2_bsp//newlib/nios2-elf/lib\libc.a(lib_a-wctomb_r.o)
 .text._wctomb_r
                0x0000000004011294       0x64 ../tecnica2_bsp//newlib/nios2-elf/lib\libc.a(lib_a-wctomb_r.o)
                0x0000000004011294                _wctomb_r
 .text.__ascii_wctomb
                0x00000000040112f8       0x78 ../tecnica2_bsp//newlib/nios2-elf/lib\libc.a(lib_a-wctomb_r.o)
                0x00000000040112f8                __ascii_wctomb
 .text          0x0000000004011370       0x60 c:/intelfpga/17.1/nios2eds/bin/gnu/h-x86_64-mingw32/bin/../lib/gcc/nios2-elf/5.3.0\libgcc.a(_muldi3.o)
                0x0000000004011370                __muldi3
 .text          0x00000000040113d0      0x578 c:/intelfpga/17.1/nios2eds/bin/gnu/h-x86_64-mingw32/bin/../lib/gcc/nios2-elf/5.3.0\libgcc.a(_udivdi3.o)
                0x00000000040113d0                __udivdi3
 .text          0x0000000004011948      0x538 c:/intelfpga/17.1/nios2eds/bin/gnu/h-x86_64-mingw32/bin/../lib/gcc/nios2-elf/5.3.0\libgcc.a(_umoddi3.o)
                0x0000000004011948                __umoddi3
 .text          0x0000000004011e80       0x80 c:/intelfpga/17.1/nios2eds/bin/gnu/h-x86_64-mingw32/bin/../lib/gcc/nios2-elf/5.3.0\libgcc.a(fixdfsi.o)
                0x0000000004011e80                __fixdfsi
 .text          0x0000000004011f00       0xdc c:/intelfpga/17.1/nios2eds/bin/gnu/h-x86_64-mingw32/bin/../lib/gcc/nios2-elf/5.3.0\libgcc.a(floatsidf.o)
                0x0000000004011f00                __floatsidf
 .text          0x0000000004011fdc       0xa8 c:/intelfpga/17.1/nios2eds/bin/gnu/h-x86_64-mingw32/bin/../lib/gcc/nios2-elf/5.3.0\libgcc.a(floatunsidf.o)
                0x0000000004011fdc                __floatunsidf
 .text          0x0000000004012084      0x10c ../tecnica2_bsp/\libhal_bsp.a(alt_close.o)
                0x00000000040120c0                close
 .text          0x0000000004012190       0x2c ../tecnica2_bsp/\libhal_bsp.a(alt_dev.o)
 .text          0x00000000040121bc        0x0 ../tecnica2_bsp/\libhal_bsp.a(alt_errno.o)
 .text          0x00000000040121bc       0xec ../tecnica2_bsp/\libhal_bsp.a(alt_fstat.o)
                0x00000000040121f8                fstat
 .text          0x00000000040122a8      0x1f4 ../tecnica2_bsp/\libhal_bsp.a(alt_gettod.o)
                0x00000000040122a8                gettimeofday
 .text          0x000000000401249c       0xe0 ../tecnica2_bsp/\libhal_bsp.a(alt_isatty.o)
                0x00000000040124d8                isatty
 .text          0x000000000401257c       0xec ../tecnica2_bsp/\libhal_bsp.a(alt_load.o)
                0x00000000040125e4                alt_load
 .text          0x0000000004012668      0x110 ../tecnica2_bsp/\libhal_bsp.a(alt_lseek.o)
                0x00000000040126a4                lseek
 .text          0x0000000004012778       0x7c ../tecnica2_bsp/\libhal_bsp.a(alt_main.o)
                0x0000000004012778                alt_main
 .text          0x00000000040127f4       0x48 ../tecnica2_bsp/\libhal_bsp.a(alt_malloc_lock.o)
                0x00000000040127f4                __malloc_lock
                0x0000000004012818                __malloc_unlock
 .text          0x000000000401283c      0x138 ../tecnica2_bsp/\libhal_bsp.a(alt_read.o)
                0x0000000004012878                read
 .text          0x0000000004012974       0x64 ../tecnica2_bsp/\libhal_bsp.a(alt_release_fd.o)
                0x0000000004012974                alt_release_fd
 .text          0x00000000040129d8       0xb0 ../tecnica2_bsp/\libhal_bsp.a(alt_sbrk.o)
                0x00000000040129d8                sbrk
 .text          0x0000000004012a88      0x1a4 ../tecnica2_bsp/\libhal_bsp.a(alt_tick.o)
                0x0000000004012a88                alt_alarm_stop
                0x0000000004012b24                alt_tick
 .text          0x0000000004012c2c      0x134 ../tecnica2_bsp/\libhal_bsp.a(alt_write.o)
                0x0000000004012c68                write
 .text          0x0000000004012d60       0xd8 ../tecnica2_bsp/\libhal_bsp.a(alt_sys_init.o)
                0x0000000004012d94                alt_irq_init
                0x0000000004012dcc                alt_sys_init
 .text          0x0000000004012e38      0x164 ../tecnica2_bsp/\libhal_bsp.a(altera_avalon_jtag_uart_fd.o)
                0x0000000004012e38                altera_avalon_jtag_uart_read_fd
                0x0000000004012e98                altera_avalon_jtag_uart_write_fd
                0x0000000004012ef8                altera_avalon_jtag_uart_close_fd
                0x0000000004012f48                altera_avalon_jtag_uart_ioctl_fd
 .text          0x0000000004012f9c      0x3d4 ../tecnica2_bsp/\libhal_bsp.a(altera_avalon_jtag_uart_init.o)
                0x0000000004012f9c                altera_avalon_jtag_uart_init
                0x0000000004013308                altera_avalon_jtag_uart_close
 .text          0x0000000004013370       0xf0 ../tecnica2_bsp/\libhal_bsp.a(altera_avalon_jtag_uart_ioctl.o)
                0x0000000004013370                altera_avalon_jtag_uart_ioctl
 .text          0x0000000004013460      0x21c ../tecnica2_bsp/\libhal_bsp.a(altera_avalon_jtag_uart_read.o)
                0x0000000004013460                altera_avalon_jtag_uart_read
 .text          0x000000000401367c      0x224 ../tecnica2_bsp/\libhal_bsp.a(altera_avalon_jtag_uart_write.o)
                0x000000000401367c                altera_avalon_jtag_uart_write
 .text          0x00000000040138a0       0xf4 ../tecnica2_bsp/\libhal_bsp.a(altera_avalon_timer_sc.o)
                0x0000000004013918                alt_avalon_timer_sc_init
 .text          0x0000000004013994      0x280 ../tecnica2_bsp/\libhal_bsp.a(perf_print_formatted_report.o)
                0x0000000004013994                perf_print_formatted_report
 .text          0x0000000004013c14      0x12c ../tecnica2_bsp/\libhal_bsp.a(alt_alarm_start.o)
                0x0000000004013c14                alt_alarm_start
 .text          0x0000000004013d40       0x48 ../tecnica2_bsp/\libhal_bsp.a(alt_dcache_flush_all.o)
                0x0000000004013d40                alt_dcache_flush_all
 .text          0x0000000004013d88       0xe0 ../tecnica2_bsp/\libhal_bsp.a(alt_dev_llist_insert.o)
                0x0000000004013dc4                alt_dev_llist_insert
 .text          0x0000000004013e68       0x60 ../tecnica2_bsp/\libhal_bsp.a(alt_do_ctors.o)
                0x0000000004013e68                _do_ctors
 .text          0x0000000004013ec8       0x60 ../tecnica2_bsp/\libhal_bsp.a(alt_do_dtors.o)
                0x0000000004013ec8                _do_dtors
 .text          0x0000000004013f28       0x34 ../tecnica2_bsp/\libhal_bsp.a(alt_icache_flush_all.o)
                0x0000000004013f28                alt_icache_flush_all
 .text          0x0000000004013f5c      0x1b0 ../tecnica2_bsp/\libhal_bsp.a(alt_iic.o)
                0x0000000004013f5c                alt_ic_isr_register
                0x0000000004013fac                alt_ic_irq_enable
                0x0000000004014034                alt_ic_irq_disable
                0x00000000040140c0                alt_ic_irq_enabled
 .text          0x000000000401410c       0xf0 ../tecnica2_bsp/\libhal_bsp.a(alt_iic_isr_register.o)
                0x000000000401410c                alt_iic_isr_register
 .text          0x00000000040141fc      0x140 ../tecnica2_bsp/\libhal_bsp.a(alt_io_redirect.o)
                0x00000000040142c0                alt_io_redirect
 .text          0x000000000401433c        0x0 ../tecnica2_bsp/\libhal_bsp.a(alt_irq_entry.o)
 .text          0x000000000401433c        0x0 ../tecnica2_bsp/\libhal_bsp.a(alt_irq_handler.o)
 .text          0x000000000401433c        0x0 ../tecnica2_bsp/\libhal_bsp.a(alt_irq_vars.o)
 .text          0x000000000401433c      0x254 ../tecnica2_bsp/\libhal_bsp.a(alt_open.o)
                0x000000000401443c                open
 .text          0x0000000004014590       0x24 ../tecnica2_bsp/\libhal_bsp.a(altera_nios2_gen2_irq.o)
                0x0000000004014590                altera_nios2_gen2_irq_init
 .text          0x00000000040145b4      0x18c ../tecnica2_bsp/\libhal_bsp.a(altera_avalon_performance_counter.o)
                0x00000000040145b4                perf_get_section_time
                0x0000000004014670                perf_get_total_time
                0x00000000040146bc                perf_get_num_starts
                0x00000000040146fc                alt_get_performance_counter_base
                0x000000000401471c                alt_get_cpu_freq
 .text          0x0000000004014740        0x0 ../tecnica2_bsp/\libhal_bsp.a(alt_exception_entry.o)
 .text          0x0000000004014740       0x90 ../tecnica2_bsp/\libhal_bsp.a(alt_find_dev.o)
                0x0000000004014740                alt_find_dev
 .text          0x00000000040147d0      0x108 ../tecnica2_bsp/\libhal_bsp.a(alt_find_file.o)
                0x00000000040147d0                alt_find_file
 .text          0x00000000040148d8       0xa4 ../tecnica2_bsp/\libhal_bsp.a(alt_get_fd.o)
                0x00000000040148d8                alt_get_fd
 .text          0x000000000401497c       0x90 ../tecnica2_bsp/\libhal_bsp.a(alt_icache_flush.o)
                0x000000000401497c                alt_icache_flush
 .text          0x0000000004014a0c       0x9c ../tecnica2_bsp/\libhal_bsp.a(alt_instruction_exception_entry.o)
                0x0000000004014a0c                alt_exception_cause_generated_bad_addr
 .text          0x0000000004014aa8        0x0 ../tecnica2_bsp//newlib/nios2-elf/lib\libc.a(lib_a-atexit.o)
 .text.atexit   0x0000000004014aa8       0x3c ../tecnica2_bsp//newlib/nios2-elf/lib\libc.a(lib_a-atexit.o)
                0x0000000004014aa8                atexit
 .text          0x0000000004014ae4        0x0 ../tecnica2_bsp//newlib/nios2-elf/lib\libc.a(lib_a-exit.o)
 .text.exit     0x0000000004014ae4       0x48 ../tecnica2_bsp//newlib/nios2-elf/lib\libc.a(lib_a-exit.o)
                0x0000000004014ae4                exit
 .text          0x0000000004014b2c        0x0 ../tecnica2_bsp//newlib/nios2-elf/lib\libc.a(lib_a-memcmp.o)
 .text.memcmp   0x0000000004014b2c      0x134 ../tecnica2_bsp//newlib/nios2-elf/lib\libc.a(lib_a-memcmp.o)
                0x0000000004014b2c                memcmp
 .text          0x0000000004014c60        0x0 ../tecnica2_bsp//newlib/nios2-elf/lib\libc.a(lib_a-__atexit.o)
 .text.__register_exitproc
                0x0000000004014c60      0x170 ../tecnica2_bsp//newlib/nios2-elf/lib\libc.a(lib_a-__atexit.o)
                0x0000000004014c60                __register_exitproc
 .text          0x0000000004014dd0        0x0 ../tecnica2_bsp//newlib/nios2-elf/lib\libc.a(lib_a-__call_atexit.o)
 .text.__call_exitprocs
                0x0000000004014dd0      0x1ec ../tecnica2_bsp//newlib/nios2-elf/lib\libc.a(lib_a-__call_atexit.o)
                0x0000000004014dd0                __call_exitprocs
 .text          0x0000000004014fbc       0x70 c:/intelfpga/17.1/nios2eds/bin/gnu/h-x86_64-mingw32/bin/../lib/gcc/nios2-elf/5.3.0\libgcc.a(_floatundidf.o)
                0x0000000004014fbc                __floatundidf
 .text          0x000000000401502c       0x34 ../tecnica2_bsp/\libhal_bsp.a(alt_exit.o)
                0x000000000401502c                _exit
 *(.gnu.warning.*)
 *(.fini)
                [!provide]                        PROVIDE (__etext, ABSOLUTE (.))
                [!provide]                        PROVIDE (_etext, ABSOLUTE (.))
                [!provide]                        PROVIDE (etext, ABSOLUTE (.))
 *(.eh_frame_hdr)
                0x0000000004015060                . = ALIGN (0x4)
                [!provide]                        PROVIDE (__preinit_array_start, ABSOLUTE (.))
 *(.preinit_array)
                [!provide]                        PROVIDE (__preinit_array_end, ABSOLUTE (.))
                [!provide]                        PROVIDE (__init_array_start, ABSOLUTE (.))
 *(.init_array)
                [!provide]                        PROVIDE (__init_array_end, ABSOLUTE (.))
                [!provide]                        PROVIDE (__fini_array_start, ABSOLUTE (.))
 *(.fini_array)
                [!provide]                        PROVIDE (__fini_array_end, ABSOLUTE (.))
 *(.eh_frame)
 *(.gcc_except_table .gcc_except_table.*)
 *(.dynamic)
                0x0000000004015060                PROVIDE (__CTOR_LIST__, ABSOLUTE (.))
 *(.ctors)
 *(SORT(.ctors.*))
                0x0000000004015060                PROVIDE (__CTOR_END__, ABSOLUTE (.))
                0x0000000004015060                PROVIDE (__DTOR_LIST__, ABSOLUTE (.))
 *(.dtors)
 *(SORT(.dtors.*))
                0x0000000004015060                PROVIDE (__DTOR_END__, ABSOLUTE (.))
 *(.jcr)
                0x0000000004015060                . = ALIGN (0x4)

.rodata         0x0000000004015060      0x52c
                0x0000000004015060                PROVIDE (__ram_rodata_start, ABSOLUTE (.))
                0x0000000004015060                . = ALIGN (0x4)
 *(.rodata .rodata.* .gnu.linkonce.r.*)
 .rodata        0x0000000004015060       0xb6 obj/default/backpropagation_best2019_superdef_ver2_alumnos-1.o
 *fill*         0x0000000004015116        0x2 
 .rodata        0x0000000004015118        0x5 ../tecnica2_bsp//newlib/nios2-elf/lib\libm.a(lib_a-w_sqrt.o)
 .rodata        0x000000000401511d      0x100 c:/intelfpga/17.1/nios2eds/bin/gnu/h-x86_64-mingw32/bin/../lib/gcc/nios2-elf/5.3.0\libgcc.a(_clz.o)
                0x000000000401511d                __clz_tab
 *fill*         0x000000000401521d        0x3 
 .rodata        0x0000000004015220        0x2 ../tecnica2_bsp//newlib/nios2-elf/lib\libc.a(lib_a-impure.o)
 *fill*         0x0000000004015222        0x2 
 .rodata        0x0000000004015224        0x2 ../tecnica2_bsp//newlib/nios2-elf/lib\libc.a(lib_a-puts.o)
 *fill*         0x0000000004015226        0x2 
 .rodata        0x0000000004015228       0x5e ../tecnica2_bsp//newlib/nios2-elf/lib\libc.a(lib_a-vfprintf.o)
 .rodata.blanks.4403
                0x0000000004015286       0x10 ../tecnica2_bsp//newlib/nios2-elf/lib\libc.a(lib_a-vfprintf.o)
 .rodata.zeroes.4404
                0x0000000004015296       0x10 ../tecnica2_bsp//newlib/nios2-elf/lib\libc.a(lib_a-vfprintf.o)
 *fill*         0x00000000040152a6        0x2 
 .rodata        0x00000000040152a8       0x12 ../tecnica2_bsp//newlib/nios2-elf/lib\libc.a(lib_a-dtoa.o)
 *fill*         0x00000000040152ba        0x2 
 .rodata        0x00000000040152bc       0x12 ../tecnica2_bsp//newlib/nios2-elf/lib\libc.a(lib_a-locale.o)
 *fill*         0x00000000040152ce        0x2 
 .rodata.__mprec_tens
                0x00000000040152d0       0xc8 ../tecnica2_bsp//newlib/nios2-elf/lib\libc.a(lib_a-mprec.o)
                0x00000000040152d0                __mprec_tens
 .rodata.__mprec_bigtens
                0x0000000004015398       0x28 ../tecnica2_bsp//newlib/nios2-elf/lib\libc.a(lib_a-mprec.o)
                0x0000000004015398                __mprec_bigtens
 .rodata.__mprec_tinytens
                0x00000000040153c0       0x28 ../tecnica2_bsp//newlib/nios2-elf/lib\libc.a(lib_a-mprec.o)
                0x00000000040153c0                __mprec_tinytens
 .rodata.p05.2768
                0x00000000040153e8        0xc ../tecnica2_bsp//newlib/nios2-elf/lib\libc.a(lib_a-mprec.o)
 .rodata        0x00000000040153f4       0x4a ../tecnica2_bsp//newlib/nios2-elf/lib\libc.a(lib_a-vfiprintf.o)
 .rodata.blanks.4348
                0x000000000401543e       0x10 ../tecnica2_bsp//newlib/nios2-elf/lib\libc.a(lib_a-vfiprintf.o)
 .rodata.zeroes.4349
                0x000000000401544e       0x10 ../tecnica2_bsp//newlib/nios2-elf/lib\libc.a(lib_a-vfiprintf.o)
 *fill*         0x000000000401545e        0x2 
 .rodata        0x0000000004015460        0xa ../tecnica2_bsp/\libhal_bsp.a(alt_dev.o)
 *fill*         0x000000000401546a        0x2 
 .rodata        0x000000000401546c        0xf ../tecnica2_bsp/\libhal_bsp.a(alt_main.o)
 *fill*         0x000000000401547b        0x1 
 .rodata        0x000000000401547c        0xf ../tecnica2_bsp/\libhal_bsp.a(alt_sys_init.o)
 *fill*         0x000000000401548b        0x1 
 .rodata        0x000000000401548c      0x100 ../tecnica2_bsp/\libhal_bsp.a(perf_print_formatted_report.o)
 *(.rodata1)
                0x000000000401558c                . = ALIGN (0x4)
                0x000000000401558c                PROVIDE (__ram_rodata_end, ABSOLUTE (.))
                0x0000000004015060                PROVIDE (__flash_rodata_start, LOADADDR (.rodata))

.rwdata         0x000000000401558c     0x1b10 load address 0x000000000401709c
                0x000000000401558c                PROVIDE (__ram_rwdata_start, ABSOLUTE (.))
                0x000000000401558c                . = ALIGN (0x4)
 *(.got.plt)
 *(.got)
 *(.data1)
 *(.data .data.* .gnu.linkonce.d.*)
 .data          0x000000000401558c        0x0 ../tecnica2_bsp//obj/HAL/src/crt0.o
 .data          0x000000000401558c        0x0 obj/default/backpropagation_best2019_superdef_ver2_alumnos-1.o
 .data          0x000000000401558c        0x0 ../tecnica2_bsp//newlib/nios2-elf/lib\libm.a(lib_a-w_sqrt.o)
 .data          0x000000000401558c        0x0 ../tecnica2_bsp//newlib/nios2-elf/lib\libm.a(lib_a-e_sqrt.o)
 .data          0x000000000401558c        0x0 ../tecnica2_bsp//newlib/nios2-elf/lib\libm.a(lib_a-s_fpclassify.o)
 .data          0x000000000401558c        0x0 ../tecnica2_bsp//newlib/nios2-elf/lib\libm.a(lib_a-s_lib_ver.o)
 .data          0x000000000401558c        0x0 ../tecnica2_bsp//newlib/nios2-elf/lib\libm.a(lib_a-s_matherr.o)
 .data          0x000000000401558c        0x0 c:/intelfpga/17.1/nios2eds/bin/gnu/h-x86_64-mingw32/bin/../lib/gcc/nios2-elf/5.3.0\libgcc.a(adddf3.o)
 .data          0x000000000401558c        0x0 c:/intelfpga/17.1/nios2eds/bin/gnu/h-x86_64-mingw32/bin/../lib/gcc/nios2-elf/5.3.0\libgcc.a(divdf3.o)
 .data          0x000000000401558c        0x0 c:/intelfpga/17.1/nios2eds/bin/gnu/h-x86_64-mingw32/bin/../lib/gcc/nios2-elf/5.3.0\libgcc.a(eqdf2.o)
 .data          0x000000000401558c        0x0 c:/intelfpga/17.1/nios2eds/bin/gnu/h-x86_64-mingw32/bin/../lib/gcc/nios2-elf/5.3.0\libgcc.a(gedf2.o)
 .data          0x000000000401558c        0x0 c:/intelfpga/17.1/nios2eds/bin/gnu/h-x86_64-mingw32/bin/../lib/gcc/nios2-elf/5.3.0\libgcc.a(ledf2.o)
 .data          0x000000000401558c        0x0 c:/intelfpga/17.1/nios2eds/bin/gnu/h-x86_64-mingw32/bin/../lib/gcc/nios2-elf/5.3.0\libgcc.a(muldf3.o)
 .data          0x000000000401558c        0x0 c:/intelfpga/17.1/nios2eds/bin/gnu/h-x86_64-mingw32/bin/../lib/gcc/nios2-elf/5.3.0\libgcc.a(subdf3.o)
 .data          0x000000000401558c        0x0 c:/intelfpga/17.1/nios2eds/bin/gnu/h-x86_64-mingw32/bin/../lib/gcc/nios2-elf/5.3.0\libgcc.a(extendsfdf2.o)
 .data          0x000000000401558c        0x0 c:/intelfpga/17.1/nios2eds/bin/gnu/h-x86_64-mingw32/bin/../lib/gcc/nios2-elf/5.3.0\libgcc.a(truncdfsf2.o)
 .data          0x000000000401558c        0x0 c:/intelfpga/17.1/nios2eds/bin/gnu/h-x86_64-mingw32/bin/../lib/gcc/nios2-elf/5.3.0\libgcc.a(_clzsi2.o)
 .data          0x000000000401558c        0x0 c:/intelfpga/17.1/nios2eds/bin/gnu/h-x86_64-mingw32/bin/../lib/gcc/nios2-elf/5.3.0\libgcc.a(lib2-divmod.o)
 .data          0x000000000401558c        0x0 c:/intelfpga/17.1/nios2eds/bin/gnu/h-x86_64-mingw32/bin/../lib/gcc/nios2-elf/5.3.0\libgcc.a(_clz.o)
 .data          0x000000000401558c        0x0 ../tecnica2_bsp//newlib/nios2-elf/lib\libc.a(lib_a-errno.o)
 .data          0x000000000401558c        0x0 ../tecnica2_bsp//newlib/nios2-elf/lib\libc.a(lib_a-impure.o)
 .data.impure_data
                0x000000000401558c      0x424 ../tecnica2_bsp//newlib/nios2-elf/lib\libc.a(lib_a-impure.o)
 .data          0x00000000040159b0        0x0 ../tecnica2_bsp//newlib/nios2-elf/lib\libc.a(lib_a-printf.o)
 .data          0x00000000040159b0        0x0 ../tecnica2_bsp//newlib/nios2-elf/lib\libc.a(lib_a-putchar.o)
 .data          0x00000000040159b0        0x0 ../tecnica2_bsp//newlib/nios2-elf/lib\libc.a(lib_a-puts.o)
 .data          0x00000000040159b0        0x0 ../tecnica2_bsp//newlib/nios2-elf/lib\libc.a(lib_a-rand.o)
 .data          0x00000000040159b0        0x0 ../tecnica2_bsp//newlib/nios2-elf/lib\libc.a(lib_a-strlen.o)
 .data          0x00000000040159b0        0x0 ../tecnica2_bsp//newlib/nios2-elf/lib\libc.a(lib_a-system.o)
 .data          0x00000000040159b0        0x0 ../tecnica2_bsp//newlib/nios2-elf/lib\libc.a(lib_a-time.o)
 .data          0x00000000040159b0        0x0 ../tecnica2_bsp//newlib/nios2-elf/lib\libc.a(lib_a-vfprintf.o)
 .data          0x00000000040159b0        0x0 ../tecnica2_bsp//newlib/nios2-elf/lib\libc.a(lib_a-wsetup.o)
 .data          0x00000000040159b0        0x0 ../tecnica2_bsp//newlib/nios2-elf/lib\libc.a(lib_a-dtoa.o)
 .data          0x00000000040159b0        0x0 ../tecnica2_bsp//newlib/nios2-elf/lib\libc.a(lib_a-fflush.o)
 .data          0x00000000040159b0        0x0 ../tecnica2_bsp//newlib/nios2-elf/lib\libc.a(lib_a-findfp.o)
 .data          0x00000000040159b0        0x0 ../tecnica2_bsp//newlib/nios2-elf/lib\libc.a(lib_a-freer.o)
 .data          0x00000000040159b0        0x0 ../tecnica2_bsp//newlib/nios2-elf/lib\libc.a(lib_a-fvwrite.o)
 .data          0x00000000040159b0        0x0 ../tecnica2_bsp//newlib/nios2-elf/lib\libc.a(lib_a-fwalk.o)
 .data          0x00000000040159b0        0x0 ../tecnica2_bsp//newlib/nios2-elf/lib\libc.a(lib_a-gettimeofdayr.o)
 .data          0x00000000040159b0        0x0 ../tecnica2_bsp//newlib/nios2-elf/lib\libc.a(lib_a-int_errno.o)
 .data          0x00000000040159b0        0x0 ../tecnica2_bsp//newlib/nios2-elf/lib\libc.a(lib_a-locale.o)
 .data.lconv    0x00000000040159b0       0x38 ../tecnica2_bsp//newlib/nios2-elf/lib\libc.a(lib_a-locale.o)
 .data.lc_ctype_charset
                0x00000000040159e8       0x20 ../tecnica2_bsp//newlib/nios2-elf/lib\libc.a(lib_a-locale.o)
 .data.lc_message_charset
                0x0000000004015a08       0x20 ../tecnica2_bsp//newlib/nios2-elf/lib\libc.a(lib_a-locale.o)
 .data          0x0000000004015a28        0x0 ../tecnica2_bsp//newlib/nios2-elf/lib\libc.a(lib_a-makebuf.o)
 .data          0x0000000004015a28        0x0 ../tecnica2_bsp//newlib/nios2-elf/lib\libc.a(lib_a-mallocr.o)
 .data.__malloc_av_
                0x0000000004015a28      0x408 ../tecnica2_bsp//newlib/nios2-elf/lib\libc.a(lib_a-mallocr.o)
                0x0000000004015a28                __malloc_av_
 .data          0x0000000004015e30        0x0 ../tecnica2_bsp//newlib/nios2-elf/lib\libc.a(lib_a-memchr.o)
 .data          0x0000000004015e30        0x0 ../tecnica2_bsp//newlib/nios2-elf/lib\libc.a(lib_a-memcpy.o)
 .data          0x0000000004015e30        0x0 ../tecnica2_bsp//newlib/nios2-elf/lib\libc.a(lib_a-memmove.o)
 .data          0x0000000004015e30        0x0 ../tecnica2_bsp//newlib/nios2-elf/lib\libc.a(lib_a-memset.o)
 .data          0x0000000004015e30        0x0 ../tecnica2_bsp//newlib/nios2-elf/lib\libc.a(lib_a-mprec.o)
 .data          0x0000000004015e30        0x0 ../tecnica2_bsp//newlib/nios2-elf/lib\libc.a(lib_a-putc.o)
 .data          0x0000000004015e30        0x0 ../tecnica2_bsp//newlib/nios2-elf/lib\libc.a(lib_a-reallocr.o)
 .data          0x0000000004015e30        0x0 ../tecnica2_bsp//newlib/nios2-elf/lib\libc.a(lib_a-sbrkr.o)
 .data          0x0000000004015e30        0x0 ../tecnica2_bsp//newlib/nios2-elf/lib\libc.a(lib_a-stdio.o)
 .data          0x0000000004015e30        0x0 ../tecnica2_bsp//newlib/nios2-elf/lib\libc.a(lib_a-strcmp.o)
 .data          0x0000000004015e30        0x0 ../tecnica2_bsp//newlib/nios2-elf/lib\libc.a(lib_a-vfiprintf.o)
 .data          0x0000000004015e30        0x0 ../tecnica2_bsp//newlib/nios2-elf/lib\libc.a(lib_a-wbuf.o)
 .data          0x0000000004015e30        0x0 ../tecnica2_bsp//newlib/nios2-elf/lib\libc.a(lib_a-writer.o)
 .data          0x0000000004015e30        0x0 ../tecnica2_bsp//newlib/nios2-elf/lib\libc.a(closer.o)
 .data          0x0000000004015e30        0x0 ../tecnica2_bsp//newlib/nios2-elf/lib\libc.a(lib_a-callocr.o)
 .data          0x0000000004015e30        0x0 ../tecnica2_bsp//newlib/nios2-elf/lib\libc.a(lib_a-fclose.o)
 .data          0x0000000004015e30        0x0 ../tecnica2_bsp//newlib/nios2-elf/lib\libc.a(lib_a-fputwc.o)
 .data          0x0000000004015e30        0x0 ../tecnica2_bsp//newlib/nios2-elf/lib\libc.a(lib_a-fstatr.o)
 .data          0x0000000004015e30        0x0 ../tecnica2_bsp//newlib/nios2-elf/lib\libc.a(lib_a-isattyr.o)
 .data          0x0000000004015e30        0x0 ../tecnica2_bsp//newlib/nios2-elf/lib\libc.a(lib_a-lseekr.o)
 .data          0x0000000004015e30        0x0 ../tecnica2_bsp//newlib/nios2-elf/lib\libc.a(lib_a-readr.o)
 .data          0x0000000004015e30        0x0 ../tecnica2_bsp//newlib/nios2-elf/lib\libc.a(lib_a-wcrtomb.o)
 .data          0x0000000004015e30        0x0 ../tecnica2_bsp//newlib/nios2-elf/lib\libc.a(lib_a-wctomb_r.o)
 .data          0x0000000004015e30        0x0 c:/intelfpga/17.1/nios2eds/bin/gnu/h-x86_64-mingw32/bin/../lib/gcc/nios2-elf/5.3.0\libgcc.a(_muldi3.o)
 .data          0x0000000004015e30        0x0 c:/intelfpga/17.1/nios2eds/bin/gnu/h-x86_64-mingw32/bin/../lib/gcc/nios2-elf/5.3.0\libgcc.a(_udivdi3.o)
 .data          0x0000000004015e30        0x0 c:/intelfpga/17.1/nios2eds/bin/gnu/h-x86_64-mingw32/bin/../lib/gcc/nios2-elf/5.3.0\libgcc.a(_umoddi3.o)
 .data          0x0000000004015e30        0x0 c:/intelfpga/17.1/nios2eds/bin/gnu/h-x86_64-mingw32/bin/../lib/gcc/nios2-elf/5.3.0\libgcc.a(fixdfsi.o)
 .data          0x0000000004015e30        0x0 c:/intelfpga/17.1/nios2eds/bin/gnu/h-x86_64-mingw32/bin/../lib/gcc/nios2-elf/5.3.0\libgcc.a(floatsidf.o)
 .data          0x0000000004015e30        0x0 c:/intelfpga/17.1/nios2eds/bin/gnu/h-x86_64-mingw32/bin/../lib/gcc/nios2-elf/5.3.0\libgcc.a(floatunsidf.o)
 .data          0x0000000004015e30        0x0 ../tecnica2_bsp/\libhal_bsp.a(alt_close.o)
 .data          0x0000000004015e30      0x1a8 ../tecnica2_bsp/\libhal_bsp.a(alt_dev.o)
                0x0000000004015e30                alt_dev_null
                0x0000000004015e58                alt_fd_list
 .data          0x0000000004015fd8        0x0 ../tecnica2_bsp/\libhal_bsp.a(alt_errno.o)
 .data          0x0000000004015fd8        0x0 ../tecnica2_bsp/\libhal_bsp.a(alt_fstat.o)
 .data          0x0000000004015fd8        0x0 ../tecnica2_bsp/\libhal_bsp.a(alt_gettod.o)
 .data          0x0000000004015fd8        0x0 ../tecnica2_bsp/\libhal_bsp.a(alt_isatty.o)
 .data          0x0000000004015fd8        0x0 ../tecnica2_bsp/\libhal_bsp.a(alt_load.o)
 .data          0x0000000004015fd8        0x0 ../tecnica2_bsp/\libhal_bsp.a(alt_lseek.o)
 .data          0x0000000004015fd8        0x0 ../tecnica2_bsp/\libhal_bsp.a(alt_main.o)
 .data          0x0000000004015fd8        0x0 ../tecnica2_bsp/\libhal_bsp.a(alt_malloc_lock.o)
 .data          0x0000000004015fd8        0x0 ../tecnica2_bsp/\libhal_bsp.a(alt_read.o)
 .data          0x0000000004015fd8        0x0 ../tecnica2_bsp/\libhal_bsp.a(alt_release_fd.o)
 .data          0x0000000004015fd8        0x0 ../tecnica2_bsp/\libhal_bsp.a(alt_sbrk.o)
 .data          0x0000000004015fd8        0x0 ../tecnica2_bsp/\libhal_bsp.a(alt_tick.o)
 .data          0x0000000004015fd8        0x0 ../tecnica2_bsp/\libhal_bsp.a(alt_write.o)
 .data          0x0000000004015fd8     0x1060 ../tecnica2_bsp/\libhal_bsp.a(alt_sys_init.o)
 .data          0x0000000004017038        0x0 ../tecnica2_bsp/\libhal_bsp.a(altera_avalon_jtag_uart_fd.o)
 .data          0x0000000004017038        0x0 ../tecnica2_bsp/\libhal_bsp.a(altera_avalon_jtag_uart_init.o)
 .data          0x0000000004017038        0x0 ../tecnica2_bsp/\libhal_bsp.a(altera_avalon_jtag_uart_ioctl.o)
 .data          0x0000000004017038        0x0 ../tecnica2_bsp/\libhal_bsp.a(altera_avalon_jtag_uart_read.o)
 .data          0x0000000004017038        0x0 ../tecnica2_bsp/\libhal_bsp.a(altera_avalon_jtag_uart_write.o)
 .data          0x0000000004017038        0x0 ../tecnica2_bsp/\libhal_bsp.a(altera_avalon_timer_sc.o)
 .data          0x0000000004017038        0x0 ../tecnica2_bsp/\libhal_bsp.a(perf_print_formatted_report.o)
 .data          0x0000000004017038        0x0 ../tecnica2_bsp/\libhal_bsp.a(alt_alarm_start.o)
 .data          0x0000000004017038        0x0 ../tecnica2_bsp/\libhal_bsp.a(alt_dcache_flush_all.o)
 .data          0x0000000004017038        0x0 ../tecnica2_bsp/\libhal_bsp.a(alt_dev_llist_insert.o)
 .data          0x0000000004017038        0x0 ../tecnica2_bsp/\libhal_bsp.a(alt_do_ctors.o)
 .data          0x0000000004017038        0x0 ../tecnica2_bsp/\libhal_bsp.a(alt_do_dtors.o)
 .data          0x0000000004017038        0x0 ../tecnica2_bsp/\libhal_bsp.a(alt_icache_flush_all.o)
 .data          0x0000000004017038        0x0 ../tecnica2_bsp/\libhal_bsp.a(alt_iic.o)
 .data          0x0000000004017038        0x0 ../tecnica2_bsp/\libhal_bsp.a(alt_iic_isr_register.o)
 .data          0x0000000004017038        0x0 ../tecnica2_bsp/\libhal_bsp.a(alt_io_redirect.o)
 .data          0x0000000004017038        0x0 ../tecnica2_bsp/\libhal_bsp.a(alt_irq_entry.o)
 .data          0x0000000004017038        0x0 ../tecnica2_bsp/\libhal_bsp.a(alt_irq_handler.o)
 .data          0x0000000004017038        0x0 ../tecnica2_bsp/\libhal_bsp.a(alt_irq_vars.o)
 .data          0x0000000004017038        0x0 ../tecnica2_bsp/\libhal_bsp.a(alt_open.o)
 .data          0x0000000004017038        0x0 ../tecnica2_bsp/\libhal_bsp.a(altera_nios2_gen2_irq.o)
 .data          0x0000000004017038        0x0 ../tecnica2_bsp/\libhal_bsp.a(altera_avalon_performance_counter.o)
 .data          0x0000000004017038        0x0 ../tecnica2_bsp/\libhal_bsp.a(alt_exception_entry.o)
 .data          0x0000000004017038        0x0 ../tecnica2_bsp/\libhal_bsp.a(alt_find_dev.o)
 .data          0x0000000004017038        0x0 ../tecnica2_bsp/\libhal_bsp.a(alt_find_file.o)
 .data          0x0000000004017038        0x0 ../tecnica2_bsp/\libhal_bsp.a(alt_get_fd.o)
 .data          0x0000000004017038        0x0 ../tecnica2_bsp/\libhal_bsp.a(alt_icache_flush.o)
 .data          0x0000000004017038        0x0 ../tecnica2_bsp/\libhal_bsp.a(alt_instruction_exception_entry.o)
 .data          0x0000000004017038        0x0 ../tecnica2_bsp//newlib/nios2-elf/lib\libc.a(lib_a-atexit.o)
 .data          0x0000000004017038        0x0 ../tecnica2_bsp//newlib/nios2-elf/lib\libc.a(lib_a-exit.o)
 .data          0x0000000004017038        0x0 ../tecnica2_bsp//newlib/nios2-elf/lib\libc.a(lib_a-memcmp.o)
 .data          0x0000000004017038        0x0 ../tecnica2_bsp//newlib/nios2-elf/lib\libc.a(lib_a-__atexit.o)
 .data          0x0000000004017038        0x0 ../tecnica2_bsp//newlib/nios2-elf/lib\libc.a(lib_a-__call_atexit.o)
 .data          0x0000000004017038        0x0 c:/intelfpga/17.1/nios2eds/bin/gnu/h-x86_64-mingw32/bin/../lib/gcc/nios2-elf/5.3.0\libgcc.a(_floatundidf.o)
 .data          0x0000000004017038        0x0 ../tecnica2_bsp/\libhal_bsp.a(alt_exit.o)
                0x000000000401f038                _gp = ABSOLUTE ((. + 0x8000))
                [!provide]                        PROVIDE (gp, _gp)
 *(.rwdata .rwdata.*)
 *(.sdata .sdata.* .gnu.linkonce.s.*)
 .sdata         0x0000000004017038       0x10 obj/default/backpropagation_best2019_superdef_ver2_alumnos-1.o
                0x0000000004017038                numEpochs
                0x000000000401703c                LR_IH1
                0x0000000004017040                LR_H2O
                0x0000000004017044                LR_H1H2
 .sdata.one     0x0000000004017048        0x8 ../tecnica2_bsp//newlib/nios2-elf/lib\libm.a(lib_a-e_sqrt.o)
 .sdata.tiny    0x0000000004017050        0x8 ../tecnica2_bsp//newlib/nios2-elf/lib\libm.a(lib_a-e_sqrt.o)
 .sdata.__fdlib_version
                0x0000000004017058        0x4 ../tecnica2_bsp//newlib/nios2-elf/lib\libm.a(lib_a-s_lib_ver.o)
                0x0000000004017058                __fdlib_version
 .sdata._impure_ptr
                0x000000000401705c        0x4 ../tecnica2_bsp//newlib/nios2-elf/lib\libc.a(lib_a-impure.o)
                0x000000000401705c                _impure_ptr
 .sdata._global_impure_ptr
                0x0000000004017060        0x4 ../tecnica2_bsp//newlib/nios2-elf/lib\libc.a(lib_a-impure.o)
                0x0000000004017060                _global_impure_ptr
 .sdata.__mb_cur_max
                0x0000000004017064        0x4 ../tecnica2_bsp//newlib/nios2-elf/lib\libc.a(lib_a-locale.o)
                0x0000000004017064                __mb_cur_max
 .sdata.__malloc_trim_threshold
                0x0000000004017068        0x4 ../tecnica2_bsp//newlib/nios2-elf/lib\libc.a(lib_a-mallocr.o)
                0x0000000004017068                __malloc_trim_threshold
 .sdata.__malloc_sbrk_base
                0x000000000401706c        0x4 ../tecnica2_bsp//newlib/nios2-elf/lib\libc.a(lib_a-mallocr.o)
                0x000000000401706c                __malloc_sbrk_base
 .sdata.__wctomb
                0x0000000004017070        0x4 ../tecnica2_bsp//newlib/nios2-elf/lib\libc.a(lib_a-wctomb_r.o)
                0x0000000004017070                __wctomb
 .sdata         0x0000000004017074       0x14 ../tecnica2_bsp/\libhal_bsp.a(alt_dev.o)
                0x0000000004017074                alt_fs_list
                0x000000000401707c                alt_dev_list
                0x0000000004017084                alt_max_fd
 .sdata         0x0000000004017088        0x4 ../tecnica2_bsp/\libhal_bsp.a(alt_errno.o)
                0x0000000004017088                alt_errno
 .sdata         0x000000000401708c        0x4 ../tecnica2_bsp/\libhal_bsp.a(alt_sbrk.o)
 .sdata         0x0000000004017090        0x8 ../tecnica2_bsp/\libhal_bsp.a(alt_tick.o)
                0x0000000004017090                alt_alarm_list
 .sdata         0x0000000004017098        0x4 ../tecnica2_bsp/\libhal_bsp.a(alt_irq_vars.o)
                0x0000000004017098                alt_priority_mask
 *(.sdata2 .sdata2.* .gnu.linkonce.s2.*)
                0x000000000401709c                . = ALIGN (0x4)
                0x000000000401709c                _edata = ABSOLUTE (.)
                [!provide]                        PROVIDE (edata, ABSOLUTE (.))
                0x000000000401709c                PROVIDE (__ram_rwdata_end, ABSOLUTE (.))
                0x000000000401709c                PROVIDE (__flash_rwdata_start, LOADADDR (.rwdata))

.bss            0x0000000004018bac     0x291c
                0x0000000004018bac                __bss_start = ABSOLUTE (.)
                [!provide]                        PROVIDE (__sbss_start, ABSOLUTE (.))
                [!provide]                        PROVIDE (___sbss_start, ABSOLUTE (.))
 *(.dynsbss)
 *(.sbss .sbss.* .gnu.linkonce.sb.*)
 .sbss          0x0000000004018bac       0x10 obj/default/backpropagation_best2019_superdef_ver2_alumnos-1.o
                0x0000000004018bac                patNum
                0x0000000004018bb0                errThisPat
                0x0000000004018bb4                delta_o
                0x0000000004018bb8                RMSerror
 .sbss          0x0000000004018bbc        0xc obj/default/backpropagation_best2019_superdef_ver2_alumnos-1.o
                0x0000000004018bbc                outPred
                0x0000000004018bc0                ponderacion3
                0x0000000004018bc4                der_outPred
 .sbss.__sfp_lock
                0x0000000004018bc8        0x4 ../tecnica2_bsp//newlib/nios2-elf/lib\libc.a(lib_a-findfp.o)
 .sbss.__sinit_lock
                0x0000000004018bcc        0x4 ../tecnica2_bsp//newlib/nios2-elf/lib\libc.a(lib_a-findfp.o)
 .sbss          0x0000000004018bd0        0x4 ../tecnica2_bsp//newlib/nios2-elf/lib\libc.a(lib_a-int_errno.o)
                0x0000000004018bd0                errno
 .sbss.__nlocale_changed
                0x0000000004018bd4        0x4 ../tecnica2_bsp//newlib/nios2-elf/lib\libc.a(lib_a-locale.o)
                0x0000000004018bd4                __nlocale_changed
 .sbss.__mlocale_changed
                0x0000000004018bd8        0x4 ../tecnica2_bsp//newlib/nios2-elf/lib\libc.a(lib_a-locale.o)
                0x0000000004018bd8                __mlocale_changed
 .sbss._PathLocale
                0x0000000004018bdc        0x4 ../tecnica2_bsp//newlib/nios2-elf/lib\libc.a(lib_a-locale.o)
                0x0000000004018bdc                _PathLocale
 .sbss.lc_ctype_cjk_lang
                0x0000000004018be0        0x4 ../tecnica2_bsp//newlib/nios2-elf/lib\libc.a(lib_a-locale.o)
 .sbss.__malloc_top_pad
                0x0000000004018be4        0x4 ../tecnica2_bsp//newlib/nios2-elf/lib\libc.a(lib_a-mallocr.o)
                0x0000000004018be4                __malloc_top_pad
 .sbss.__malloc_max_sbrked_mem
                0x0000000004018be8        0x4 ../tecnica2_bsp//newlib/nios2-elf/lib\libc.a(lib_a-mallocr.o)
                0x0000000004018be8                __malloc_max_sbrked_mem
 .sbss.__malloc_max_total_mem
                0x0000000004018bec        0x4 ../tecnica2_bsp//newlib/nios2-elf/lib\libc.a(lib_a-mallocr.o)
                0x0000000004018bec                __malloc_max_total_mem
 .sbss          0x0000000004018bf0       0x10 ../tecnica2_bsp/\libhal_bsp.a(alt_gettod.o)
                0x0000000004018bf0                alt_timezone
                0x0000000004018bf8                alt_resettime
 .sbss          0x0000000004018c00        0xc ../tecnica2_bsp/\libhal_bsp.a(alt_main.o)
                0x0000000004018c00                alt_argc
                0x0000000004018c04                alt_argv
                0x0000000004018c08                alt_envp
 .sbss          0x0000000004018c0c        0x8 ../tecnica2_bsp/\libhal_bsp.a(alt_tick.o)
                0x0000000004018c0c                _alt_tick_rate
                0x0000000004018c10                _alt_nticks
 .sbss          0x0000000004018c14        0x4 ../tecnica2_bsp/\libhal_bsp.a(alt_irq_vars.o)
                0x0000000004018c14                alt_irq_active
 .sbss          0x0000000004018c18        0x4 ../tecnica2_bsp/\libhal_bsp.a(alt_instruction_exception_entry.o)
                0x0000000004018c18                alt_instruction_exception_handler
 .sbss.__atexit_lock
                0x0000000004018c1c        0x4 ../tecnica2_bsp//newlib/nios2-elf/lib\libc.a(lib_a-__call_atexit.o)
 *(.sbss2 .sbss2.* .gnu.linkonce.sb2.*)
 *(.scommon)
                [!provide]                        PROVIDE (__sbss_end, ABSOLUTE (.))
                [!provide]                        PROVIDE (___sbss_end, ABSOLUTE (.))
 *(.dynbss)
 *(.bss .bss.* .gnu.linkonce.b.*)
 .bss           0x0000000004018c20        0x0 ../tecnica2_bsp//obj/HAL/src/crt0.o
 .bss           0x0000000004018c20        0x0 obj/default/backpropagation_best2019_superdef_ver2_alumnos-1.o
 .bss           0x0000000004018c20        0x0 ../tecnica2_bsp//newlib/nios2-elf/lib\libm.a(lib_a-w_sqrt.o)
 .bss           0x0000000004018c20        0x0 ../tecnica2_bsp//newlib/nios2-elf/lib\libm.a(lib_a-e_sqrt.o)
 .bss           0x0000000004018c20        0x0 ../tecnica2_bsp//newlib/nios2-elf/lib\libm.a(lib_a-s_fpclassify.o)
 .bss           0x0000000004018c20        0x0 ../tecnica2_bsp//newlib/nios2-elf/lib\libm.a(lib_a-s_lib_ver.o)
 .bss           0x0000000004018c20        0x0 ../tecnica2_bsp//newlib/nios2-elf/lib\libm.a(lib_a-s_matherr.o)
 .bss           0x0000000004018c20        0x0 c:/intelfpga/17.1/nios2eds/bin/gnu/h-x86_64-mingw32/bin/../lib/gcc/nios2-elf/5.3.0\libgcc.a(adddf3.o)
 .bss           0x0000000004018c20        0x0 c:/intelfpga/17.1/nios2eds/bin/gnu/h-x86_64-mingw32/bin/../lib/gcc/nios2-elf/5.3.0\libgcc.a(divdf3.o)
 .bss           0x0000000004018c20        0x0 c:/intelfpga/17.1/nios2eds/bin/gnu/h-x86_64-mingw32/bin/../lib/gcc/nios2-elf/5.3.0\libgcc.a(eqdf2.o)
 .bss           0x0000000004018c20        0x0 c:/intelfpga/17.1/nios2eds/bin/gnu/h-x86_64-mingw32/bin/../lib/gcc/nios2-elf/5.3.0\libgcc.a(gedf2.o)
 .bss           0x0000000004018c20        0x0 c:/intelfpga/17.1/nios2eds/bin/gnu/h-x86_64-mingw32/bin/../lib/gcc/nios2-elf/5.3.0\libgcc.a(ledf2.o)
 .bss           0x0000000004018c20        0x0 c:/intelfpga/17.1/nios2eds/bin/gnu/h-x86_64-mingw32/bin/../lib/gcc/nios2-elf/5.3.0\libgcc.a(muldf3.o)
 .bss           0x0000000004018c20        0x0 c:/intelfpga/17.1/nios2eds/bin/gnu/h-x86_64-mingw32/bin/../lib/gcc/nios2-elf/5.3.0\libgcc.a(subdf3.o)
 .bss           0x0000000004018c20        0x0 c:/intelfpga/17.1/nios2eds/bin/gnu/h-x86_64-mingw32/bin/../lib/gcc/nios2-elf/5.3.0\libgcc.a(extendsfdf2.o)
 .bss           0x0000000004018c20        0x0 c:/intelfpga/17.1/nios2eds/bin/gnu/h-x86_64-mingw32/bin/../lib/gcc/nios2-elf/5.3.0\libgcc.a(truncdfsf2.o)
 .bss           0x0000000004018c20        0x0 c:/intelfpga/17.1/nios2eds/bin/gnu/h-x86_64-mingw32/bin/../lib/gcc/nios2-elf/5.3.0\libgcc.a(_clzsi2.o)
 .bss           0x0000000004018c20        0x0 c:/intelfpga/17.1/nios2eds/bin/gnu/h-x86_64-mingw32/bin/../lib/gcc/nios2-elf/5.3.0\libgcc.a(lib2-divmod.o)
 .bss           0x0000000004018c20        0x0 c:/intelfpga/17.1/nios2eds/bin/gnu/h-x86_64-mingw32/bin/../lib/gcc/nios2-elf/5.3.0\libgcc.a(_clz.o)
 .bss           0x0000000004018c20        0x0 ../tecnica2_bsp//newlib/nios2-elf/lib\libc.a(lib_a-errno.o)
 .bss           0x0000000004018c20        0x0 ../tecnica2_bsp//newlib/nios2-elf/lib\libc.a(lib_a-impure.o)
 .bss           0x0000000004018c20        0x0 ../tecnica2_bsp//newlib/nios2-elf/lib\libc.a(lib_a-printf.o)
 .bss           0x0000000004018c20        0x0 ../tecnica2_bsp//newlib/nios2-elf/lib\libc.a(lib_a-putchar.o)
 .bss           0x0000000004018c20        0x0 ../tecnica2_bsp//newlib/nios2-elf/lib\libc.a(lib_a-puts.o)
 .bss           0x0000000004018c20        0x0 ../tecnica2_bsp//newlib/nios2-elf/lib\libc.a(lib_a-rand.o)
 .bss           0x0000000004018c20        0x0 ../tecnica2_bsp//newlib/nios2-elf/lib\libc.a(lib_a-strlen.o)
 .bss           0x0000000004018c20        0x0 ../tecnica2_bsp//newlib/nios2-elf/lib\libc.a(lib_a-system.o)
 .bss           0x0000000004018c20        0x0 ../tecnica2_bsp//newlib/nios2-elf/lib\libc.a(lib_a-time.o)
 .bss           0x0000000004018c20        0x0 ../tecnica2_bsp//newlib/nios2-elf/lib\libc.a(lib_a-vfprintf.o)
 .bss           0x0000000004018c20        0x0 ../tecnica2_bsp//newlib/nios2-elf/lib\libc.a(lib_a-wsetup.o)
 .bss           0x0000000004018c20        0x0 ../tecnica2_bsp//newlib/nios2-elf/lib\libc.a(lib_a-dtoa.o)
 .bss           0x0000000004018c20        0x0 ../tecnica2_bsp//newlib/nios2-elf/lib\libc.a(lib_a-fflush.o)
 .bss           0x0000000004018c20        0x0 ../tecnica2_bsp//newlib/nios2-elf/lib\libc.a(lib_a-findfp.o)
 .bss           0x0000000004018c20        0x0 ../tecnica2_bsp//newlib/nios2-elf/lib\libc.a(lib_a-freer.o)
 .bss           0x0000000004018c20        0x0 ../tecnica2_bsp//newlib/nios2-elf/lib\libc.a(lib_a-fvwrite.o)
 .bss           0x0000000004018c20        0x0 ../tecnica2_bsp//newlib/nios2-elf/lib\libc.a(lib_a-fwalk.o)
 .bss           0x0000000004018c20        0x0 ../tecnica2_bsp//newlib/nios2-elf/lib\libc.a(lib_a-gettimeofdayr.o)
 .bss           0x0000000004018c20        0x0 ../tecnica2_bsp//newlib/nios2-elf/lib\libc.a(lib_a-int_errno.o)
 .bss           0x0000000004018c20        0x0 ../tecnica2_bsp//newlib/nios2-elf/lib\libc.a(lib_a-locale.o)
 .bss           0x0000000004018c20        0x0 ../tecnica2_bsp//newlib/nios2-elf/lib\libc.a(lib_a-makebuf.o)
 .bss           0x0000000004018c20        0x0 ../tecnica2_bsp//newlib/nios2-elf/lib\libc.a(lib_a-mallocr.o)
 .bss.__malloc_current_mallinfo
                0x0000000004018c20       0x28 ../tecnica2_bsp//newlib/nios2-elf/lib\libc.a(lib_a-mallocr.o)
                0x0000000004018c20                __malloc_current_mallinfo
 .bss           0x0000000004018c48        0x0 ../tecnica2_bsp//newlib/nios2-elf/lib\libc.a(lib_a-memchr.o)
 .bss           0x0000000004018c48        0x0 ../tecnica2_bsp//newlib/nios2-elf/lib\libc.a(lib_a-memcpy.o)
 .bss           0x0000000004018c48        0x0 ../tecnica2_bsp//newlib/nios2-elf/lib\libc.a(lib_a-memmove.o)
 .bss           0x0000000004018c48        0x0 ../tecnica2_bsp//newlib/nios2-elf/lib\libc.a(lib_a-memset.o)
 .bss           0x0000000004018c48        0x0 ../tecnica2_bsp//newlib/nios2-elf/lib\libc.a(lib_a-mprec.o)
 .bss           0x0000000004018c48        0x0 ../tecnica2_bsp//newlib/nios2-elf/lib\libc.a(lib_a-putc.o)
 .bss           0x0000000004018c48        0x0 ../tecnica2_bsp//newlib/nios2-elf/lib\libc.a(lib_a-reallocr.o)
 .bss           0x0000000004018c48        0x0 ../tecnica2_bsp//newlib/nios2-elf/lib\libc.a(lib_a-sbrkr.o)
 .bss           0x0000000004018c48        0x0 ../tecnica2_bsp//newlib/nios2-elf/lib\libc.a(lib_a-stdio.o)
 .bss           0x0000000004018c48        0x0 ../tecnica2_bsp//newlib/nios2-elf/lib\libc.a(lib_a-strcmp.o)
 .bss           0x0000000004018c48        0x0 ../tecnica2_bsp//newlib/nios2-elf/lib\libc.a(lib_a-vfiprintf.o)
 .bss           0x0000000004018c48        0x0 ../tecnica2_bsp//newlib/nios2-elf/lib\libc.a(lib_a-wbuf.o)
 .bss           0x0000000004018c48        0x0 ../tecnica2_bsp//newlib/nios2-elf/lib\libc.a(lib_a-writer.o)
 .bss           0x0000000004018c48        0x0 ../tecnica2_bsp//newlib/nios2-elf/lib\libc.a(closer.o)
 .bss           0x0000000004018c48        0x0 ../tecnica2_bsp//newlib/nios2-elf/lib\libc.a(lib_a-callocr.o)
 .bss           0x0000000004018c48        0x0 ../tecnica2_bsp//newlib/nios2-elf/lib\libc.a(lib_a-fclose.o)
 .bss           0x0000000004018c48        0x0 ../tecnica2_bsp//newlib/nios2-elf/lib\libc.a(lib_a-fputwc.o)
 .bss           0x0000000004018c48        0x0 ../tecnica2_bsp//newlib/nios2-elf/lib\libc.a(lib_a-fstatr.o)
 .bss           0x0000000004018c48        0x0 ../tecnica2_bsp//newlib/nios2-elf/lib\libc.a(lib_a-isattyr.o)
 .bss           0x0000000004018c48        0x0 ../tecnica2_bsp//newlib/nios2-elf/lib\libc.a(lib_a-lseekr.o)
 .bss           0x0000000004018c48        0x0 ../tecnica2_bsp//newlib/nios2-elf/lib\libc.a(lib_a-readr.o)
 .bss           0x0000000004018c48        0x0 ../tecnica2_bsp//newlib/nios2-elf/lib\libc.a(lib_a-wcrtomb.o)
 .bss           0x0000000004018c48        0x0 ../tecnica2_bsp//newlib/nios2-elf/lib\libc.a(lib_a-wctomb_r.o)
 .bss           0x0000000004018c48        0x0 c:/intelfpga/17.1/nios2eds/bin/gnu/h-x86_64-mingw32/bin/../lib/gcc/nios2-elf/5.3.0\libgcc.a(_muldi3.o)
 .bss           0x0000000004018c48        0x0 c:/intelfpga/17.1/nios2eds/bin/gnu/h-x86_64-mingw32/bin/../lib/gcc/nios2-elf/5.3.0\libgcc.a(_udivdi3.o)
 .bss           0x0000000004018c48        0x0 c:/intelfpga/17.1/nios2eds/bin/gnu/h-x86_64-mingw32/bin/../lib/gcc/nios2-elf/5.3.0\libgcc.a(_umoddi3.o)
 .bss           0x0000000004018c48        0x0 c:/intelfpga/17.1/nios2eds/bin/gnu/h-x86_64-mingw32/bin/../lib/gcc/nios2-elf/5.3.0\libgcc.a(fixdfsi.o)
 .bss           0x0000000004018c48        0x0 c:/intelfpga/17.1/nios2eds/bin/gnu/h-x86_64-mingw32/bin/../lib/gcc/nios2-elf/5.3.0\libgcc.a(floatsidf.o)
 .bss           0x0000000004018c48        0x0 c:/intelfpga/17.1/nios2eds/bin/gnu/h-x86_64-mingw32/bin/../lib/gcc/nios2-elf/5.3.0\libgcc.a(floatunsidf.o)
 .bss           0x0000000004018c48        0x0 ../tecnica2_bsp/\libhal_bsp.a(alt_close.o)
 .bss           0x0000000004018c48        0x0 ../tecnica2_bsp/\libhal_bsp.a(alt_dev.o)
 .bss           0x0000000004018c48        0x0 ../tecnica2_bsp/\libhal_bsp.a(alt_errno.o)
 .bss           0x0000000004018c48        0x0 ../tecnica2_bsp/\libhal_bsp.a(alt_fstat.o)
 .bss           0x0000000004018c48        0x0 ../tecnica2_bsp/\libhal_bsp.a(alt_gettod.o)
 .bss           0x0000000004018c48        0x0 ../tecnica2_bsp/\libhal_bsp.a(alt_isatty.o)
 .bss           0x0000000004018c48        0x0 ../tecnica2_bsp/\libhal_bsp.a(alt_load.o)
 .bss           0x0000000004018c48        0x0 ../tecnica2_bsp/\libhal_bsp.a(alt_lseek.o)
 .bss           0x0000000004018c48        0x0 ../tecnica2_bsp/\libhal_bsp.a(alt_main.o)
 .bss           0x0000000004018c48        0x0 ../tecnica2_bsp/\libhal_bsp.a(alt_malloc_lock.o)
 .bss           0x0000000004018c48        0x0 ../tecnica2_bsp/\libhal_bsp.a(alt_read.o)
 .bss           0x0000000004018c48        0x0 ../tecnica2_bsp/\libhal_bsp.a(alt_release_fd.o)
 .bss           0x0000000004018c48        0x0 ../tecnica2_bsp/\libhal_bsp.a(alt_sbrk.o)
 .bss           0x0000000004018c48        0x0 ../tecnica2_bsp/\libhal_bsp.a(alt_tick.o)
 .bss           0x0000000004018c48        0x0 ../tecnica2_bsp/\libhal_bsp.a(alt_write.o)
 .bss           0x0000000004018c48        0x0 ../tecnica2_bsp/\libhal_bsp.a(alt_sys_init.o)
 .bss           0x0000000004018c48        0x0 ../tecnica2_bsp/\libhal_bsp.a(altera_avalon_jtag_uart_fd.o)
 .bss           0x0000000004018c48        0x0 ../tecnica2_bsp/\libhal_bsp.a(altera_avalon_jtag_uart_init.o)
 .bss           0x0000000004018c48        0x0 ../tecnica2_bsp/\libhal_bsp.a(altera_avalon_jtag_uart_ioctl.o)
 .bss           0x0000000004018c48        0x0 ../tecnica2_bsp/\libhal_bsp.a(altera_avalon_jtag_uart_read.o)
 .bss           0x0000000004018c48        0x0 ../tecnica2_bsp/\libhal_bsp.a(altera_avalon_jtag_uart_write.o)
 .bss           0x0000000004018c48        0x0 ../tecnica2_bsp/\libhal_bsp.a(altera_avalon_timer_sc.o)
 .bss           0x0000000004018c48        0x0 ../tecnica2_bsp/\libhal_bsp.a(perf_print_formatted_report.o)
 .bss           0x0000000004018c48        0x0 ../tecnica2_bsp/\libhal_bsp.a(alt_alarm_start.o)
 .bss           0x0000000004018c48        0x0 ../tecnica2_bsp/\libhal_bsp.a(alt_dcache_flush_all.o)
 .bss           0x0000000004018c48        0x0 ../tecnica2_bsp/\libhal_bsp.a(alt_dev_llist_insert.o)
 .bss           0x0000000004018c48        0x0 ../tecnica2_bsp/\libhal_bsp.a(alt_do_ctors.o)
 .bss           0x0000000004018c48        0x0 ../tecnica2_bsp/\libhal_bsp.a(alt_do_dtors.o)
 .bss           0x0000000004018c48        0x0 ../tecnica2_bsp/\libhal_bsp.a(alt_icache_flush_all.o)
 .bss           0x0000000004018c48        0x0 ../tecnica2_bsp/\libhal_bsp.a(alt_iic.o)
 .bss           0x0000000004018c48        0x0 ../tecnica2_bsp/\libhal_bsp.a(alt_iic_isr_register.o)
 .bss           0x0000000004018c48        0x0 ../tecnica2_bsp/\libhal_bsp.a(alt_io_redirect.o)
 .bss           0x0000000004018c48        0x0 ../tecnica2_bsp/\libhal_bsp.a(alt_irq_entry.o)
 .bss           0x0000000004018c48        0x0 ../tecnica2_bsp/\libhal_bsp.a(alt_irq_handler.o)
 .bss           0x0000000004018c48        0x0 ../tecnica2_bsp/\libhal_bsp.a(alt_irq_vars.o)
 .bss           0x0000000004018c48        0x0 ../tecnica2_bsp/\libhal_bsp.a(alt_open.o)
 .bss           0x0000000004018c48        0x0 ../tecnica2_bsp/\libhal_bsp.a(altera_nios2_gen2_irq.o)
 .bss           0x0000000004018c48        0x0 ../tecnica2_bsp/\libhal_bsp.a(altera_avalon_performance_counter.o)
 .bss           0x0000000004018c48        0x0 ../tecnica2_bsp/\libhal_bsp.a(alt_exception_entry.o)
 .bss           0x0000000004018c48        0x0 ../tecnica2_bsp/\libhal_bsp.a(alt_find_dev.o)
 .bss           0x0000000004018c48        0x0 ../tecnica2_bsp/\libhal_bsp.a(alt_find_file.o)
 .bss           0x0000000004018c48        0x0 ../tecnica2_bsp/\libhal_bsp.a(alt_get_fd.o)
 .bss           0x0000000004018c48        0x0 ../tecnica2_bsp/\libhal_bsp.a(alt_icache_flush.o)
 .bss           0x0000000004018c48        0x0 ../tecnica2_bsp/\libhal_bsp.a(alt_instruction_exception_entry.o)
 .bss           0x0000000004018c48        0x0 ../tecnica2_bsp//newlib/nios2-elf/lib\libc.a(lib_a-atexit.o)
 .bss           0x0000000004018c48        0x0 ../tecnica2_bsp//newlib/nios2-elf/lib\libc.a(lib_a-exit.o)
 .bss           0x0000000004018c48        0x0 ../tecnica2_bsp//newlib/nios2-elf/lib\libc.a(lib_a-memcmp.o)
 .bss           0x0000000004018c48        0x0 ../tecnica2_bsp//newlib/nios2-elf/lib\libc.a(lib_a-__atexit.o)
 .bss           0x0000000004018c48        0x0 ../tecnica2_bsp//newlib/nios2-elf/lib\libc.a(lib_a-__call_atexit.o)
 .bss           0x0000000004018c48        0x0 c:/intelfpga/17.1/nios2eds/bin/gnu/h-x86_64-mingw32/bin/../lib/gcc/nios2-elf/5.3.0\libgcc.a(_floatundidf.o)
 .bss           0x0000000004018c48        0x0 ../tecnica2_bsp/\libhal_bsp.a(alt_exit.o)
 *(COMMON)
 COMMON         0x0000000004018c48     0x2780 obj/default/backpropagation_best2019_superdef_ver2_alumnos-1.o
                0x0000000004018c48                hiddenVal2
                0x0000000004018c98                delta_h2
                0x0000000004018ce8                weightsH2O
                0x0000000004018d3c                ponderacion1
                0x0000000004018e04                der_hiddenVal1
                0x0000000004018ecc                weightsH1H2_old
                0x0000000004019ebc                hiddenVal1
                0x0000000004019f84                weightsIH1
                0x000000000401a1dc                weightsH2O_old
                0x000000000401a230                trainInputs
                0x000000000401a260                trainOutput
                0x000000000401a270                ponderacion2
                0x000000000401a2c0                weightsH1H2
                0x000000000401b2b0                der_hiddenVal2
                0x000000000401b300                delta_h1
 COMMON         0x000000000401b3c8      0x100 ../tecnica2_bsp/\libhal_bsp.a(alt_irq_handler.o)
                0x000000000401b3c8                alt_irq
                0x000000000401b4c8                . = ALIGN (0x4)
                0x000000000401b4c8                __bss_end = ABSOLUTE (.)

.sdram          0x000000000401b4c8        0x0
                [!provide]                        PROVIDE (_alt_partition_sdram_start, ABSOLUTE (.))
 *(.sdram .sdram. sdram.*)
                0x000000000401b4c8                . = ALIGN (0x4)
                [!provide]                        PROVIDE (_alt_partition_sdram_end, ABSOLUTE (.))
                0x000000000401b4c8                _end = ABSOLUTE (.)
                0x000000000401b4c8                end = ABSOLUTE (.)
                0x000000000401b4c8                __alt_stack_base = ABSOLUTE (.)
                [!provide]                        PROVIDE (_alt_partition_sdram_load_addr, LOADADDR (.sdram))

.stab
 *(.stab)

.stabstr
 *(.stabstr)

.stab.excl
 *(.stab.excl)

.stab.exclstr
 *(.stab.exclstr)

.stab.index
 *(.stab.index)

.stab.indexstr
 *(.stab.indexstr)

.comment        0x0000000000000000       0x23
 *(.comment)
 .comment       0x0000000000000000       0x23 obj/default/backpropagation_best2019_superdef_ver2_alumnos-1.o
                                         0x24 (size before relaxing)
 .comment       0x0000000000000023       0x24 ../tecnica2_bsp//newlib/nios2-elf/lib\libm.a(lib_a-w_sqrt.o)
 .comment       0x0000000000000023       0x24 ../tecnica2_bsp//newlib/nios2-elf/lib\libm.a(lib_a-e_sqrt.o)
 .comment       0x0000000000000023       0x24 ../tecnica2_bsp//newlib/nios2-elf/lib\libm.a(lib_a-s_fpclassify.o)
 .comment       0x0000000000000023       0x24 ../tecnica2_bsp//newlib/nios2-elf/lib\libm.a(lib_a-s_lib_ver.o)
 .comment       0x0000000000000023       0x24 ../tecnica2_bsp//newlib/nios2-elf/lib\libm.a(lib_a-s_matherr.o)
 .comment       0x0000000000000023       0x24 c:/intelfpga/17.1/nios2eds/bin/gnu/h-x86_64-mingw32/bin/../lib/gcc/nios2-elf/5.3.0\libgcc.a(adddf3.o)
 .comment       0x0000000000000023       0x24 c:/intelfpga/17.1/nios2eds/bin/gnu/h-x86_64-mingw32/bin/../lib/gcc/nios2-elf/5.3.0\libgcc.a(divdf3.o)
 .comment       0x0000000000000023       0x24 c:/intelfpga/17.1/nios2eds/bin/gnu/h-x86_64-mingw32/bin/../lib/gcc/nios2-elf/5.3.0\libgcc.a(eqdf2.o)
 .comment       0x0000000000000023       0x24 c:/intelfpga/17.1/nios2eds/bin/gnu/h-x86_64-mingw32/bin/../lib/gcc/nios2-elf/5.3.0\libgcc.a(gedf2.o)
 .comment       0x0000000000000023       0x24 c:/intelfpga/17.1/nios2eds/bin/gnu/h-x86_64-mingw32/bin/../lib/gcc/nios2-elf/5.3.0\libgcc.a(ledf2.o)
 .comment       0x0000000000000023       0x24 c:/intelfpga/17.1/nios2eds/bin/gnu/h-x86_64-mingw32/bin/../lib/gcc/nios2-elf/5.3.0\libgcc.a(muldf3.o)
 .comment       0x0000000000000023       0x24 c:/intelfpga/17.1/nios2eds/bin/gnu/h-x86_64-mingw32/bin/../lib/gcc/nios2-elf/5.3.0\libgcc.a(subdf3.o)
 .comment       0x0000000000000023       0x24 c:/intelfpga/17.1/nios2eds/bin/gnu/h-x86_64-mingw32/bin/../lib/gcc/nios2-elf/5.3.0\libgcc.a(extendsfdf2.o)
 .comment       0x0000000000000023       0x24 c:/intelfpga/17.1/nios2eds/bin/gnu/h-x86_64-mingw32/bin/../lib/gcc/nios2-elf/5.3.0\libgcc.a(truncdfsf2.o)
 .comment       0x0000000000000023       0x24 c:/intelfpga/17.1/nios2eds/bin/gnu/h-x86_64-mingw32/bin/../lib/gcc/nios2-elf/5.3.0\libgcc.a(_clzsi2.o)
 .comment       0x0000000000000023       0x24 c:/intelfpga/17.1/nios2eds/bin/gnu/h-x86_64-mingw32/bin/../lib/gcc/nios2-elf/5.3.0\libgcc.a(lib2-divmod.o)
 .comment       0x0000000000000023       0x24 c:/intelfpga/17.1/nios2eds/bin/gnu/h-x86_64-mingw32/bin/../lib/gcc/nios2-elf/5.3.0\libgcc.a(_clz.o)
 .comment       0x0000000000000023       0x24 ../tecnica2_bsp//newlib/nios2-elf/lib\libc.a(lib_a-errno.o)
 .comment       0x0000000000000023       0x24 ../tecnica2_bsp//newlib/nios2-elf/lib\libc.a(lib_a-impure.o)
 .comment       0x0000000000000023       0x24 ../tecnica2_bsp//newlib/nios2-elf/lib\libc.a(lib_a-printf.o)
 .comment       0x0000000000000023       0x24 ../tecnica2_bsp//newlib/nios2-elf/lib\libc.a(lib_a-putchar.o)
 .comment       0x0000000000000023       0x24 ../tecnica2_bsp//newlib/nios2-elf/lib\libc.a(lib_a-puts.o)
 .comment       0x0000000000000023       0x24 ../tecnica2_bsp//newlib/nios2-elf/lib\libc.a(lib_a-rand.o)
 .comment       0x0000000000000023       0x24 ../tecnica2_bsp//newlib/nios2-elf/lib\libc.a(lib_a-strlen.o)
 .comment       0x0000000000000023       0x24 ../tecnica2_bsp//newlib/nios2-elf/lib\libc.a(lib_a-system.o)
 .comment       0x0000000000000023       0x24 ../tecnica2_bsp//newlib/nios2-elf/lib\libc.a(lib_a-time.o)
 .comment       0x0000000000000023       0x24 ../tecnica2_bsp//newlib/nios2-elf/lib\libc.a(lib_a-vfprintf.o)
 .comment       0x0000000000000023       0x24 ../tecnica2_bsp//newlib/nios2-elf/lib\libc.a(lib_a-wsetup.o)
 .comment       0x0000000000000023       0x24 ../tecnica2_bsp//newlib/nios2-elf/lib\libc.a(lib_a-dtoa.o)
 .comment       0x0000000000000023       0x24 ../tecnica2_bsp//newlib/nios2-elf/lib\libc.a(lib_a-fflush.o)
 .comment       0x0000000000000023       0x24 ../tecnica2_bsp//newlib/nios2-elf/lib\libc.a(lib_a-findfp.o)
 .comment       0x0000000000000023       0x24 ../tecnica2_bsp//newlib/nios2-elf/lib\libc.a(lib_a-freer.o)
 .comment       0x0000000000000023       0x24 ../tecnica2_bsp//newlib/nios2-elf/lib\libc.a(lib_a-fvwrite.o)
 .comment       0x0000000000000023       0x24 ../tecnica2_bsp//newlib/nios2-elf/lib\libc.a(lib_a-fwalk.o)
 .comment       0x0000000000000023       0x24 ../tecnica2_bsp//newlib/nios2-elf/lib\libc.a(lib_a-gettimeofdayr.o)
 .comment       0x0000000000000023       0x24 ../tecnica2_bsp//newlib/nios2-elf/lib\libc.a(lib_a-int_errno.o)
 .comment       0x0000000000000023       0x24 ../tecnica2_bsp//newlib/nios2-elf/lib\libc.a(lib_a-locale.o)
 .comment       0x0000000000000023       0x24 ../tecnica2_bsp//newlib/nios2-elf/lib\libc.a(lib_a-makebuf.o)
 .comment       0x0000000000000023       0x24 ../tecnica2_bsp//newlib/nios2-elf/lib\libc.a(lib_a-mallocr.o)
 .comment       0x0000000000000023       0x24 ../tecnica2_bsp//newlib/nios2-elf/lib\libc.a(lib_a-memchr.o)
 .comment       0x0000000000000023       0x24 ../tecnica2_bsp//newlib/nios2-elf/lib\libc.a(lib_a-memcpy.o)
 .comment       0x0000000000000023       0x24 ../tecnica2_bsp//newlib/nios2-elf/lib\libc.a(lib_a-memmove.o)
 .comment       0x0000000000000023       0x24 ../tecnica2_bsp//newlib/nios2-elf/lib\libc.a(lib_a-memset.o)
 .comment       0x0000000000000023       0x24 ../tecnica2_bsp//newlib/nios2-elf/lib\libc.a(lib_a-mprec.o)
 .comment       0x0000000000000023       0x24 ../tecnica2_bsp//newlib/nios2-elf/lib\libc.a(lib_a-putc.o)
 .comment       0x0000000000000023       0x24 ../tecnica2_bsp//newlib/nios2-elf/lib\libc.a(lib_a-reallocr.o)
 .comment       0x0000000000000023       0x24 ../tecnica2_bsp//newlib/nios2-elf/lib\libc.a(lib_a-sbrkr.o)
 .comment       0x0000000000000023       0x24 ../tecnica2_bsp//newlib/nios2-elf/lib\libc.a(lib_a-stdio.o)
 .comment       0x0000000000000023       0x24 ../tecnica2_bsp//newlib/nios2-elf/lib\libc.a(lib_a-strcmp.o)
 .comment       0x0000000000000023       0x24 ../tecnica2_bsp//newlib/nios2-elf/lib\libc.a(lib_a-vfiprintf.o)
 .comment       0x0000000000000023       0x24 ../tecnica2_bsp//newlib/nios2-elf/lib\libc.a(lib_a-wbuf.o)
 .comment       0x0000000000000023       0x24 ../tecnica2_bsp//newlib/nios2-elf/lib\libc.a(lib_a-writer.o)