------------------------------------------------------------
TimeQuest Timing Analyzer Summary
------------------------------------------------------------

Type  : Slow 1100mV 85C Model Setup 'altera_reserved_tck'
Slack : -3.962
TNS   : -396.920

Type  : Slow 1100mV 85C Model Setup 'u0|pll|altera_pll_i|general[0].gpll~PLL_OUTPUT_COUNTER|divclk'
Slack : -1.635
TNS   : -249.133

Type  : Slow 1100mV 85C Model Setup 'u0|pll|altera_pll_i|general[2].gpll~PLL_OUTPUT_COUNTER|divclk'
Slack : 12.054
TNS   : 0.000

Type  : Slow 1100mV 85C Model Hold 'altera_reserved_tck'
Slack : 0.125
TNS   : 0.000

Type  : Slow 1100mV 85C Model Hold 'u0|pll|altera_pll_i|general[2].gpll~PLL_OUTPUT_COUNTER|divclk'
Slack : 0.255
TNS   : 0.000

Type  : Slow 1100mV 85C Model Hold 'u0|pll|altera_pll_i|general[0].gpll~PLL_OUTPUT_COUNTER|divclk'
Slack : 0.309
TNS   : 0.000

Type  : Slow 1100mV 85C Model Recovery 'altera_reserved_tck'
Slack : -2.245
TNS   : -92.079

Type  : Slow 1100mV 85C Model Recovery 'u0|pll|altera_pll_i|general[0].gpll~PLL_OUTPUT_COUNTER|divclk'
Slack : -0.421
TNS   : -13.920

Type  : Slow 1100mV 85C Model Recovery 'u0|pll|altera_pll_i|general[2].gpll~PLL_OUTPUT_COUNTER|divclk'
Slack : 17.844
TNS   : 0.000

Type  : Slow 1100mV 85C Model Removal 'altera_reserved_tck'
Slack : 0.554
TNS   : 0.000

Type  : Slow 1100mV 85C Model Removal 'u0|pll|altera_pll_i|general[2].gpll~PLL_OUTPUT_COUNTER|divclk'
Slack : 0.564
TNS   : 0.000

Type  : Slow 1100mV 85C Model Removal 'u0|pll|altera_pll_i|general[0].gpll~PLL_OUTPUT_COUNTER|divclk'
Slack : 1.014
TNS   : 0.000

Type  : Slow 1100mV 85C Model Minimum Pulse Width 'altera_reserved_tck'
Slack : -0.583
TNS   : -165.829

Type  : Slow 1100mV 85C Model Minimum Pulse Width 'u0|pll|altera_pll_i|general[0].gpll~FRACTIONAL_PLL|vcoph[0]'
Slack : 1.666
TNS   : 0.000

Type  : Slow 1100mV 85C Model Minimum Pulse Width 'u0|pll|altera_pll_i|general[0].gpll~PLL_OUTPUT_COUNTER|divclk'
Slack : 2.097
TNS   : 0.000

Type  : Slow 1100mV 85C Model Minimum Pulse Width 'u0|pll|altera_pll_i|general[2].gpll~PLL_OUTPUT_COUNTER|divclk'
Slack : 8.771
TNS   : 0.000

Type  : Slow 1100mV 85C Model Minimum Pulse Width 'CLOCK_50'
Slack : 9.670
TNS   : 0.000

Type  : Slow 1100mV 0C Model Setup 'altera_reserved_tck'
Slack : -3.831
TNS   : -389.482

Type  : Slow 1100mV 0C Model Setup 'u0|pll|altera_pll_i|general[0].gpll~PLL_OUTPUT_COUNTER|divclk'
Slack : -1.634
TNS   : -166.518

Type  : Slow 1100mV 0C Model Setup 'u0|pll|altera_pll_i|general[2].gpll~PLL_OUTPUT_COUNTER|divclk'
Slack : 12.050
TNS   : 0.000

Type  : Slow 1100mV 0C Model Hold 'altera_reserved_tck'
Slack : 0.115
TNS   : 0.000

Type  : Slow 1100mV 0C Model Hold 'u0|pll|altera_pll_i|general[0].gpll~PLL_OUTPUT_COUNTER|divclk'
Slack : 0.207
TNS   : 0.000

Type  : Slow 1100mV 0C Model Hold 'u0|pll|altera_pll_i|general[2].gpll~PLL_OUTPUT_COUNTER|divclk'
Slack : 0.234
TNS   : 0.000

Type  : Slow 1100mV 0C Model Recovery 'altera_reserved_tck'
Slack : -2.120
TNS   : -87.916

Type  : Slow 1100mV 0C Model Recovery 'u0|pll|altera_pll_i|general[0].gpll~PLL_OUTPUT_COUNTER|divclk'
Slack : -0.336
TNS   : -10.242

Type  : Slow 1100mV 0C Model Recovery 'u0|pll|altera_pll_i|general[2].gpll~PLL_OUTPUT_COUNTER|divclk'
Slack : 17.944
TNS   : 0.000

Type  : Slow 1100mV 0C Model Removal 'u0|pll|altera_pll_i|general[2].gpll~PLL_OUTPUT_COUNTER|divclk'
Slack : 0.513
TNS   : 0.000

Type  : Slow 1100mV 0C Model Removal 'altera_reserved_tck'
Slack : 0.521
TNS   : 0.000

Type  : Slow 1100mV 0C Model Removal 'u0|pll|altera_pll_i|general[0].gpll~PLL_OUTPUT_COUNTER|divclk'
Slack : 0.963
TNS   : 0.000

Type  : Slow 1100mV 0C Model Minimum Pulse Width 'altera_reserved_tck'
Slack : -0.605
TNS   : -168.714

Type  : Slow 1100mV 0C Model Minimum Pulse Width 'u0|pll|altera_pll_i|general[0].gpll~FRACTIONAL_PLL|vcoph[0]'
Slack : 1.666
TNS   : 0.000

Type  : Slow 1100mV 0C Model Minimum Pulse Width 'u0|pll|altera_pll_i|general[0].gpll~PLL_OUTPUT_COUNTER|divclk'
Slack : 2.072
TNS   : 0.000

Type  : Slow 1100mV 0C Model Minimum Pulse Width 'u0|pll|altera_pll_i|general[2].gpll~PLL_OUTPUT_COUNTER|divclk'
Slack : 8.750
TNS   : 0.000

Type  : Slow 1100mV 0C Model Minimum Pulse Width 'CLOCK_50'
Slack : 9.673
TNS   : 0.000

Type  : Fast 1100mV 85C Model Setup 'altera_reserved_tck'
Slack : -1.885
TNS   : -187.504

Type  : Fast 1100mV 85C Model Setup 'u0|pll|altera_pll_i|general[0].gpll~PLL_OUTPUT_COUNTER|divclk'
Slack : 1.704
TNS   : 0.000

Type  : Fast 1100mV 85C Model Setup 'u0|pll|altera_pll_i|general[2].gpll~PLL_OUTPUT_COUNTER|divclk'
Slack : 15.250
TNS   : 0.000

Type  : Fast 1100mV 85C Model Hold 'altera_reserved_tck'
Slack : 0.024
TNS   : 0.000

Type  : Fast 1100mV 85C Model Hold 'u0|pll|altera_pll_i|general[2].gpll~PLL_OUTPUT_COUNTER|divclk'
Slack : 0.152
TNS   : 0.000

Type  : Fast 1100mV 85C Model Hold 'u0|pll|altera_pll_i|general[0].gpll~PLL_OUTPUT_COUNTER|divclk'
Slack : 0.178
TNS   : 0.000

Type  : Fast 1100mV 85C Model Recovery 'altera_reserved_tck'
Slack : -0.965
TNS   : -38.060

Type  : Fast 1100mV 85C Model Recovery 'u0|pll|altera_pll_i|general[0].gpll~PLL_OUTPUT_COUNTER|divclk'
Slack : 2.816
TNS   : 0.000

Type  : Fast 1100mV 85C Model Recovery 'u0|pll|altera_pll_i|general[2].gpll~PLL_OUTPUT_COUNTER|divclk'
Slack : 18.588
TNS   : 0.000

Type  : Fast 1100mV 85C Model Removal 'altera_reserved_tck'
Slack : 0.209
TNS   : 0.000

Type  : Fast 1100mV 85C Model Removal 'u0|pll|altera_pll_i|general[2].gpll~PLL_OUTPUT_COUNTER|divclk'
Slack : 0.299
TNS   : 0.000

Type  : Fast 1100mV 85C Model Removal 'u0|pll|altera_pll_i|general[0].gpll~PLL_OUTPUT_COUNTER|divclk'
Slack : 0.569
TNS   : 0.000

Type  : Fast 1100mV 85C Model Minimum Pulse Width 'altera_reserved_tck'
Slack : -0.676
TNS   : -171.165

Type  : Fast 1100mV 85C Model Minimum Pulse Width 'u0|pll|altera_pll_i|general[0].gpll~FRACTIONAL_PLL|vcoph[0]'
Slack : 1.666
TNS   : 0.000

Type  : Fast 1100mV 85C Model Minimum Pulse Width 'u0|pll|altera_pll_i|general[0].gpll~PLL_OUTPUT_COUNTER|divclk'
Slack : 2.217
TNS   : 0.000

Type  : Fast 1100mV 85C Model Minimum Pulse Width 'u0|pll|altera_pll_i|general[2].gpll~PLL_OUTPUT_COUNTER|divclk'
Slack : 8.892
TNS   : 0.000

Type  : Fast 1100mV 85C Model Minimum Pulse Width 'CLOCK_50'
Slack : 9.336
TNS   : 0.000

Type  : Fast 1100mV 0C Model Setup 'altera_reserved_tck'
Slack : -1.550
TNS   : -163.206

Type  : Fast 1100mV 0C Model Setup 'u0|pll|altera_pll_i|general[0].gpll~PLL_OUTPUT_COUNTER|divclk'
Slack : 2.130
TNS   : 0.000

Type  : Fast 1100mV 0C Model Setup 'u0|pll|altera_pll_i|general[2].gpll~PLL_OUTPUT_COUNTER|divclk'
Slack : 15.636
TNS   : 0.000

Type  : Fast 1100mV 0C Model Hold 'altera_reserved_tck'
Slack : 0.011
TNS   : 0.000

Type  : Fast 1100mV 0C Model Hold 'u0|pll|altera_pll_i|general[0].gpll~PLL_OUTPUT_COUNTER|divclk'
Slack : 0.124
TNS   : 0.000

Type  : Fast 1100mV 0C Model Hold 'u0|pll|altera_pll_i|general[2].gpll~PLL_OUTPUT_COUNTER|divclk'
Slack : 0.139
TNS   : 0.000

Type  : Fast 1100mV 0C Model Recovery 'altera_reserved_tck'
Slack : -0.691
TNS   : -28.523

Type  : Fast 1100mV 0C Model Recovery 'u0|pll|altera_pll_i|general[0].gpll~PLL_OUTPUT_COUNTER|divclk'
Slack : 2.874
TNS   : 0.000

Type  : Fast 1100mV 0C Model Recovery 'u0|pll|altera_pll_i|general[2].gpll~PLL_OUTPUT_COUNTER|divclk'
Slack : 18.753
TNS   : 0.000

Type  : Fast 1100mV 0C Model Removal 'altera_reserved_tck'
Slack : 0.183
TNS   : 0.000

Type  : Fast 1100mV 0C Model Removal 'u0|pll|altera_pll_i|general[2].gpll~PLL_OUTPUT_COUNTER|divclk'
Slack : 0.268
TNS   : 0.000

Type  : Fast 1100mV 0C Model Removal 'u0|pll|altera_pll_i|general[0].gpll~PLL_OUTPUT_COUNTER|divclk'
Slack : 0.525
TNS   : 0.000

Type  : Fast 1100mV 0C Model Minimum Pulse Width 'altera_reserved_tck'
Slack : -0.702
TNS   : -185.618

Type  : Fast 1100mV 0C Model Minimum Pulse Width 'u0|pll|altera_pll_i|general[0].gpll~FRACTIONAL_PLL|vcoph[0]'
Slack : 1.666
TNS   : 0.000

Type  : Fast 1100mV 0C Model Minimum Pulse Width 'u0|pll|altera_pll_i|general[0].gpll~PLL_OUTPUT_COUNTER|divclk'
Slack : 2.216
TNS   : 0.000

Type  : Fast 1100mV 0C Model Minimum Pulse Width 'u0|pll|altera_pll_i|general[2].gpll~PLL_OUTPUT_COUNTER|divclk'
Slack : 8.889
TNS   : 0.000

Type  : Fast 1100mV 0C Model Minimum Pulse Width 'CLOCK_50'
Slack : 9.286
TNS   : 0.000

------------------------------------------------------------
