------------------------------------------------------------
TimeQuest Timing Analyzer Summary
------------------------------------------------------------

Type  : Slow 1100mV 85C Model Setup 'altera_reserved_tck'
Slack : -3.944
TNS   : -415.680

Type  : Slow 1100mV 85C Model Setup 'u0|pll|altera_pll_i|general[0].gpll~PLL_OUTPUT_COUNTER|divclk'
Slack : -0.162
TNS   : -0.198

Type  : Slow 1100mV 85C Model Setup 'u0|pll|altera_pll_i|general[2].gpll~PLL_OUTPUT_COUNTER|divclk'
Slack : 9.697
TNS   : 0.000

Type  : Slow 1100mV 85C Model Hold 'altera_reserved_tck'
Slack : 0.119
TNS   : 0.000

Type  : Slow 1100mV 85C Model Hold 'u0|pll|altera_pll_i|general[0].gpll~PLL_OUTPUT_COUNTER|divclk'
Slack : 0.232
TNS   : 0.000

Type  : Slow 1100mV 85C Model Hold 'u0|pll|altera_pll_i|general[2].gpll~PLL_OUTPUT_COUNTER|divclk'
Slack : 0.262
TNS   : 0.000

Type  : Slow 1100mV 85C Model Recovery 'altera_reserved_tck'
Slack : -2.568
TNS   : -98.255

Type  : Slow 1100mV 85C Model Recovery 'u0|pll|altera_pll_i|general[0].gpll~PLL_OUTPUT_COUNTER|divclk'
Slack : 2.009
TNS   : 0.000

Type  : Slow 1100mV 85C Model Recovery 'u0|pll|altera_pll_i|general[2].gpll~PLL_OUTPUT_COUNTER|divclk'
Slack : 17.226
TNS   : 0.000

Type  : Slow 1100mV 85C Model Removal 'u0|pll|altera_pll_i|general[0].gpll~PLL_OUTPUT_COUNTER|divclk'
Slack : 0.466
TNS   : 0.000

Type  : Slow 1100mV 85C Model Removal 'u0|pll|altera_pll_i|general[2].gpll~PLL_OUTPUT_COUNTER|divclk'
Slack : 0.735
TNS   : 0.000

Type  : Slow 1100mV 85C Model Removal 'altera_reserved_tck'
Slack : 0.867
TNS   : 0.000

Type  : Slow 1100mV 85C Model Minimum Pulse Width 'altera_reserved_tck'
Slack : -0.753
TNS   : -170.896

Type  : Slow 1100mV 85C Model Minimum Pulse Width 'u0|pll|altera_pll_i|general[0].gpll~FRACTIONAL_PLL|vcoph[0]'
Slack : 1.666
TNS   : 0.000

Type  : Slow 1100mV 85C Model Minimum Pulse Width 'u0|pll|altera_pll_i|general[0].gpll~PLL_OUTPUT_COUNTER|divclk'
Slack : 2.096
TNS   : 0.000

Type  : Slow 1100mV 85C Model Minimum Pulse Width 'u0|pll|altera_pll_i|general[2].gpll~PLL_OUTPUT_COUNTER|divclk'
Slack : 8.773
TNS   : 0.000

Type  : Slow 1100mV 85C Model Minimum Pulse Width 'CLOCK_50'
Slack : 9.670
TNS   : 0.000

Type  : Slow 1100mV 0C Model Setup 'altera_reserved_tck'
Slack : -3.946
TNS   : -409.269

Type  : Slow 1100mV 0C Model Setup 'u0|pll|altera_pll_i|general[0].gpll~PLL_OUTPUT_COUNTER|divclk'
Slack : 0.032
TNS   : 0.000

Type  : Slow 1100mV 0C Model Setup 'u0|pll|altera_pll_i|general[2].gpll~PLL_OUTPUT_COUNTER|divclk'
Slack : 9.759
TNS   : 0.000

Type  : Slow 1100mV 0C Model Hold 'altera_reserved_tck'
Slack : 0.106
TNS   : 0.000

Type  : Slow 1100mV 0C Model Hold 'u0|pll|altera_pll_i|general[0].gpll~PLL_OUTPUT_COUNTER|divclk'
Slack : 0.218
TNS   : 0.000

Type  : Slow 1100mV 0C Model Hold 'u0|pll|altera_pll_i|general[2].gpll~PLL_OUTPUT_COUNTER|divclk'
Slack : 0.237
TNS   : 0.000

Type  : Slow 1100mV 0C Model Recovery 'altera_reserved_tck'
Slack : -2.426
TNS   : -92.529

Type  : Slow 1100mV 0C Model Recovery 'u0|pll|altera_pll_i|general[0].gpll~PLL_OUTPUT_COUNTER|divclk'
Slack : 2.229
TNS   : 0.000

Type  : Slow 1100mV 0C Model Recovery 'u0|pll|altera_pll_i|general[2].gpll~PLL_OUTPUT_COUNTER|divclk'
Slack : 17.349
TNS   : 0.000

Type  : Slow 1100mV 0C Model Removal 'u0|pll|altera_pll_i|general[0].gpll~PLL_OUTPUT_COUNTER|divclk'
Slack : 0.416
TNS   : 0.000

Type  : Slow 1100mV 0C Model Removal 'u0|pll|altera_pll_i|general[2].gpll~PLL_OUTPUT_COUNTER|divclk'
Slack : 0.639
TNS   : 0.000

Type  : Slow 1100mV 0C Model Removal 'altera_reserved_tck'
Slack : 0.829
TNS   : 0.000

Type  : Slow 1100mV 0C Model Minimum Pulse Width 'altera_reserved_tck'
Slack : -0.745
TNS   : -175.412

Type  : Slow 1100mV 0C Model Minimum Pulse Width 'u0|pll|altera_pll_i|general[0].gpll~FRACTIONAL_PLL|vcoph[0]'
Slack : 1.666
TNS   : 0.000

Type  : Slow 1100mV 0C Model Minimum Pulse Width 'u0|pll|altera_pll_i|general[0].gpll~PLL_OUTPUT_COUNTER|divclk'
Slack : 2.080
TNS   : 0.000

Type  : Slow 1100mV 0C Model Minimum Pulse Width 'u0|pll|altera_pll_i|general[2].gpll~PLL_OUTPUT_COUNTER|divclk'
Slack : 8.767
TNS   : 0.000

Type  : Slow 1100mV 0C Model Minimum Pulse Width 'CLOCK_50'
Slack : 9.673
TNS   : 0.000

Type  : Fast 1100mV 85C Model Setup 'altera_reserved_tck'
Slack : -2.026
TNS   : -198.233

Type  : Fast 1100mV 85C Model Setup 'u0|pll|altera_pll_i|general[0].gpll~PLL_OUTPUT_COUNTER|divclk'
Slack : 2.662
TNS   : 0.000

Type  : Fast 1100mV 85C Model Setup 'u0|pll|altera_pll_i|general[2].gpll~PLL_OUTPUT_COUNTER|divclk'
Slack : 13.668
TNS   : 0.000

Type  : Fast 1100mV 85C Model Hold 'altera_reserved_tck'
Slack : 0.022
TNS   : 0.000

Type  : Fast 1100mV 85C Model Hold 'u0|pll|altera_pll_i|general[0].gpll~PLL_OUTPUT_COUNTER|divclk'
Slack : 0.135
TNS   : 0.000

Type  : Fast 1100mV 85C Model Hold 'u0|pll|altera_pll_i|general[2].gpll~PLL_OUTPUT_COUNTER|divclk'
Slack : 0.155
TNS   : 0.000

Type  : Fast 1100mV 85C Model Recovery 'altera_reserved_tck'
Slack : -1.171
TNS   : -43.678

Type  : Fast 1100mV 85C Model Recovery 'u0|pll|altera_pll_i|general[0].gpll~PLL_OUTPUT_COUNTER|divclk'
Slack : 3.783
TNS   : 0.000

Type  : Fast 1100mV 85C Model Recovery 'u0|pll|altera_pll_i|general[2].gpll~PLL_OUTPUT_COUNTER|divclk'
Slack : 18.208
TNS   : 0.000

Type  : Fast 1100mV 85C Model Removal 'u0|pll|altera_pll_i|general[0].gpll~PLL_OUTPUT_COUNTER|divclk'
Slack : 0.317
TNS   : 0.000

Type  : Fast 1100mV 85C Model Removal 'altera_reserved_tck'
Slack : 0.462
TNS   : 0.000

Type  : Fast 1100mV 85C Model Removal 'u0|pll|altera_pll_i|general[2].gpll~PLL_OUTPUT_COUNTER|divclk'
Slack : 0.479
TNS   : 0.000

Type  : Fast 1100mV 85C Model Minimum Pulse Width 'altera_reserved_tck'
Slack : -0.848
TNS   : -178.108

Type  : Fast 1100mV 85C Model Minimum Pulse Width 'u0|pll|altera_pll_i|general[0].gpll~FRACTIONAL_PLL|vcoph[0]'
Slack : 1.666
TNS   : 0.000

Type  : Fast 1100mV 85C Model Minimum Pulse Width 'u0|pll|altera_pll_i|general[0].gpll~PLL_OUTPUT_COUNTER|divclk'
Slack : 2.217
TNS   : 0.000

Type  : Fast 1100mV 85C Model Minimum Pulse Width 'u0|pll|altera_pll_i|general[2].gpll~PLL_OUTPUT_COUNTER|divclk'
Slack : 8.889
TNS   : 0.000

Type  : Fast 1100mV 85C Model Minimum Pulse Width 'CLOCK_50'
Slack : 9.336
TNS   : 0.000

Type  : Fast 1100mV 0C Model Setup 'altera_reserved_tck'
Slack : -1.925
TNS   : -173.717

Type  : Fast 1100mV 0C Model Setup 'u0|pll|altera_pll_i|general[0].gpll~PLL_OUTPUT_COUNTER|divclk'
Slack : 3.001
TNS   : 0.000

Type  : Fast 1100mV 0C Model Setup 'u0|pll|altera_pll_i|general[2].gpll~PLL_OUTPUT_COUNTER|divclk'
Slack : 14.241
TNS   : 0.000

Type  : Fast 1100mV 0C Model Hold 'altera_reserved_tck'
Slack : 0.007
TNS   : 0.000

Type  : Fast 1100mV 0C Model Hold 'u0|pll|altera_pll_i|general[0].gpll~PLL_OUTPUT_COUNTER|divclk'
Slack : 0.124
TNS   : 0.000

Type  : Fast 1100mV 0C Model Hold 'u0|pll|altera_pll_i|general[2].gpll~PLL_OUTPUT_COUNTER|divclk'
Slack : 0.126
TNS   : 0.000

Type  : Fast 1100mV 0C Model Recovery 'altera_reserved_tck'
Slack : -0.876
TNS   : -33.577

Type  : Fast 1100mV 0C Model Recovery 'u0|pll|altera_pll_i|general[0].gpll~PLL_OUTPUT_COUNTER|divclk'
Slack : 4.044
TNS   : 0.000

Type  : Fast 1100mV 0C Model Recovery 'u0|pll|altera_pll_i|general[2].gpll~PLL_OUTPUT_COUNTER|divclk'
Slack : 18.400
TNS   : 0.000

Type  : Fast 1100mV 0C Model Removal 'u0|pll|altera_pll_i|general[0].gpll~PLL_OUTPUT_COUNTER|divclk'
Slack : 0.268
TNS   : 0.000

Type  : Fast 1100mV 0C Model Removal 'u0|pll|altera_pll_i|general[2].gpll~PLL_OUTPUT_COUNTER|divclk'
Slack : 0.379
TNS   : 0.000

Type  : Fast 1100mV 0C Model Removal 'altera_reserved_tck'
Slack : 0.407
TNS   : 0.000

Type  : Fast 1100mV 0C Model Minimum Pulse Width 'altera_reserved_tck'
Slack : -0.826
TNS   : -191.431

Type  : Fast 1100mV 0C Model Minimum Pulse Width 'u0|pll|altera_pll_i|general[0].gpll~FRACTIONAL_PLL|vcoph[0]'
Slack : 1.666
TNS   : 0.000

Type  : Fast 1100mV 0C Model Minimum Pulse Width 'u0|pll|altera_pll_i|general[0].gpll~PLL_OUTPUT_COUNTER|divclk'
Slack : 2.216
TNS   : 0.000

Type  : Fast 1100mV 0C Model Minimum Pulse Width 'u0|pll|altera_pll_i|general[2].gpll~PLL_OUTPUT_COUNTER|divclk'
Slack : 8.889
TNS   : 0.000

Type  : Fast 1100mV 0C Model Minimum Pulse Width 'CLOCK_50'
Slack : 9.286
TNS   : 0.000

------------------------------------------------------------
