------------------------------------------------------------
TimeQuest Timing Analyzer Summary
------------------------------------------------------------

Type  : Slow 1100mV 85C Model Setup 'altera_reserved_tck'
Slack : -3.915
TNS   : -408.723

Type  : Slow 1100mV 85C Model Setup 'u0|pll|altera_pll_i|general[0].gpll~PLL_OUTPUT_COUNTER|divclk'
Slack : -1.221
TNS   : -110.238

Type  : Slow 1100mV 85C Model Setup 'u0|pll|altera_pll_i|general[2].gpll~PLL_OUTPUT_COUNTER|divclk'
Slack : 12.065
TNS   : 0.000

Type  : Slow 1100mV 85C Model Hold 'altera_reserved_tck'
Slack : 0.117
TNS   : 0.000

Type  : Slow 1100mV 85C Model Hold 'u0|pll|altera_pll_i|general[0].gpll~PLL_OUTPUT_COUNTER|divclk'
Slack : 0.174
TNS   : 0.000

Type  : Slow 1100mV 85C Model Hold 'u0|pll|altera_pll_i|general[2].gpll~PLL_OUTPUT_COUNTER|divclk'
Slack : 0.279
TNS   : 0.000

Type  : Slow 1100mV 85C Model Recovery 'altera_reserved_tck'
Slack : -2.497
TNS   : -89.640

Type  : Slow 1100mV 85C Model Recovery 'u0|pll|altera_pll_i|general[0].gpll~PLL_OUTPUT_COUNTER|divclk'
Slack : -0.421
TNS   : -14.095

Type  : Slow 1100mV 85C Model Recovery 'u0|pll|altera_pll_i|general[2].gpll~PLL_OUTPUT_COUNTER|divclk'
Slack : 17.858
TNS   : 0.000

Type  : Slow 1100mV 85C Model Removal 'u0|pll|altera_pll_i|general[2].gpll~PLL_OUTPUT_COUNTER|divclk'
Slack : 0.577
TNS   : 0.000

Type  : Slow 1100mV 85C Model Removal 'altera_reserved_tck'
Slack : 0.757
TNS   : 0.000

Type  : Slow 1100mV 85C Model Removal 'u0|pll|altera_pll_i|general[0].gpll~PLL_OUTPUT_COUNTER|divclk'
Slack : 0.998
TNS   : 0.000

Type  : Slow 1100mV 85C Model Minimum Pulse Width 'altera_reserved_tck'
Slack : -0.640
TNS   : -172.170

Type  : Slow 1100mV 85C Model Minimum Pulse Width 'u0|pll|altera_pll_i|general[0].gpll~FRACTIONAL_PLL|vcoph[0]'
Slack : 1.666
TNS   : 0.000

Type  : Slow 1100mV 85C Model Minimum Pulse Width 'u0|pll|altera_pll_i|general[0].gpll~PLL_OUTPUT_COUNTER|divclk'
Slack : 2.100
TNS   : 0.000

Type  : Slow 1100mV 85C Model Minimum Pulse Width 'u0|pll|altera_pll_i|general[2].gpll~PLL_OUTPUT_COUNTER|divclk'
Slack : 8.777
TNS   : 0.000

Type  : Slow 1100mV 85C Model Minimum Pulse Width 'CLOCK_50'
Slack : 9.670
TNS   : 0.000

Type  : Slow 1100mV 0C Model Setup 'altera_reserved_tck'
Slack : -3.787
TNS   : -401.202

Type  : Slow 1100mV 0C Model Setup 'u0|pll|altera_pll_i|general[0].gpll~PLL_OUTPUT_COUNTER|divclk'
Slack : -1.233
TNS   : -78.477

Type  : Slow 1100mV 0C Model Setup 'u0|pll|altera_pll_i|general[2].gpll~PLL_OUTPUT_COUNTER|divclk'
Slack : 11.954
TNS   : 0.000

Type  : Slow 1100mV 0C Model Hold 'u0|pll|altera_pll_i|general[0].gpll~PLL_OUTPUT_COUNTER|divclk'
Slack : 0.088
TNS   : 0.000

Type  : Slow 1100mV 0C Model Hold 'altera_reserved_tck'
Slack : 0.107
TNS   : 0.000

Type  : Slow 1100mV 0C Model Hold 'u0|pll|altera_pll_i|general[2].gpll~PLL_OUTPUT_COUNTER|divclk'
Slack : 0.266
TNS   : 0.000

Type  : Slow 1100mV 0C Model Recovery 'altera_reserved_tck'
Slack : -2.286
TNS   : -83.535

Type  : Slow 1100mV 0C Model Recovery 'u0|pll|altera_pll_i|general[0].gpll~PLL_OUTPUT_COUNTER|divclk'
Slack : -0.337
TNS   : -10.434

Type  : Slow 1100mV 0C Model Recovery 'u0|pll|altera_pll_i|general[2].gpll~PLL_OUTPUT_COUNTER|divclk'
Slack : 17.953
TNS   : 0.000

Type  : Slow 1100mV 0C Model Removal 'u0|pll|altera_pll_i|general[2].gpll~PLL_OUTPUT_COUNTER|divclk'
Slack : 0.530
TNS   : 0.000

Type  : Slow 1100mV 0C Model Removal 'altera_reserved_tck'
Slack : 0.716
TNS   : 0.000

Type  : Slow 1100mV 0C Model Removal 'u0|pll|altera_pll_i|general[0].gpll~PLL_OUTPUT_COUNTER|divclk'
Slack : 0.911
TNS   : 0.000

Type  : Slow 1100mV 0C Model Minimum Pulse Width 'altera_reserved_tck'
Slack : -0.658
TNS   : -176.259

Type  : Slow 1100mV 0C Model Minimum Pulse Width 'u0|pll|altera_pll_i|general[0].gpll~FRACTIONAL_PLL|vcoph[0]'
Slack : 1.666
TNS   : 0.000

Type  : Slow 1100mV 0C Model Minimum Pulse Width 'u0|pll|altera_pll_i|general[0].gpll~PLL_OUTPUT_COUNTER|divclk'
Slack : 2.084
TNS   : 0.000

Type  : Slow 1100mV 0C Model Minimum Pulse Width 'u0|pll|altera_pll_i|general[2].gpll~PLL_OUTPUT_COUNTER|divclk'
Slack : 8.750
TNS   : 0.000

Type  : Slow 1100mV 0C Model Minimum Pulse Width 'CLOCK_50'
Slack : 9.673
TNS   : 0.000

Type  : Fast 1100mV 85C Model Setup 'altera_reserved_tck'
Slack : -1.810
TNS   : -192.372

Type  : Fast 1100mV 85C Model Setup 'u0|pll|altera_pll_i|general[0].gpll~PLL_OUTPUT_COUNTER|divclk'
Slack : 1.923
TNS   : 0.000

Type  : Fast 1100mV 85C Model Setup 'u0|pll|altera_pll_i|general[2].gpll~PLL_OUTPUT_COUNTER|divclk'
Slack : 15.405
TNS   : 0.000

Type  : Fast 1100mV 85C Model Hold 'altera_reserved_tck'
Slack : 0.021
TNS   : 0.000

Type  : Fast 1100mV 85C Model Hold 'u0|pll|altera_pll_i|general[0].gpll~PLL_OUTPUT_COUNTER|divclk'
Slack : 0.145
TNS   : 0.000

Type  : Fast 1100mV 85C Model Hold 'u0|pll|altera_pll_i|general[2].gpll~PLL_OUTPUT_COUNTER|divclk'
Slack : 0.164
TNS   : 0.000

Type  : Fast 1100mV 85C Model Recovery 'altera_reserved_tck'
Slack : -1.009
TNS   : -34.515

Type  : Fast 1100mV 85C Model Recovery 'u0|pll|altera_pll_i|general[0].gpll~PLL_OUTPUT_COUNTER|divclk'
Slack : 2.816
TNS   : 0.000

Type  : Fast 1100mV 85C Model Recovery 'u0|pll|altera_pll_i|general[2].gpll~PLL_OUTPUT_COUNTER|divclk'
Slack : 18.645
TNS   : 0.000

Type  : Fast 1100mV 85C Model Removal 'u0|pll|altera_pll_i|general[2].gpll~PLL_OUTPUT_COUNTER|divclk'
Slack : 0.308
TNS   : 0.000

Type  : Fast 1100mV 85C Model Removal 'altera_reserved_tck'
Slack : 0.341
TNS   : 0.000

Type  : Fast 1100mV 85C Model Removal 'u0|pll|altera_pll_i|general[0].gpll~PLL_OUTPUT_COUNTER|divclk'
Slack : 0.554
TNS   : 0.000

Type  : Fast 1100mV 85C Model Minimum Pulse Width 'altera_reserved_tck'
Slack : -0.732
TNS   : -178.126

Type  : Fast 1100mV 85C Model Minimum Pulse Width 'u0|pll|altera_pll_i|general[0].gpll~FRACTIONAL_PLL|vcoph[0]'
Slack : 1.666
TNS   : 0.000

Type  : Fast 1100mV 85C Model Minimum Pulse Width 'u0|pll|altera_pll_i|general[0].gpll~PLL_OUTPUT_COUNTER|divclk'
Slack : 2.223
TNS   : 0.000

Type  : Fast 1100mV 85C Model Minimum Pulse Width 'u0|pll|altera_pll_i|general[2].gpll~PLL_OUTPUT_COUNTER|divclk'
Slack : 8.891
TNS   : 0.000

Type  : Fast 1100mV 85C Model Minimum Pulse Width 'CLOCK_50'
Slack : 9.336
TNS   : 0.000

Type  : Fast 1100mV 0C Model Setup 'altera_reserved_tck'
Slack : -1.691
TNS   : -166.541

Type  : Fast 1100mV 0C Model Setup 'u0|pll|altera_pll_i|general[0].gpll~PLL_OUTPUT_COUNTER|divclk'
Slack : 2.358
TNS   : 0.000

Type  : Fast 1100mV 0C Model Setup 'u0|pll|altera_pll_i|general[2].gpll~PLL_OUTPUT_COUNTER|divclk'
Slack : 15.726
TNS   : 0.000

Type  : Fast 1100mV 0C Model Hold 'altera_reserved_tck'
Slack : 0.004
TNS   : 0.000

Type  : Fast 1100mV 0C Model Hold 'u0|pll|altera_pll_i|general[0].gpll~PLL_OUTPUT_COUNTER|divclk'
Slack : 0.088
TNS   : 0.000

Type  : Fast 1100mV 0C Model Hold 'u0|pll|altera_pll_i|general[2].gpll~PLL_OUTPUT_COUNTER|divclk'
Slack : 0.150
TNS   : 0.000

Type  : Fast 1100mV 0C Model Recovery 'altera_reserved_tck'
Slack : -0.730
TNS   : -25.191

Type  : Fast 1100mV 0C Model Recovery 'u0|pll|altera_pll_i|general[0].gpll~PLL_OUTPUT_COUNTER|divclk'
Slack : 2.874
TNS   : 0.000

Type  : Fast 1100mV 0C Model Recovery 'u0|pll|altera_pll_i|general[2].gpll~PLL_OUTPUT_COUNTER|divclk'
Slack : 18.795
TNS   : 0.000

Type  : Fast 1100mV 0C Model Removal 'u0|pll|altera_pll_i|general[2].gpll~PLL_OUTPUT_COUNTER|divclk'
Slack : 0.278
TNS   : 0.000

Type  : Fast 1100mV 0C Model Removal 'altera_reserved_tck'
Slack : 0.303
TNS   : 0.000

Type  : Fast 1100mV 0C Model Removal 'u0|pll|altera_pll_i|general[0].gpll~PLL_OUTPUT_COUNTER|divclk'
Slack : 0.461
TNS   : 0.000

Type  : Fast 1100mV 0C Model Minimum Pulse Width 'altera_reserved_tck'
Slack : -0.745
TNS   : -192.970

Type  : Fast 1100mV 0C Model Minimum Pulse Width 'u0|pll|altera_pll_i|general[0].gpll~FRACTIONAL_PLL|vcoph[0]'
Slack : 1.666
TNS   : 0.000

Type  : Fast 1100mV 0C Model Minimum Pulse Width 'u0|pll|altera_pll_i|general[0].gpll~PLL_OUTPUT_COUNTER|divclk'
Slack : 2.220
TNS   : 0.000

Type  : Fast 1100mV 0C Model Minimum Pulse Width 'u0|pll|altera_pll_i|general[2].gpll~PLL_OUTPUT_COUNTER|divclk'
Slack : 8.889
TNS   : 0.000

Type  : Fast 1100mV 0C Model Minimum Pulse Width 'CLOCK_50'
Slack : 9.286
TNS   : 0.000

------------------------------------------------------------
