------------------------------------------------------------
TimeQuest Timing Analyzer Summary
------------------------------------------------------------

Type  : Slow 1100mV 85C Model Setup 'clk'
Slack : -6.544
TNS   : -163.291

Type  : Slow 1100mV 85C Model Hold 'clk'
Slack : 0.495
TNS   : 0.000

Type  : Slow 1100mV 85C Model Minimum Pulse Width 'clk'
Slack : -2.174
TNS   : -53.974

Type  : Slow 1100mV 0C Model Setup 'clk'
Slack : -6.657
TNS   : -165.541

Type  : Slow 1100mV 0C Model Hold 'clk'
Slack : 0.467
TNS   : 0.000

Type  : Slow 1100mV 0C Model Minimum Pulse Width 'clk'
Slack : -2.174
TNS   : -55.774

Type  : Fast 1100mV 85C Model Setup 'clk'
Slack : -3.362
TNS   : -81.458

Type  : Fast 1100mV 85C Model Hold 'clk'
Slack : 0.284
TNS   : 0.000

Type  : Fast 1100mV 85C Model Minimum Pulse Width 'clk'
Slack : -2.174
TNS   : -36.880

Type  : Fast 1100mV 0C Model Setup 'clk'
Slack : -3.096
TNS   : -74.943

Type  : Fast 1100mV 0C Model Hold 'clk'
Slack : 0.249
TNS   : 0.000

Type  : Fast 1100mV 0C Model Minimum Pulse Width 'clk'
Slack : -2.174
TNS   : -36.959

------------------------------------------------------------
