Analysis & Synthesis report for funcion_tanh
Sat Apr 23 17:20:58 2022
Quartus Prime Version 17.1.0 Build 590 10/25/2017 SJ Lite Edition


---------------------
; Table of Contents ;
---------------------
  1. Legal Notice
  2. Analysis & Synthesis Summary
  3. Analysis & Synthesis Settings
  4. Parallel Compilation
  5. Analysis & Synthesis Source Files Read
  6. Analysis & Synthesis Resource Usage Summary
  7. Analysis & Synthesis Resource Utilization by Entity
  8. Analysis & Synthesis RAM Summary
  9. Registers Removed During Synthesis
 10. General Register Statistics
 11. Registers Packed Into Inferred Megafunctions
 12. Multiplexer Restructuring Statistics (Restructuring Performed)
 13. Source assignments for altsyncram:memoria_rtl_0|altsyncram_6t71:auto_generated
 14. Parameter Settings for Inferred Entity Instance: altsyncram:memoria_rtl_0
 15. altsyncram Parameter Settings by Entity Instance
 16. Post-Synthesis Netlist Statistics for Top Partition
 17. Elapsed Time Per Partition
 18. Analysis & Synthesis Messages



----------------
; Legal Notice ;
----------------
Copyright (C) 2017  Intel Corporation. All rights reserved.
Your use of Intel Corporation's design tools, logic functions 
and other software and tools, and its AMPP partner logic 
functions, and any output files from any of the foregoing 
(including device programming or simulation files), and any 
associated documentation or information are expressly subject 
to the terms and conditions of the Intel Program License 
Subscription Agreement, the Intel Quartus Prime License Agreement,
the Intel FPGA IP License Agreement, or other applicable license
agreement, including, without limitation, that your use is for
the sole purpose of programming logic devices manufactured by
Intel and sold by Intel or its authorized distributors.  Please
refer to the applicable agreement for further details.



+----------------------------------------------------------------------------------+
; Analysis & Synthesis Summary                                                     ;
+------------------------------------+---------------------------------------------+
; Analysis & Synthesis Status        ; Successful - Sat Apr 23 17:20:57 2022       ;
; Quartus Prime Version              ; 17.1.0 Build 590 10/25/2017 SJ Lite Edition ;
; Revision Name                      ; funcion_tanh                                ;
; Top-level Entity Name              ; tanh_mem_9k                                 ;
; Family                             ; Cyclone IV GX                               ;
; Total logic elements               ; 413                                         ;
;     Total combinational functions  ; 379                                         ;
;     Dedicated logic registers      ; 62                                          ;
; Total registers                    ; 62                                          ;
; Total pins                         ; 65                                          ;
; Total virtual pins                 ; 0                                           ;
; Total memory bits                  ; 10,240                                      ;
; Embedded Multiplier 9-bit elements ; 0                                           ;
; Total GXB Receiver Channel PCS     ; 0                                           ;
; Total GXB Receiver Channel PMA     ; 0                                           ;
; Total GXB Transmitter Channel PCS  ; 0                                           ;
; Total GXB Transmitter Channel PMA  ; 0                                           ;
; Total PLLs                         ; 0                                           ;
+------------------------------------+---------------------------------------------+


+----------------------------------------------------------------------------------------------------------------------+
; Analysis & Synthesis Settings                                                                                        ;
+----------------------------------------------------------------------------+--------------------+--------------------+
; Option                                                                     ; Setting            ; Default Value      ;
+----------------------------------------------------------------------------+--------------------+--------------------+
; Top-level entity name                                                      ; tanh_mem_9k        ; funcion_tanh       ;
; Family name                                                                ; Cyclone IV GX      ; Cyclone IV GX      ;
; Use smart compilation                                                      ; Off                ; Off                ;
; Enable parallel Assembler and TimeQuest Timing Analyzer during compilation ; On                 ; On                 ;
; Enable compact report table                                                ; Off                ; Off                ;
; Restructure Multiplexers                                                   ; Auto               ; Auto               ;
; Create Debugging Nodes for IP Cores                                        ; Off                ; Off                ;
; Preserve fewer node names                                                  ; On                 ; On                 ;
; Intel FPGA IP Evaluation Mode                                              ; Enable             ; Enable             ;
; Verilog Version                                                            ; Verilog_2001       ; Verilog_2001       ;
; VHDL Version                                                               ; VHDL_1993          ; VHDL_1993          ;
; State Machine Processing                                                   ; Auto               ; Auto               ;
; Safe State Machine                                                         ; Off                ; Off                ;
; Extract Verilog State Machines                                             ; On                 ; On                 ;
; Extract VHDL State Machines                                                ; On                 ; On                 ;
; Ignore Verilog initial constructs                                          ; Off                ; Off                ;
; Iteration limit for constant Verilog loops                                 ; 5000               ; 5000               ;
; Iteration limit for non-constant Verilog loops                             ; 250                ; 250                ;
; Add Pass-Through Logic to Inferred RAMs                                    ; On                 ; On                 ;
; Infer RAMs from Raw Logic                                                  ; On                 ; On                 ;
; Parallel Synthesis                                                         ; On                 ; On                 ;
; DSP Block Balancing                                                        ; Auto               ; Auto               ;
; NOT Gate Push-Back                                                         ; On                 ; On                 ;
; Power-Up Don't Care                                                        ; On                 ; On                 ;
; Remove Redundant Logic Cells                                               ; Off                ; Off                ;
; Remove Duplicate Registers                                                 ; On                 ; On                 ;
; Ignore CARRY Buffers                                                       ; Off                ; Off                ;
; Ignore CASCADE Buffers                                                     ; Off                ; Off                ;
; Ignore GLOBAL Buffers                                                      ; Off                ; Off                ;
; Ignore ROW GLOBAL Buffers                                                  ; Off                ; Off                ;
; Ignore LCELL Buffers                                                       ; Off                ; Off                ;
; Ignore SOFT Buffers                                                        ; On                 ; On                 ;
; Limit AHDL Integers to 32 Bits                                             ; Off                ; Off                ;
; Optimization Technique                                                     ; Balanced           ; Balanced           ;
; Carry Chain Length                                                         ; 70                 ; 70                 ;
; Auto Carry Chains                                                          ; On                 ; On                 ;
; Auto Open-Drain Pins                                                       ; On                 ; On                 ;
; Perform WYSIWYG Primitive Resynthesis                                      ; Off                ; Off                ;
; Auto ROM Replacement                                                       ; On                 ; On                 ;
; Auto RAM Replacement                                                       ; On                 ; On                 ;
; Auto DSP Block Replacement                                                 ; On                 ; On                 ;
; Auto Shift Register Replacement                                            ; Auto               ; Auto               ;
; Allow Shift Register Merging across Hierarchies                            ; Auto               ; Auto               ;
; Auto Clock Enable Replacement                                              ; On                 ; On                 ;
; Strict RAM Replacement                                                     ; Off                ; Off                ;
; Allow Synchronous Control Signals                                          ; On                 ; On                 ;
; Force Use of Synchronous Clear Signals                                     ; Off                ; Off                ;
; Auto RAM Block Balancing                                                   ; On                 ; On                 ;
; Auto RAM to Logic Cell Conversion                                          ; Off                ; Off                ;
; Auto Resource Sharing                                                      ; Off                ; Off                ;
; Allow Any RAM Size For Recognition                                         ; Off                ; Off                ;
; Allow Any ROM Size For Recognition                                         ; Off                ; Off                ;
; Allow Any Shift Register Size For Recognition                              ; Off                ; Off                ;
; Use LogicLock Constraints during Resource Balancing                        ; On                 ; On                 ;
; Ignore translate_off and synthesis_off directives                          ; Off                ; Off                ;
; Timing-Driven Synthesis                                                    ; On                 ; On                 ;
; Report Parameter Settings                                                  ; On                 ; On                 ;
; Report Source Assignments                                                  ; On                 ; On                 ;
; Report Connectivity Checks                                                 ; On                 ; On                 ;
; Ignore Maximum Fan-Out Assignments                                         ; Off                ; Off                ;
; Synchronization Register Chain Length                                      ; 2                  ; 2                  ;
; Power Optimization During Synthesis                                        ; Normal compilation ; Normal compilation ;
; HDL message level                                                          ; Level2             ; Level2             ;
; Suppress Register Optimization Related Messages                            ; Off                ; Off                ;
; Number of Removed Registers Reported in Synthesis Report                   ; 5000               ; 5000               ;
; Number of Swept Nodes Reported in Synthesis Report                         ; 5000               ; 5000               ;
; Number of Inverted Registers Reported in Synthesis Report                  ; 100                ; 100                ;
; Clock MUX Protection                                                       ; On                 ; On                 ;
; Auto Gated Clock Conversion                                                ; Off                ; Off                ;
; Block Design Naming                                                        ; Auto               ; Auto               ;
; SDC constraint protection                                                  ; Off                ; Off                ;
; Synthesis Effort                                                           ; Auto               ; Auto               ;
; Shift Register Replacement - Allow Asynchronous Clear Signal               ; On                 ; On                 ;
; Pre-Mapping Resynthesis Optimization                                       ; Off                ; Off                ;
; Analysis & Synthesis Message Level                                         ; Medium             ; Medium             ;
; Disable Register Merging Across Hierarchies                                ; Auto               ; Auto               ;
; Resource Aware Inference For Block RAM                                     ; On                 ; On                 ;
+----------------------------------------------------------------------------+--------------------+--------------------+


+------------------------------------------+
; Parallel Compilation                     ;
+----------------------------+-------------+
; Processors                 ; Number      ;
+----------------------------+-------------+
; Number detected on machine ; 4           ;
; Maximum allowed            ; 2           ;
;                            ;             ;
; Average used               ; 1.00        ;
; Maximum used               ; 2           ;
;                            ;             ;
; Usage by Processor         ; % Time Used ;
;     Processor 1            ; 100.0%      ;
;     Processor 2            ;   0.0%      ;
+----------------------------+-------------+


+----------------------------------------------------------------------------------------------------------------------------------------------------------------------------------------------------------------------------------------------------------------------------+
; Analysis & Synthesis Source Files Read                                                                                                                                                                                                                                     ;
+--------------------------------------------------+-----------------+-------------------------------------------------------+-------------------------------------------------------------------------------------------------------------------------------------+---------+
; File Name with User-Entered Path                 ; Used in Netlist ; File Type                                             ; File Name with Absolute Path                                                                                                        ; Library ;
+--------------------------------------------------+-----------------+-------------------------------------------------------+-------------------------------------------------------------------------------------------------------------------------------------+---------+
; ROM_sincrona_tanh.vhd                            ; yes             ; User VHDL File                                        ; C:/Users/jose_/Documents/UPV/MUISE_21_22/SID-Laboratories/Tarea3/funcion_tanh_vhdl/ROM_sincrona_tanh.vhd                            ;         ;
; math_utility.vhd                                 ; yes             ; User VHDL File                                        ; C:/Users/jose_/Documents/UPV/MUISE_21_22/SID-Laboratories/Tarea3/funcion_tanh_vhdl/math_utility.vhd                                 ;         ;
; float_pkg.vhd                                    ; yes             ; User VHDL File                                        ; C:/Users/jose_/Documents/UPV/MUISE_21_22/SID-Laboratories/Tarea3/funcion_tanh_vhdl/float_pkg.vhd                                    ;         ;
; fixed_pkg.vhd                                    ; yes             ; User VHDL File                                        ; C:/Users/jose_/Documents/UPV/MUISE_21_22/SID-Laboratories/Tarea3/funcion_tanh_vhdl/fixed_pkg.vhd                                    ;         ;
; altsyncram.tdf                                   ; yes             ; Megafunction                                          ; c:/intelfpga_lite/17.1/quartus/libraries/megafunctions/altsyncram.tdf                                                               ;         ;
; stratix_ram_block.inc                            ; yes             ; Megafunction                                          ; c:/intelfpga_lite/17.1/quartus/libraries/megafunctions/stratix_ram_block.inc                                                        ;         ;
; lpm_mux.inc                                      ; yes             ; Megafunction                                          ; c:/intelfpga_lite/17.1/quartus/libraries/megafunctions/lpm_mux.inc                                                                  ;         ;
; lpm_decode.inc                                   ; yes             ; Megafunction                                          ; c:/intelfpga_lite/17.1/quartus/libraries/megafunctions/lpm_decode.inc                                                               ;         ;
; aglobal171.inc                                   ; yes             ; Megafunction                                          ; c:/intelfpga_lite/17.1/quartus/libraries/megafunctions/aglobal171.inc                                                               ;         ;
; a_rdenreg.inc                                    ; yes             ; Megafunction                                          ; c:/intelfpga_lite/17.1/quartus/libraries/megafunctions/a_rdenreg.inc                                                                ;         ;
; altrom.inc                                       ; yes             ; Megafunction                                          ; c:/intelfpga_lite/17.1/quartus/libraries/megafunctions/altrom.inc                                                                   ;         ;
; altram.inc                                       ; yes             ; Megafunction                                          ; c:/intelfpga_lite/17.1/quartus/libraries/megafunctions/altram.inc                                                                   ;         ;
; altdpram.inc                                     ; yes             ; Megafunction                                          ; c:/intelfpga_lite/17.1/quartus/libraries/megafunctions/altdpram.inc                                                                 ;         ;
; db/altsyncram_6t71.tdf                           ; yes             ; Auto-Generated Megafunction                           ; C:/Users/jose_/Documents/UPV/MUISE_21_22/SID-Laboratories/Tarea3/funcion_tanh_vhdl/db/altsyncram_6t71.tdf                           ;         ;
; db/funcion_tanh.ram0_tanh_mem_9k_83e0ea2.hdl.mif ; yes             ; Auto-Generated Auto-Found Memory Initialization File  ; C:/Users/jose_/Documents/UPV/MUISE_21_22/SID-Laboratories/Tarea3/funcion_tanh_vhdl/db/funcion_tanh.ram0_tanh_mem_9k_83e0ea2.hdl.mif ;         ;
+--------------------------------------------------+-----------------+-------------------------------------------------------+-------------------------------------------------------------------------------------------------------------------------------------+---------+


+---------------------------------------------+
; Analysis & Synthesis Resource Usage Summary ;
+--------------------------+------------------+
; Resource                 ; Usage            ;
+--------------------------+------------------+
; I/O pins                 ; 65               ;
; Total memory bits        ; 10240            ;
;                          ;                  ;
; DSP block 9-bit elements ; 0                ;
;                          ;                  ;
; Maximum fan-out node     ; clk~input        ;
; Maximum fan-out          ; 82               ;
; Total fan-out            ; 1662             ;
; Average fan-out          ; 2.81             ;
+--------------------------+------------------+


+---------------------------------------------------------------------------------------------------------------------------------------------------------------------------------------------------------------------------------------------------------------------------------------+
; Analysis & Synthesis Resource Utilization by Entity                                                                                                                                                                                                                                   ;
+----------------------------------------+---------------------+---------------------------+-------------+--------------+---------+-----------+-----------+------+--------------+----------------------------------------------------------------------+-----------------+--------------+
; Compilation Hierarchy Node             ; Combinational ALUTs ; Dedicated Logic Registers ; Memory Bits ; DSP Elements ; DSP 9x9 ; DSP 18x18 ; DSP 36x36 ; Pins ; Virtual Pins ; Full Hierarchy Name                                                  ; Entity Name     ; Library Name ;
+----------------------------------------+---------------------+---------------------------+-------------+--------------+---------+-----------+-----------+------+--------------+----------------------------------------------------------------------+-----------------+--------------+
; |tanh_mem_9k                           ; 379 (379)           ; 62 (62)                   ; 10240       ; 0            ; 0       ; 0         ; 0         ; 65   ; 0            ; |tanh_mem_9k                                                         ; tanh_mem_9k     ; work         ;
;    |altsyncram:memoria_rtl_0|          ; 0 (0)               ; 0 (0)                     ; 10240       ; 0            ; 0       ; 0         ; 0         ; 0    ; 0            ; |tanh_mem_9k|altsyncram:memoria_rtl_0                                ; altsyncram      ; work         ;
;       |altsyncram_6t71:auto_generated| ; 0 (0)               ; 0 (0)                     ; 10240       ; 0            ; 0       ; 0         ; 0         ; 0    ; 0            ; |tanh_mem_9k|altsyncram:memoria_rtl_0|altsyncram_6t71:auto_generated ; altsyncram_6t71 ; work         ;
+----------------------------------------+---------------------+---------------------------+-------------+--------------+---------+-----------+-----------+------+--------------+----------------------------------------------------------------------+-----------------+--------------+
Note: For table entries with two numbers listed, the numbers in parentheses indicate the number of resources of the given type used by the specific entity alone. The numbers listed outside of parentheses indicate the total resources of the given type used by the specific entity and all of its sub-entities in the hierarchy.


+---------------------------------------------------------------------------------------------------------------------------------------------------------------------------------------------------------+
; Analysis & Synthesis RAM Summary                                                                                                                                                                        ;
+--------------------------------------------------------------------+------+------+--------------+--------------+--------------+--------------+-------+--------------------------------------------------+
; Name                                                               ; Type ; Mode ; Port A Depth ; Port A Width ; Port B Depth ; Port B Width ; Size  ; MIF                                              ;
+--------------------------------------------------------------------+------+------+--------------+--------------+--------------+--------------+-------+--------------------------------------------------+
; altsyncram:memoria_rtl_0|altsyncram_6t71:auto_generated|ALTSYNCRAM ; AUTO ; ROM  ; 512          ; 20           ; --           ; --           ; 10240 ; db/funcion_tanh.ram0_tanh_mem_9k_83e0ea2.hdl.mif ;
+--------------------------------------------------------------------+------+------+--------------+--------------+--------------+--------------+-------+--------------------------------------------------+


+--------------------------------------------------------------------------------+
; Registers Removed During Synthesis                                             ;
+---------------------------------------+----------------------------------------+
; Register name                         ; Reason for Removal                     ;
+---------------------------------------+----------------------------------------+
; result[3]~reg0                        ; Stuck at GND due to stuck port data_in ;
; result[2]~reg0                        ; Stuck at GND due to stuck port data_in ;
; result[1]~reg0                        ; Stuck at GND due to stuck port data_in ;
; result[0]~reg0                        ; Stuck at GND due to stuck port data_in ;
; Total Number of Removed Registers = 4 ;                                        ;
+---------------------------------------+----------------------------------------+


+------------------------------------------------------+
; General Register Statistics                          ;
+----------------------------------------------+-------+
; Statistic                                    ; Value ;
+----------------------------------------------+-------+
; Total registers                              ; 62    ;
; Number of registers using Synchronous Clear  ; 20    ;
; Number of registers using Synchronous Load   ; 7     ;
; Number of registers using Asynchronous Clear ; 0     ;
; Number of registers using Asynchronous Load  ; 0     ;
; Number of registers using Clock Enable       ; 0     ;
; Number of registers using Preset             ; 0     ;
+----------------------------------------------+-------+


+----------------------------------------------+
; Registers Packed Into Inferred Megafunctions ;
+-------------------+---------------+----------+
; Register Name     ; Megafunction  ; Type     ;
+-------------------+---------------+----------+
; result_rom[0..19] ; memoria_rtl_0 ; RAM      ;
+-------------------+---------------+----------+


+------------------------------------------------------------------------------------------------------------------------------------------+
; Multiplexer Restructuring Statistics (Restructuring Performed)                                                                           ;
+--------------------+-----------+---------------+----------------------+------------------------+------------+----------------------------+
; Multiplexer Inputs ; Bus Width ; Baseline Area ; Area if Restructured ; Saving if Restructured ; Registered ; Example Multiplexer Output ;
+--------------------+-----------+---------------+----------------------+------------------------+------------+----------------------------+
; 3:1                ; 9 bits    ; 18 LEs        ; 18 LEs               ; 0 LEs                  ; No         ; |tanh_mem_9k|valor1[4]     ;
; 3:1                ; 2 bits    ; 4 LEs         ; 2 LEs                ; 2 LEs                  ; No         ; |tanh_mem_9k|Classfp       ;
; 4:1                ; 3 bits    ; 6 LEs         ; 3 LEs                ; 3 LEs                  ; No         ; |tanh_mem_9k|fract         ;
; 5:1                ; 5 bits    ; 15 LEs        ; 5 LEs                ; 10 LEs                 ; No         ; |tanh_mem_9k|fract         ;
; 5:1                ; 3 bits    ; 9 LEs         ; 6 LEs                ; 3 LEs                  ; No         ; |tanh_mem_9k|fract         ;
; 6:1                ; 4 bits    ; 16 LEs        ; 8 LEs                ; 8 LEs                  ; No         ; |tanh_mem_9k|fract         ;
; 8:1                ; 2 bits    ; 10 LEs        ; 8 LEs                ; 2 LEs                  ; No         ; |tanh_mem_9k|fract         ;
; 6:1                ; 3 bits    ; 12 LEs        ; 9 LEs                ; 3 LEs                  ; No         ; |tanh_mem_9k|Selector1     ;
; 7:1                ; 13 bits   ; 52 LEs        ; 39 LEs               ; 13 LEs                 ; No         ; |tanh_mem_9k|Selector15    ;
; 7:1                ; 3 bits    ; 12 LEs        ; 12 LEs               ; 0 LEs                  ; No         ; |tanh_mem_9k|Selector17    ;
; 8:1                ; 3 bits    ; 15 LEs        ; 15 LEs               ; 0 LEs                  ; No         ; |tanh_mem_9k|Selector34    ;
; 8:1                ; 8 bits    ; 40 LEs        ; 32 LEs               ; 8 LEs                  ; No         ; |tanh_mem_9k|Selector22    ;
; 9:1                ; 4 bits    ; 24 LEs        ; 20 LEs               ; 4 LEs                  ; No         ; |tanh_mem_9k|Selector28    ;
; 12:1               ; 2 bits    ; 16 LEs        ; 14 LEs               ; 2 LEs                  ; No         ; |tanh_mem_9k|find_leftmost ;
+--------------------+-----------+---------------+----------------------+------------------------+------------+----------------------------+


+--------------------------------------------------------------------------------+
; Source assignments for altsyncram:memoria_rtl_0|altsyncram_6t71:auto_generated ;
+---------------------------------+--------------------+------+------------------+
; Assignment                      ; Value              ; From ; To               ;
+---------------------------------+--------------------+------+------------------+
; OPTIMIZE_POWER_DURING_SYNTHESIS ; NORMAL_COMPILATION ; -    ; -                ;
+---------------------------------+--------------------+------+------------------+


+--------------------------------------------------------------------------------------------------------+
; Parameter Settings for Inferred Entity Instance: altsyncram:memoria_rtl_0                              ;
+------------------------------------+--------------------------------------------------+----------------+
; Parameter Name                     ; Value                                            ; Type           ;
+------------------------------------+--------------------------------------------------+----------------+
; BYTE_SIZE_BLOCK                    ; 8                                                ; Untyped        ;
; AUTO_CARRY_CHAINS                  ; ON                                               ; AUTO_CARRY     ;
; IGNORE_CARRY_BUFFERS               ; OFF                                              ; IGNORE_CARRY   ;
; AUTO_CASCADE_CHAINS                ; ON                                               ; AUTO_CASCADE   ;
; IGNORE_CASCADE_BUFFERS             ; OFF                                              ; IGNORE_CASCADE ;
; WIDTH_BYTEENA                      ; 1                                                ; Untyped        ;
; OPERATION_MODE                     ; ROM                                              ; Untyped        ;
; WIDTH_A                            ; 20                                               ; Untyped        ;
; WIDTHAD_A                          ; 9                                                ; Untyped        ;
; NUMWORDS_A                         ; 512                                              ; Untyped        ;
; OUTDATA_REG_A                      ; UNREGISTERED                                     ; Untyped        ;
; ADDRESS_ACLR_A                     ; NONE                                             ; Untyped        ;
; OUTDATA_ACLR_A                     ; NONE                                             ; Untyped        ;
; WRCONTROL_ACLR_A                   ; NONE                                             ; Untyped        ;
; INDATA_ACLR_A                      ; NONE                                             ; Untyped        ;
; BYTEENA_ACLR_A                     ; NONE                                             ; Untyped        ;
; WIDTH_B                            ; 1                                                ; Untyped        ;
; WIDTHAD_B                          ; 1                                                ; Untyped        ;
; NUMWORDS_B                         ; 1                                                ; Untyped        ;
; INDATA_REG_B                       ; CLOCK1                                           ; Untyped        ;
; WRCONTROL_WRADDRESS_REG_B          ; CLOCK1                                           ; Untyped        ;
; RDCONTROL_REG_B                    ; CLOCK1                                           ; Untyped        ;
; ADDRESS_REG_B                      ; CLOCK1                                           ; Untyped        ;
; OUTDATA_REG_B                      ; UNREGISTERED                                     ; Untyped        ;
; BYTEENA_REG_B                      ; CLOCK1                                           ; Untyped        ;
; INDATA_ACLR_B                      ; NONE                                             ; Untyped        ;
; WRCONTROL_ACLR_B                   ; NONE                                             ; Untyped        ;
; ADDRESS_ACLR_B                     ; NONE                                             ; Untyped        ;
; OUTDATA_ACLR_B                     ; NONE                                             ; Untyped        ;
; RDCONTROL_ACLR_B                   ; NONE                                             ; Untyped        ;
; BYTEENA_ACLR_B                     ; NONE                                             ; Untyped        ;
; WIDTH_BYTEENA_A                    ; 1                                                ; Untyped        ;
; WIDTH_BYTEENA_B                    ; 1                                                ; Untyped        ;
; RAM_BLOCK_TYPE                     ; AUTO                                             ; Untyped        ;
; BYTE_SIZE                          ; 8                                                ; Untyped        ;
; READ_DURING_WRITE_MODE_MIXED_PORTS ; DONT_CARE                                        ; Untyped        ;
; READ_DURING_WRITE_MODE_PORT_A      ; NEW_DATA_NO_NBE_READ                             ; Untyped        ;
; READ_DURING_WRITE_MODE_PORT_B      ; NEW_DATA_NO_NBE_READ                             ; Untyped        ;
; INIT_FILE                          ; db/funcion_tanh.ram0_tanh_mem_9k_83e0ea2.hdl.mif ; Untyped        ;
; INIT_FILE_LAYOUT                   ; PORT_A                                           ; Untyped        ;
; MAXIMUM_DEPTH                      ; 0                                                ; Untyped        ;
; CLOCK_ENABLE_INPUT_A               ; NORMAL                                           ; Untyped        ;
; CLOCK_ENABLE_INPUT_B               ; NORMAL                                           ; Untyped        ;
; CLOCK_ENABLE_OUTPUT_A              ; NORMAL                                           ; Untyped        ;
; CLOCK_ENABLE_OUTPUT_B              ; NORMAL                                           ; Untyped        ;
; CLOCK_ENABLE_CORE_A                ; USE_INPUT_CLKEN                                  ; Untyped        ;
; CLOCK_ENABLE_CORE_B                ; USE_INPUT_CLKEN                                  ; Untyped        ;
; ENABLE_ECC                         ; FALSE                                            ; Untyped        ;
; ECC_PIPELINE_STAGE_ENABLED         ; FALSE                                            ; Untyped        ;
; WIDTH_ECCSTATUS                    ; 3                                                ; Untyped        ;
; DEVICE_FAMILY                      ; Cyclone IV GX                                    ; Untyped        ;
; CBXI_PARAMETER                     ; altsyncram_6t71                                  ; Untyped        ;
+------------------------------------+--------------------------------------------------+----------------+
Note: In order to hide this table in the UI and the text report file, please set the "Show Parameter Settings in Synthesis Report" option in "Analysis and Synthesis Settings -> More Settings" to "Off".


+----------------------------------------------------------------------+
; altsyncram Parameter Settings by Entity Instance                     ;
+-------------------------------------------+--------------------------+
; Name                                      ; Value                    ;
+-------------------------------------------+--------------------------+
; Number of entity instances                ; 1                        ;
; Entity Instance                           ; altsyncram:memoria_rtl_0 ;
;     -- OPERATION_MODE                     ; ROM                      ;
;     -- WIDTH_A                            ; 20                       ;
;     -- NUMWORDS_A                         ; 512                      ;
;     -- OUTDATA_REG_A                      ; UNREGISTERED             ;
;     -- WIDTH_B                            ; 1                        ;
;     -- NUMWORDS_B                         ; 1                        ;
;     -- ADDRESS_REG_B                      ; CLOCK1                   ;
;     -- OUTDATA_REG_B                      ; UNREGISTERED             ;
;     -- RAM_BLOCK_TYPE                     ; AUTO                     ;
;     -- READ_DURING_WRITE_MODE_MIXED_PORTS ; DONT_CARE                ;
+-------------------------------------------+--------------------------+


+-----------------------------------------------------+
; Post-Synthesis Netlist Statistics for Top Partition ;
+-----------------------+-----------------------------+
; Type                  ; Count                       ;
+-----------------------+-----------------------------+
; boundary_port         ; 65                          ;
; cycloneiii_ff         ; 62                          ;
;     SCLR              ; 20                          ;
;     SLD               ; 7                           ;
;     plain             ; 35                          ;
; cycloneiii_lcell_comb ; 380                         ;
;     arith             ; 56                          ;
;         2 data inputs ; 48                          ;
;         3 data inputs ; 8                           ;
;     normal            ; 324                         ;
;         0 data inputs ; 2                           ;
;         1 data inputs ; 2                           ;
;         2 data inputs ; 36                          ;
;         3 data inputs ; 112                         ;
;         4 data inputs ; 172                         ;
; cycloneiii_ram_block  ; 20                          ;
;                       ;                             ;
; Max LUT depth         ; 16.20                       ;
; Average LUT depth     ; 11.98                       ;
+-----------------------+-----------------------------+


+-------------------------------+
; Elapsed Time Per Partition    ;
+----------------+--------------+
; Partition Name ; Elapsed Time ;
+----------------+--------------+
; Top            ; 00:00:01     ;
+----------------+--------------+


+-------------------------------+
; Analysis & Synthesis Messages ;
+-------------------------------+
Info: *******************************************************************
Info: Running Quartus Prime Analysis & Synthesis
    Info: Version 17.1.0 Build 590 10/25/2017 SJ Lite Edition
    Info: Processing started: Sat Apr 23 17:20:37 2022
Info: Command: quartus_map --read_settings_files=on --write_settings_files=off funcion_tanh -c funcion_tanh
Warning (18236): Number of processors has not been specified which may cause overloading on shared machines.  Set the global assignment NUM_PARALLEL_PROCESSORS in your QSF to an appropriate value for best performance.
Info (20030): Parallel compilation is enabled and will use 2 of the 2 processors detected
Info (12021): Found 2 design units, including 1 entities, in source file rom_sincrona_tanh.vhd
    Info (12022): Found design unit 1: tanh_mem_9k-sincrona File: C:/Users/jose_/Documents/UPV/MUISE_21_22/SID-Laboratories/Tarea3/funcion_tanh_vhdl/ROM_sincrona_tanh.vhd Line: 19
    Info (12023): Found entity 1: tanh_mem_9k File: C:/Users/jose_/Documents/UPV/MUISE_21_22/SID-Laboratories/Tarea3/funcion_tanh_vhdl/ROM_sincrona_tanh.vhd Line: 12
Info (12021): Found 1 design units, including 0 entities, in source file math_utility.vhd
    Info (12022): Found design unit 1: math_utility_pkg File: C:/Users/jose_/Documents/UPV/MUISE_21_22/SID-Laboratories/Tarea3/funcion_tanh_vhdl/math_utility.vhd Line: 42
Info (12021): Found 2 design units, including 0 entities, in source file float_pkg.vhd
    Info (12022): Found design unit 1: float_pkg File: C:/Users/jose_/Documents/UPV/MUISE_21_22/SID-Laboratories/Tarea3/funcion_tanh_vhdl/float_pkg.vhd Line: 28
    Info (12022): Found design unit 2: float_pkg-body File: C:/Users/jose_/Documents/UPV/MUISE_21_22/SID-Laboratories/Tarea3/funcion_tanh_vhdl/float_pkg.vhd Line: 1001
Info (12021): Found 2 design units, including 0 entities, in source file fixed_pkg.vhd
    Info (12022): Found design unit 1: fixed_pkg File: C:/Users/jose_/Documents/UPV/MUISE_21_22/SID-Laboratories/Tarea3/funcion_tanh_vhdl/fixed_pkg.vhd Line: 25
    Info (12022): Found design unit 2: fixed_pkg-body File: C:/Users/jose_/Documents/UPV/MUISE_21_22/SID-Laboratories/Tarea3/funcion_tanh_vhdl/fixed_pkg.vhd Line: 1474
Info (12127): Elaborating entity "tanh_mem_9k" for the top level hierarchy
Warning (10445): VHDL Subtype or Type Declaration warning at fixed_pkg.vhd(1478): subtype or type has null range File: C:/Users/jose_/Documents/UPV/MUISE_21_22/SID-Laboratories/Tarea3/funcion_tanh_vhdl/fixed_pkg.vhd Line: 1478
Warning (10445): VHDL Subtype or Type Declaration warning at fixed_pkg.vhd(1479): subtype or type has null range File: C:/Users/jose_/Documents/UPV/MUISE_21_22/SID-Laboratories/Tarea3/funcion_tanh_vhdl/fixed_pkg.vhd Line: 1479
Warning (10445): VHDL Subtype or Type Declaration warning at fixed_pkg.vhd(1480): subtype or type has null range File: C:/Users/jose_/Documents/UPV/MUISE_21_22/SID-Laboratories/Tarea3/funcion_tanh_vhdl/fixed_pkg.vhd Line: 1480
Warning (10445): VHDL Subtype or Type Declaration warning at float_pkg.vhd(1016): subtype or type has null range File: C:/Users/jose_/Documents/UPV/MUISE_21_22/SID-Laboratories/Tarea3/funcion_tanh_vhdl/float_pkg.vhd Line: 1016
Warning (10445): VHDL Subtype or Type Declaration warning at float_pkg.vhd(1017): subtype or type has null range File: C:/Users/jose_/Documents/UPV/MUISE_21_22/SID-Laboratories/Tarea3/funcion_tanh_vhdl/float_pkg.vhd Line: 1017
Warning (10325): VHDL Choice warning at std_1164_vhdl1993.vhd(1092): ignored choice containing meta-value "'U'" File: c:/intelfpga_lite/17.1/quartus/libraries/vhdl/ieee/1993/std_1164_vhdl1993.vhd Line: 1092
Warning (10325): VHDL Choice warning at std_1164_vhdl1993.vhd(1092): ignored choice containing meta-value "'X'" File: c:/intelfpga_lite/17.1/quartus/libraries/vhdl/ieee/1993/std_1164_vhdl1993.vhd Line: 1092
Warning (10325): VHDL Choice warning at std_1164_vhdl1993.vhd(1092): ignored choice containing meta-value "'Z'" File: c:/intelfpga_lite/17.1/quartus/libraries/vhdl/ieee/1993/std_1164_vhdl1993.vhd Line: 1092
Warning (10325): VHDL Choice warning at std_1164_vhdl1993.vhd(1092): ignored choice containing meta-value "'W'" File: c:/intelfpga_lite/17.1/quartus/libraries/vhdl/ieee/1993/std_1164_vhdl1993.vhd Line: 1092
Warning (10325): VHDL Choice warning at std_1164_vhdl1993.vhd(1092): ignored choice containing meta-value "'-'" File: c:/intelfpga_lite/17.1/quartus/libraries/vhdl/ieee/1993/std_1164_vhdl1993.vhd Line: 1092
Warning (10542): VHDL Variable Declaration warning at math_real_vhdl1993.vhd(3573): used initial value expression for variable "NEGATIVE" because variable was never assigned a value File: c:/intelfpga_lite/17.1/quartus/libraries/vhdl/ieee/1993/math_real_vhdl1993.vhd Line: 3573
Warning (10542): VHDL Variable Declaration warning at math_real_vhdl1993.vhd(3574): used initial value expression for variable "XLOCAL" because variable was never assigned a value File: c:/intelfpga_lite/17.1/quartus/libraries/vhdl/ieee/1993/math_real_vhdl1993.vhd Line: 3574
Warning (10542): VHDL Variable Declaration warning at math_real_vhdl1993.vhd(2373): used initial value expression for variable "RECIPROCAL" because variable was never assigned a value File: c:/intelfpga_lite/17.1/quartus/libraries/vhdl/ieee/1993/math_real_vhdl1993.vhd Line: 2373
Warning (10445): VHDL Subtype or Type Declaration warning at float_pkg.vhd(3792): subtype or type has null range File: C:/Users/jose_/Documents/UPV/MUISE_21_22/SID-Laboratories/Tarea3/funcion_tanh_vhdl/float_pkg.vhd Line: 3792
Warning (10325): VHDL Choice warning at std_1164_vhdl1993.vhd(1103): ignored choice containing meta-value "'U'" File: c:/intelfpga_lite/17.1/quartus/libraries/vhdl/ieee/1993/std_1164_vhdl1993.vhd Line: 1103
Warning (10325): VHDL Choice warning at std_1164_vhdl1993.vhd(1103): ignored choice containing meta-value "'X'" File: c:/intelfpga_lite/17.1/quartus/libraries/vhdl/ieee/1993/std_1164_vhdl1993.vhd Line: 1103
Warning (10325): VHDL Choice warning at std_1164_vhdl1993.vhd(1103): ignored choice containing meta-value "'Z'" File: c:/intelfpga_lite/17.1/quartus/libraries/vhdl/ieee/1993/std_1164_vhdl1993.vhd Line: 1103
Warning (10325): VHDL Choice warning at std_1164_vhdl1993.vhd(1103): ignored choice containing meta-value "'W'" File: c:/intelfpga_lite/17.1/quartus/libraries/vhdl/ieee/1993/std_1164_vhdl1993.vhd Line: 1103
Warning (10325): VHDL Choice warning at std_1164_vhdl1993.vhd(1103): ignored choice containing meta-value "'-'" File: c:/intelfpga_lite/17.1/quartus/libraries/vhdl/ieee/1993/std_1164_vhdl1993.vhd Line: 1103
Info (19000): Inferred 1 megafunctions from design logic
    Info (276029): Inferred altsyncram megafunction from the following design logic: "memoria_rtl_0" 
        Info (286033): Parameter OPERATION_MODE set to ROM
        Info (286033): Parameter WIDTH_A set to 20
        Info (286033): Parameter WIDTHAD_A set to 9
        Info (286033): Parameter NUMWORDS_A set to 512
        Info (286033): Parameter OUTDATA_REG_A set to UNREGISTERED
        Info (286033): Parameter ADDRESS_ACLR_A set to NONE
        Info (286033): Parameter OUTDATA_ACLR_A set to NONE
        Info (286033): Parameter INDATA_ACLR_A set to NONE
        Info (286033): Parameter WRCONTROL_ACLR_A set to NONE
        Info (286033): Parameter INIT_FILE set to db/funcion_tanh.ram0_tanh_mem_9k_83e0ea2.hdl.mif
Info (12130): Elaborated megafunction instantiation "altsyncram:memoria_rtl_0"
Info (12133): Instantiated megafunction "altsyncram:memoria_rtl_0" with the following parameter:
    Info (12134): Parameter "OPERATION_MODE" = "ROM"
    Info (12134): Parameter "WIDTH_A" = "20"
    Info (12134): Parameter "WIDTHAD_A" = "9"
    Info (12134): Parameter "NUMWORDS_A" = "512"
    Info (12134): Parameter "OUTDATA_REG_A" = "UNREGISTERED"
    Info (12134): Parameter "ADDRESS_ACLR_A" = "NONE"
    Info (12134): Parameter "OUTDATA_ACLR_A" = "NONE"
    Info (12134): Parameter "INDATA_ACLR_A" = "NONE"
    Info (12134): Parameter "WRCONTROL_ACLR_A" = "NONE"
    Info (12134): Parameter "INIT_FILE" = "db/funcion_tanh.ram0_tanh_mem_9k_83e0ea2.hdl.mif"
Info (12021): Found 1 design units, including 1 entities, in source file db/altsyncram_6t71.tdf
    Info (12023): Found entity 1: altsyncram_6t71 File: C:/Users/jose_/Documents/UPV/MUISE_21_22/SID-Laboratories/Tarea3/funcion_tanh_vhdl/db/altsyncram_6t71.tdf Line: 27
Warning (13024): Output pins are stuck at VCC or GND
    Warning (13410): Pin "result[0]" is stuck at GND File: C:/Users/jose_/Documents/UPV/MUISE_21_22/SID-Laboratories/Tarea3/funcion_tanh_vhdl/ROM_sincrona_tanh.vhd Line: 72
    Warning (13410): Pin "result[1]" is stuck at GND File: C:/Users/jose_/Documents/UPV/MUISE_21_22/SID-Laboratories/Tarea3/funcion_tanh_vhdl/ROM_sincrona_tanh.vhd Line: 72
    Warning (13410): Pin "result[2]" is stuck at GND File: C:/Users/jose_/Documents/UPV/MUISE_21_22/SID-Laboratories/Tarea3/funcion_tanh_vhdl/ROM_sincrona_tanh.vhd Line: 72
    Warning (13410): Pin "result[3]" is stuck at GND File: C:/Users/jose_/Documents/UPV/MUISE_21_22/SID-Laboratories/Tarea3/funcion_tanh_vhdl/ROM_sincrona_tanh.vhd Line: 72
Info (286030): Timing-Driven Synthesis is running
Info (16010): Generating hard_block partition "hard_block:auto_generated_inst"
    Info (16011): Adding 0 node(s), including 0 DDIO, 0 PLL, 0 transceiver and 0 LCELL
Info (21057): Implemented 498 device resources after synthesis - the final resource count might be different
    Info (21058): Implemented 33 input pins
    Info (21059): Implemented 32 output pins
    Info (21061): Implemented 413 logic cells
    Info (21064): Implemented 20 RAM segments
Info: Quartus Prime Analysis & Synthesis was successful. 0 errors, 25 warnings
    Info: Peak virtual memory: 4879 megabytes
    Info: Processing ended: Sat Apr 23 17:20:58 2022
    Info: Elapsed time: 00:00:21
    Info: Total CPU time (on all processors): 00:00:38


